Archive member included to satisfy reference by file (symbol)

d:/developper/mcu/stm32/env/gcc-arm-none-eabi-9-2019-q4/bin/../lib/gcc/arm-none-eabi/9.2.1/../../../../arm-none-eabi/lib/thumb/v7e-m/nofp\libstdc++.a(class_type_info.o)
                              CMakeFiles/STM32F4.elf.dir/Port/lcd_stm32.cpp.obj (vtable for __cxxabiv1::__class_type_info)
d:/developper/mcu/stm32/env/gcc-arm-none-eabi-9-2019-q4/bin/../lib/gcc/arm-none-eabi/9.2.1/../../../../arm-none-eabi/lib/thumb/v7e-m/nofp\libstdc++.a(del_ops.o)
                              d:/developper/mcu/stm32/env/gcc-arm-none-eabi-9-2019-q4/bin/../lib/gcc/arm-none-eabi/9.2.1/../../../../arm-none-eabi/lib/thumb/v7e-m/nofp\libstdc++.a(class_type_info.o) (operator delete(void*, unsigned int))
d:/developper/mcu/stm32/env/gcc-arm-none-eabi-9-2019-q4/bin/../lib/gcc/arm-none-eabi/9.2.1/../../../../arm-none-eabi/lib/thumb/v7e-m/nofp\libstdc++.a(si_class_type_info.o)
                              CMakeFiles/STM32F4.elf.dir/Port/lcd_stm32.cpp.obj (vtable for __cxxabiv1::__si_class_type_info)
d:/developper/mcu/stm32/env/gcc-arm-none-eabi-9-2019-q4/bin/../lib/gcc/arm-none-eabi/9.2.1/../../../../arm-none-eabi/lib/thumb/v7e-m/nofp\libstdc++.a(tinfo.o)
                              d:/developper/mcu/stm32/env/gcc-arm-none-eabi-9-2019-q4/bin/../lib/gcc/arm-none-eabi/9.2.1/../../../../arm-none-eabi/lib/thumb/v7e-m/nofp\libstdc++.a(class_type_info.o) (std::type_info::~type_info())
d:/developper/mcu/stm32/env/gcc-arm-none-eabi-9-2019-q4/bin/../lib/gcc/arm-none-eabi/9.2.1/../../../../arm-none-eabi/lib/thumb/v7e-m/nofp\libstdc++.a(del_op.o)
                              d:/developper/mcu/stm32/env/gcc-arm-none-eabi-9-2019-q4/bin/../lib/gcc/arm-none-eabi/9.2.1/../../../../arm-none-eabi/lib/thumb/v7e-m/nofp\libstdc++.a(del_ops.o) (operator delete(void*))
d:/developper/mcu/stm32/env/gcc-arm-none-eabi-9-2019-q4/bin/../lib/gcc/arm-none-eabi/9.2.1/thumb/v7e-m/nofp\libgcc.a(_arm_muldf3.o)
                              CMakeFiles/STM32F4.elf.dir/Core/Src/lcd.c.obj (__aeabi_dmul)
d:/developper/mcu/stm32/env/gcc-arm-none-eabi-9-2019-q4/bin/../lib/gcc/arm-none-eabi/9.2.1/thumb/v7e-m/nofp\libgcc.a(_arm_mulsf3.o)
                              CMakeFiles/STM32F4.elf.dir/Core/Src/main.c.obj (__aeabi_fmul)
d:/developper/mcu/stm32/env/gcc-arm-none-eabi-9-2019-q4/bin/../lib/gcc/arm-none-eabi/9.2.1/thumb/v7e-m/nofp\libgcc.a(_arm_addsubdf3.o)
                              CMakeFiles/STM32F4.elf.dir/Core/Src/lcd.c.obj (__aeabi_i2d)
d:/developper/mcu/stm32/env/gcc-arm-none-eabi-9-2019-q4/bin/../lib/gcc/arm-none-eabi/9.2.1/thumb/v7e-m/nofp\libgcc.a(_arm_fixunsdfsi.o)
                              CMakeFiles/STM32F4.elf.dir/Core/Src/lcd.c.obj (__aeabi_d2uiz)
d:/developper/mcu/stm32/env/gcc-arm-none-eabi-9-2019-q4/bin/../lib/gcc/arm-none-eabi/9.2.1/thumb/v7e-m/nofp\libgcc.a(_arm_addsubsf3.o)
                              CMakeFiles/STM32F4.elf.dir/Core/Src/main.c.obj (__aeabi_fadd)
d:/developper/mcu/stm32/env/gcc-arm-none-eabi-9-2019-q4/bin/../lib/gcc/arm-none-eabi/9.2.1/thumb/v7e-m/nofp\libgcc.a(_arm_muldivsf3.o)
                              CMakeFiles/STM32F4.elf.dir/Core/Src/main.c.obj (__aeabi_fdiv)
d:/developper/mcu/stm32/env/gcc-arm-none-eabi-9-2019-q4/bin/../lib/gcc/arm-none-eabi/9.2.1/thumb/v7e-m/nofp\libgcc.a(_aeabi_uldivmod.o)
                              CMakeFiles/STM32F4.elf.dir/Drivers/STM32F4xx_HAL_Driver/Src/stm32f4xx_hal_rcc.c.obj (__aeabi_uldivmod)
d:/developper/mcu/stm32/env/gcc-arm-none-eabi-9-2019-q4/bin/../lib/gcc/arm-none-eabi/9.2.1/thumb/v7e-m/nofp\libgcc.a(_udivmoddi4.o)
                              d:/developper/mcu/stm32/env/gcc-arm-none-eabi-9-2019-q4/bin/../lib/gcc/arm-none-eabi/9.2.1/thumb/v7e-m/nofp\libgcc.a(_aeabi_uldivmod.o) (__udivmoddi4)
d:/developper/mcu/stm32/env/gcc-arm-none-eabi-9-2019-q4/bin/../lib/gcc/arm-none-eabi/9.2.1/thumb/v7e-m/nofp\libgcc.a(unwind-arm.o)
                              CMakeFiles/STM32F4.elf.dir/Ctrl/Signal/led_base.cpp.obj (__aeabi_unwind_cpp_pr0)
d:/developper/mcu/stm32/env/gcc-arm-none-eabi-9-2019-q4/bin/../lib/gcc/arm-none-eabi/9.2.1/thumb/v7e-m/nofp\libgcc.a(libunwind.o)
                              d:/developper/mcu/stm32/env/gcc-arm-none-eabi-9-2019-q4/bin/../lib/gcc/arm-none-eabi/9.2.1/thumb/v7e-m/nofp\libgcc.a(unwind-arm.o) (restore_core_regs)
d:/developper/mcu/stm32/env/gcc-arm-none-eabi-9-2019-q4/bin/../lib/gcc/arm-none-eabi/9.2.1/thumb/v7e-m/nofp\libgcc.a(pr-support.o)
                              d:/developper/mcu/stm32/env/gcc-arm-none-eabi-9-2019-q4/bin/../lib/gcc/arm-none-eabi/9.2.1/thumb/v7e-m/nofp\libgcc.a(unwind-arm.o) (__gnu_unwind_execute)
d:/developper/mcu/stm32/env/gcc-arm-none-eabi-9-2019-q4/bin/../lib/gcc/arm-none-eabi/9.2.1/thumb/v7e-m/nofp\libgcc.a(_dvmd_tls.o)
                              d:/developper/mcu/stm32/env/gcc-arm-none-eabi-9-2019-q4/bin/../lib/gcc/arm-none-eabi/9.2.1/thumb/v7e-m/nofp\libgcc.a(_aeabi_uldivmod.o) (__aeabi_ldiv0)
[...]
Memory Configuration

Name             Origin             Length             Attributes
CCMRAM           0x10000000         0x00010000         xrw
RAM              0x20000000         0x00020000         xrw
FLASH            0x08000000         0x00100000         xr
*default*        0x00000000         0xffffffff

Linker script and memory map

LOAD d:/developper/mcu/stm32/env/gcc-arm-none-eabi-9-2019-q4/bin/../lib/gcc/arm-none-eabi/9.2.1/thumb/v7e-m/nofp/crti.o
LOAD d:/developper/mcu/stm32/env/gcc-arm-none-eabi-9-2019-q4/bin/../lib/gcc/arm-none-eabi/9.2.1/thumb/v7e-m/nofp/crtbegin.o
LOAD d:/developper/mcu/stm32/env/gcc-arm-none-eabi-9-2019-q4/bin/../lib/gcc/arm-none-eabi/9.2.1/../../../../arm-none-eabi/lib/thumb/v7e-m/nofp/crt0.o
LOAD CMakeFiles/STM32F4.elf.dir/Core/Src/adc.c.obj
LOAD CMakeFiles/STM32F4.elf.dir/Core/Src/dma.c.obj
LOAD CMakeFiles/STM32F4.elf.dir/Core/Src/fsmc.c.obj
LOAD CMakeFiles/STM32F4.elf.dir/Core/Src/gpio.c.obj
LOAD CMakeFiles/STM32F4.elf.dir/Core/Src/lcd.c.obj
LOAD CMakeFiles/STM32F4.elf.dir/Core/Src/main.c.obj
LOAD CMakeFiles/STM32F4.elf.dir/Core/Src/stm32f4xx_hal_msp.c.obj
LOAD CMakeFiles/STM32F4.elf.dir/Core/Src/stm32f4xx_it.c.obj
LOAD CMakeFiles/STM32F4.elf.dir/Core/Src/syscalls.c.obj
LOAD CMakeFiles/STM32F4.elf.dir/Core/Src/sysmem.c.obj
LOAD CMakeFiles/STM32F4.elf.dir/Core/Src/system_stm32f4xx.c.obj
LOAD CMakeFiles/STM32F4.elf.dir/Core/Src/tim.c.obj
LOAD CMakeFiles/STM32F4.elf.dir/Core/Src/usart.c.obj
LOAD CMakeFiles/STM32F4.elf.dir/Core/Startup/startup_stm32f407zgtx.s.obj
LOAD CMakeFiles/STM32F4.elf.dir/Ctrl/Signal/lcd_base.cpp.obj
LOAD CMakeFiles/STM32F4.elf.dir/Ctrl/Signal/led_base.cpp.obj
LOAD CMakeFiles/STM32F4.elf.dir/Drivers/STM32F4xx_HAL_Driver/Src/stm32f4xx_hal.c.obj
LOAD CMakeFiles/STM32F4.elf.dir/Drivers/STM32F4xx_HAL_Driver/Src/stm32f4xx_hal_adc.c.obj
LOAD CMakeFiles/STM32F4.elf.dir/Drivers/STM32F4xx_HAL_Driver/Src/stm32f4xx_hal_adc_ex.c.obj
LOAD CMakeFiles/STM32F4.elf.dir/Drivers/STM32F4xx_HAL_Driver/Src/stm32f4xx_hal_cortex.c.obj
LOAD CMakeFiles/STM32F4.elf.dir/Drivers/STM32F4xx_HAL_Driver/Src/stm32f4xx_hal_dma.c.obj
LOAD CMakeFiles/STM32F4.elf.dir/Drivers/STM32F4xx_HAL_Driver/Src/stm32f4xx_hal_dma_ex.c.obj
LOAD CMakeFiles/STM32F4.elf.dir/Drivers/STM32F4xx_HAL_Driver/Src/stm32f4xx_hal_exti.c.obj
LOAD CMakeFiles/STM32F4.elf.dir/Drivers/STM32F4xx_HAL_Driver/Src/stm32f4xx_hal_flash.c.obj
LOAD CMakeFiles/STM32F4.elf.dir/Drivers/STM32F4xx_HAL_Driver/Src/stm32f4xx_hal_flash_ex.c.obj
LOAD CMakeFiles/STM32F4.elf.dir/Drivers/STM32F4xx_HAL_Driver/Src/stm32f4xx_hal_flash_ramfunc.c.obj
LOAD CMakeFiles/STM32F4.elf.dir/Drivers/STM32F4xx_HAL_Driver/Src/stm32f4xx_hal_gpio.c.obj
LOAD CMakeFiles/STM32F4.elf.dir/Drivers/STM32F4xx_HAL_Driver/Src/stm32f4xx_hal_pwr.c.obj
LOAD CMakeFiles/STM32F4.elf.dir/Drivers/STM32F4xx_HAL_Driver/Src/stm32f4xx_hal_pwr_ex.c.obj
LOAD CMakeFiles/STM32F4.elf.dir/Drivers/STM32F4xx_HAL_Driver/Src/stm32f4xx_hal_rcc.c.obj
LOAD CMakeFiles/STM32F4.elf.dir/Drivers/STM32F4xx_HAL_Driver/Src/stm32f4xx_hal_rcc_ex.c.obj
LOAD CMakeFiles/STM32F4.elf.dir/Drivers/STM32F4xx_HAL_Driver/Src/stm32f4xx_hal_sram.c.obj
LOAD CMakeFiles/STM32F4.elf.dir/Drivers/STM32F4xx_HAL_Driver/Src/stm32f4xx_hal_tim.c.obj
LOAD CMakeFiles/STM32F4.elf.dir/Drivers/STM32F4xx_HAL_Driver/Src/stm32f4xx_hal_tim_ex.c.obj
LOAD CMakeFiles/STM32F4.elf.dir/Drivers/STM32F4xx_HAL_Driver/Src/stm32f4xx_hal_uart.c.obj
LOAD CMakeFiles/STM32F4.elf.dir/Drivers/STM32F4xx_HAL_Driver/Src/stm32f4xx_ll_adc.c.obj
LOAD CMakeFiles/STM32F4.elf.dir/Drivers/STM32F4xx_HAL_Driver/Src/stm32f4xx_ll_fsmc.c.obj
LOAD CMakeFiles/STM32F4.elf.dir/Port/Platform/retarget.c.obj
LOAD CMakeFiles/STM32F4.elf.dir/Port/lcd_stm32.cpp.obj
LOAD CMakeFiles/STM32F4.elf.dir/Port/led_stm32.cpp.obj
LOAD CMakeFiles/STM32F4.elf.dir/UserApp/main.cpp.obj
LOAD CMakeFiles/STM32F4.elf.dir/UserApp/protocols/interface_uart.cpp.obj
LOAD d:/developper/mcu/stm32/env/gcc-arm-none-eabi-9-2019-q4/bin/../lib/gcc/arm-none-eabi/9.2.1/../../../../arm-none-eabi/lib/thumb/v7e-m/nofp\libstdc++.a
LOAD d:/developper/mcu/stm32/env/gcc-arm-none-eabi-9-2019-q4/bin/../lib/gcc/arm-none-eabi/9.2.1/../../../../arm-none-eabi/lib/thumb/v7e-m/nofp\libm.a
START GROUP
LOAD d:/developper/mcu/stm32/env/gcc-arm-none-eabi-9-2019-q4/bin/../lib/gcc/arm-none-eabi/9.2.1/thumb/v7e-m/nofp\libgcc.a
LOAD d:/developper/mcu/stm32/env/gcc-arm-none-eabi-9-2019-q4/bin/../lib/gcc/arm-none-eabi/9.2.1/../../../../arm-none-eabi/lib/thumb/v7e-m/nofp\libg.a
LOAD d:/developper/mcu/stm32/env/gcc-arm-none-eabi-9-2019-q4/bin/../lib/gcc/arm-none-eabi/9.2.1/../../../../arm-none-eabi/lib/thumb/v7e-m/nofp\libc.a
END GROUP
LOAD d:/developper/mcu/stm32/env/gcc-arm-none-eabi-9-2019-q4/bin/../lib/gcc/arm-none-eabi/9.2.1/thumb/v7e-m/nofp/crtend.o
LOAD d:/developper/mcu/stm32/env/gcc-arm-none-eabi-9-2019-q4/bin/../lib/gcc/arm-none-eabi/9.2.1/thumb/v7e-m/nofp/crtn.o
                0x20020000                _estack = (ORIGIN (RAM) + LENGTH (RAM))
                0x00000200                _Min_Heap_Size = 0x200
                0x00000400                _Min_Stack_Size = 0x400

.isr_vector     0x08000000      0x188
                0x08000000                . = ALIGN (0x4)
 *(.isr_vector)
 .isr_vector    0x08000000      0x188 CMakeFiles/STM32F4.elf.dir/Core/Startup/startup_stm32f407zgtx.s.obj
                0x08000000                g_pfnVectors
                0x08000188                . = ALIGN (0x4)

.text           0x080001c0     0xe3a4
                0x080001c0                . = ALIGN (0x4)
 *(.text)
 .text          0x080001c0       0x40 d:/developper/mcu/stm32/env/gcc-arm-none-eabi-9-2019-q4/bin/../lib/gcc/arm-none-eabi/9.2.1/thumb/v7e-m/nofp/crtbegin.o
 .text          0x08000200      0x378 d:/developper/mcu/stm32/env/gcc-arm-none-eabi-9-2019-q4/bin/../lib/gcc/arm-none-eabi/9.2.1/thumb/v7e-m/nofp\libgcc.a(_arm_addsubdf3.o)
                0x08000200                __aeabi_drsub
                0x08000208                __aeabi_dsub
                0x08000208                __subdf3
                0x0800020c                __aeabi_dadd
                0x0800020c                __adddf3
                0x08000484                __floatunsidf
                0x08000484                __aeabi_ui2d
                0x080004a4                __floatsidf
                0x080004a4                __aeabi_i2d
                0x080004c8                __aeabi_f2d
                0x080004c8                __extendsfdf2
                0x0800050c                __floatundidf
                0x0800050c                __aeabi_ul2d
                0x0800051c                __floatdidf
                0x0800051c                __aeabi_l2d
 .text          0x08000578       0x40 d:/developper/mcu/stm32/env/gcc-arm-none-eabi-9-2019-q4/bin/../lib/gcc/arm-none-eabi/9.2.1/thumb/v7e-m/nofp\libgcc.a(_arm_fixunsdfsi.o)
                0x08000578                __aeabi_d2uiz
                0x08000578                __fixunsdfsi
 .text          0x080005b8      0x21c d:/developper/mcu/stm32/env/gcc-arm-none-eabi-9-2019-q4/bin/../lib/gcc/arm-none-eabi/9.2.1/thumb/v7e-m/nofp\libgcc.a(_arm_addsubsf3.o)
                0x080005b8                __aeabi_frsub
                0x080005c0                __subsf3
                0x080005c0                __aeabi_fsub
                0x080005c4                __aeabi_fadd
                0x080005c4                __addsf3
                0x08000724                __aeabi_ui2f
                0x08000724                __floatunsisf
                0x0800072c                __aeabi_i2f
                0x0800072c                __floatsisf
                0x08000748                __aeabi_ul2f
                0x08000748                __floatundisf
                0x08000758                __aeabi_l2f
                0x08000758                __floatdisf
 .text          0x080007d4      0x2a0 d:/developper/mcu/stm32/env/gcc-arm-none-eabi-9-2019-q4/bin/../lib/gcc/arm-none-eabi/9.2.1/thumb/v7e-m/nofp\libgcc.a(_arm_muldivsf3.o)
                0x080007d4                __mulsf3
                0x080007d4                __aeabi_fmul
                0x0800093c                __aeabi_fdiv
                0x0800093c                __divsf3
 .text          0x08000a74       0x30 d:/developper/mcu/stm32/env/gcc-arm-none-eabi-9-2019-q4/bin/../lib/gcc/arm-none-eabi/9.2.1/thumb/v7e-m/nofp\libgcc.a(_aeabi_uldivmod.o)
                0x08000a74                __aeabi_uldivmod
 .text          0x08000aa4      0x2c0 d:/developper/mcu/stm32/env/gcc-arm-none-eabi-9-2019-q4/bin/../lib/gcc/arm-none-eabi/9.2.1/thumb/v7e-m/nofp\libgcc.a(_udivmoddi4.o)
                0x08000aa4                __udivmoddi4
 .text          0x08000d64      0x9b8 d:/developper/mcu/stm32/env/gcc-arm-none-eabi-9-2019-q4/bin/../lib/gcc/arm-none-eabi/9.2.1/thumb/v7e-m/nofp\libgcc.a(unwind-arm.o)
                0x0800100c                _Unwind_GetCFA
                0x08001010                __gnu_Unwind_RaiseException
                0x08001070                __gnu_Unwind_ForcedUnwind
                0x08001084                __gnu_Unwind_Resume
                0x080010c8                __gnu_Unwind_Resume_or_Rethrow
                0x080010d8                _Unwind_Complete
                0x080010dc                _Unwind_DeleteException
                0x080010e8                _Unwind_VRS_Get
                0x08001130                _Unwind_VRS_Set
                0x08001178                __gnu_Unwind_Backtrace
                0x08001498                __aeabi_unwind_cpp_pr0
                0x0800149c                __aeabi_unwind_cpp_pr1
                0x080014a0                __aeabi_unwind_cpp_pr2
                0x080014a4                _Unwind_VRS_Pop
 .text          0x0800171c      0x1ac d:/developper/mcu/stm32/env/gcc-arm-none-eabi-9-2019-q4/bin/../lib/gcc/arm-none-eabi/9.2.1/thumb/v7e-m/nofp\libgcc.a(libunwind.o)
                0x0800171c                __restore_core_regs
                0x0800171c                restore_core_regs
                0x08001734                __gnu_Unwind_Restore_VFP
                0x0800173c                __gnu_Unwind_Save_VFP
                0x08001744                __gnu_Unwind_Restore_VFP_D
                0x0800174c                __gnu_Unwind_Save_VFP_D
                0x08001754                __gnu_Unwind_Restore_VFP_D_16_to_31
                0x0800175c                __gnu_Unwind_Save_VFP_D_16_to_31
                0x08001764                __gnu_Unwind_Restore_WMMXD
                0x080017a8                __gnu_Unwind_Save_WMMXD
                0x080017ec                __gnu_Unwind_Restore_WMMXC
                0x08001800                __gnu_Unwind_Save_WMMXC
                0x08001814                ___Unwind_RaiseException
                0x08001814                _Unwind_RaiseException
                0x08001838                _Unwind_Resume
                0x08001838                ___Unwind_Resume
                0x0800185c                _Unwind_Resume_or_Rethrow
                0x0800185c                ___Unwind_Resume_or_Rethrow
                0x08001880                _Unwind_ForcedUnwind
                0x08001880                ___Unwind_ForcedUnwind
                0x080018a4                ___Unwind_Backtrace
                0x080018a4                _Unwind_Backtrace
 .text          0x080018c8      0x340 d:/developper/mcu/stm32/env/gcc-arm-none-eabi-9-2019-q4/bin/../lib/gcc/arm-none-eabi/9.2.1/thumb/v7e-m/nofp\libgcc.a(pr-support.o)
                0x08001920                __gnu_unwind_execute
                0x08001bbc                __gnu_unwind_frame
                0x08001be8                _Unwind_GetRegionStart
                0x08001bf4                _Unwind_GetLanguageSpecificData
 .text          0x08001c08        0x4 d:/developper/mcu/stm32/env/gcc-arm-none-eabi-9-2019-q4/bin/../lib/gcc/arm-none-eabi/9.2.1/thumb/v7e-m/nofp\libgcc.a(_dvmd_tls.o)
                0x08001c08                __aeabi_idiv0
                0x08001c08                __aeabi_ldiv0
 .text          0x08001c0c      0x134 d:/developper/mcu/stm32/env/gcc-arm-none-eabi-9-2019-q4/bin/../lib/gcc/arm-none-eabi/9.2.1/../../../../arm-none-eabi/lib/thumb/v7e-m/nofp\libg.a(lib_a-memcpy.o)
                0x08001c0c                memcpy
 .text          0x08001d40      0x2dc d:/developper/mcu/stm32/env/gcc-arm-none-eabi-9-2019-q4/bin/../lib/gcc/arm-none-eabi/9.2.1/../../../../arm-none-eabi/lib/thumb/v7e-m/nofp\libg.a(lib_a-strcmp.o)
                0x08001d48                strcmp
 *fill*         0x0800201c        0x4 
 .text          0x08002020       0xa0 d:/developper/mcu/stm32/env/gcc-arm-none-eabi-9-2019-q4/bin/../lib/gcc/arm-none-eabi/9.2.1/../../../../arm-none-eabi/lib/thumb/v7e-m/nofp\libg.a(lib_a-memchr.o)
                0x08002020                memchr
 .text          0x080020c0       0xdc d:/developper/mcu/stm32/env/gcc-arm-none-eabi-9-2019-q4/bin/../lib/gcc/arm-none-eabi/9.2.1/../../../../arm-none-eabi/lib/thumb/v7e-m/nofp\libg.a(lib_a-strlen.o)
                0x080020c0                strlen
 .text          0x0800219c      0x424 d:/developper/mcu/stm32/env/gcc-arm-none-eabi-9-2019-q4/bin/../lib/gcc/arm-none-eabi/9.2.1/thumb/v7e-m/nofp\libgcc.a(_arm_muldivdf3.o)
                0x0800219c                __aeabi_dmul
                0x0800219c                __muldf3
                0x080023f0                __divdf3
                0x080023f0                __aeabi_ddiv
 .text          0x080025c0      0x110 d:/developper/mcu/stm32/env/gcc-arm-none-eabi-9-2019-q4/bin/../lib/gcc/arm-none-eabi/9.2.1/thumb/v7e-m/nofp\libgcc.a(_arm_cmpdf2.o)
                0x080025c0                __gtdf2
                0x080025c0                __gedf2
                0x080025c8                __ltdf2
                0x080025c8                __ledf2
                0x080025d0                __nedf2
                0x080025d0                __eqdf2
                0x080025d0                __cmpdf2
                0x0800264c                __aeabi_cdrcmple
                0x0800265c                __aeabi_cdcmpeq
                0x0800265c                __aeabi_cdcmple
                0x0800266c                __aeabi_dcmpeq
                0x08002680                __aeabi_dcmplt
                0x08002694                __aeabi_dcmple
                0x080026a8                __aeabi_dcmpge
                0x080026bc                __aeabi_dcmpgt
 .text          0x080026d0       0x2c d:/developper/mcu/stm32/env/gcc-arm-none-eabi-9-2019-q4/bin/../lib/gcc/arm-none-eabi/9.2.1/thumb/v7e-m/nofp\libgcc.a(_arm_unorddf2.o)
                0x080026d0                __unorddf2
                0x080026d0                __aeabi_dcmpun
 .text          0x080026fc       0x50 d:/developper/mcu/stm32/env/gcc-arm-none-eabi-9-2019-q4/bin/../lib/gcc/arm-none-eabi/9.2.1/thumb/v7e-m/nofp\libgcc.a(_arm_fixdfsi.o)
                0x080026fc                __aeabi_d2iz
                0x080026fc                __fixdfsi
 *(.text*)
 .text.MX_ADC1_Init
                0x0800274c       0x70 CMakeFiles/STM32F4.elf.dir/Core/Src/adc.c.obj
                0x0800274c                MX_ADC1_Init
 .text.HAL_ADC_MspInit
                0x080027bc       0xb0 CMakeFiles/STM32F4.elf.dir/Core/Src/adc.c.obj
                0x080027bc                HAL_ADC_MspInit
 .text.MX_DMA_Init
                0x0800286c       0x54 CMakeFiles/STM32F4.elf.dir/Core/Src/dma.c.obj
                0x0800286c                MX_DMA_Init
 .text.HAL_FSMC_MspInit
                0x080028c0       0xa4 CMakeFiles/STM32F4.elf.dir/Core/Src/fsmc.c.obj
 .text.MX_FSMC_Init
                0x08002964       0x7c CMakeFiles/STM32F4.elf.dir/Core/Src/fsmc.c.obj
                0x08002964                MX_FSMC_Init
 .text.HAL_SRAM_MspInit
                0x080029e0        0x8 CMakeFiles/STM32F4.elf.dir/Core/Src/fsmc.c.obj
                0x080029e0                HAL_SRAM_MspInit
 .text.MX_GPIO_Init
                0x080029e8       0xf4 CMakeFiles/STM32F4.elf.dir/Core/Src/gpio.c.obj
                0x080029e8                MX_GPIO_Init
 .text.LCD_WR_REG
                0x08002adc       0x24 CMakeFiles/STM32F4.elf.dir/Core/Src/lcd.c.obj
                0x08002adc                LCD_WR_REG
 .text.LCD_WR_DATA
                0x08002b00       0x24 CMakeFiles/STM32F4.elf.dir/Core/Src/lcd.c.obj
                0x08002b00                LCD_WR_DATA
 .text.LCD_RD_DATA
                0x08002b24       0x1c CMakeFiles/STM32F4.elf.dir/Core/Src/lcd.c.obj
                0x08002b24                LCD_RD_DATA
 .text.LCD_WriteReg
                0x08002b40        0xc CMakeFiles/STM32F4.elf.dir/Core/Src/lcd.c.obj
                0x08002b40                LCD_WriteReg
 .text.LCD_ReadReg
                0x08002b4c       0x12 CMakeFiles/STM32F4.elf.dir/Core/Src/lcd.c.obj
                0x08002b4c                LCD_ReadReg
 *fill*         0x08002b5e        0x2 
 .text.LCD_WriteRAM_Prepare
                0x08002b60       0x14 CMakeFiles/STM32F4.elf.dir/Core/Src/lcd.c.obj
                0x08002b60                LCD_WriteRAM_Prepare
 .text.LCD_SetCursor
                0x08002b74      0x190 CMakeFiles/STM32F4.elf.dir/Core/Src/lcd.c.obj
                0x08002b74                LCD_SetCursor
 .text.LCD_Scan_Dir
                0x08002d04      0x260 CMakeFiles/STM32F4.elf.dir/Core/Src/lcd.c.obj
                0x08002d04                LCD_Scan_Dir
 *fill*         0x08002f64        0x4 
 .text.LCD_SSD_BackLightSet
                0x08002f68       0x50 CMakeFiles/STM32F4.elf.dir/Core/Src/lcd.c.obj
                0x08002f68                LCD_SSD_BackLightSet
 .text.LCD_Display_Dir
                0x08002fb8      0x18c CMakeFiles/STM32F4.elf.dir/Core/Src/lcd.c.obj
                0x08002fb8                LCD_Display_Dir
 .text.LCD_Clear
                0x08003144       0x6c CMakeFiles/STM32F4.elf.dir/Core/Src/lcd.c.obj
                0x08003144                LCD_Clear
 .text.LCD_Init
                0x080031b0     0x3614 CMakeFiles/STM32F4.elf.dir/Core/Src/lcd.c.obj
                0x080031b0                LCD_Init
 .text.Error_Handler
                0x080067c4        0x4 CMakeFiles/STM32F4.elf.dir/Core/Src/main.c.obj
                0x080067c4                Error_Handler
 .text.SystemClock_Config
                0x080067c8       0xa4 CMakeFiles/STM32F4.elf.dir/Core/Src/main.c.obj
                0x080067c8                SystemClock_Config
 .text.main     0x0800686c       0xbc CMakeFiles/STM32F4.elf.dir/Core/Src/main.c.obj
                0x0800686c                main
 .text.HAL_MspInit
                0x08006928       0x38 CMakeFiles/STM32F4.elf.dir/Core/Src/stm32f4xx_hal_msp.c.obj
                0x08006928                HAL_MspInit
 .text.NMI_Handler
                0x08006960        0x2 CMakeFiles/STM32F4.elf.dir/Core/Src/stm32f4xx_it.c.obj
                0x08006960                NMI_Handler
 .text.HardFault_Handler
                0x08006962        0x2 CMakeFiles/STM32F4.elf.dir/Core/Src/stm32f4xx_it.c.obj
                0x08006962                HardFault_Handler
 .text.MemManage_Handler
                0x08006964        0x2 CMakeFiles/STM32F4.elf.dir/Core/Src/stm32f4xx_it.c.obj
                0x08006964                MemManage_Handler
 .text.BusFault_Handler
                0x08006966        0x2 CMakeFiles/STM32F4.elf.dir/Core/Src/stm32f4xx_it.c.obj
                0x08006966                BusFault_Handler
 .text.UsageFault_Handler
                0x08006968        0x2 CMakeFiles/STM32F4.elf.dir/Core/Src/stm32f4xx_it.c.obj
                0x08006968                UsageFault_Handler
 .text.SVC_Handler
                0x0800696a        0x2 CMakeFiles/STM32F4.elf.dir/Core/Src/stm32f4xx_it.c.obj
                0x0800696a                SVC_Handler
 .text.DebugMon_Handler
                0x0800696c        0x2 CMakeFiles/STM32F4.elf.dir/Core/Src/stm32f4xx_it.c.obj
                0x0800696c                DebugMon_Handler
 .text.PendSV_Handler
                0x0800696e        0x2 CMakeFiles/STM32F4.elf.dir/Core/Src/stm32f4xx_it.c.obj
                0x0800696e                PendSV_Handler
 .text.SysTick_Handler
                0x08006970        0x8 CMakeFiles/STM32F4.elf.dir/Core/Src/stm32f4xx_it.c.obj
                0x08006970                SysTick_Handler
 .text.TIM1_UP_TIM10_IRQHandler
                0x08006978        0x8 CMakeFiles/STM32F4.elf.dir/Core/Src/stm32f4xx_it.c.obj
                0x08006978                TIM1_UP_TIM10_IRQHandler
 .text.USART1_IRQHandler
                0x08006980       0x10 CMakeFiles/STM32F4.elf.dir/Core/Src/stm32f4xx_it.c.obj
                0x08006980                USART1_IRQHandler
 .text.DMA2_Stream0_IRQHandler
                0x08006990       0x10 CMakeFiles/STM32F4.elf.dir/Core/Src/stm32f4xx_it.c.obj
                0x08006990                DMA2_Stream0_IRQHandler
 .text.DMA2_Stream2_IRQHandler
                0x080069a0       0x10 CMakeFiles/STM32F4.elf.dir/Core/Src/stm32f4xx_it.c.obj
                0x080069a0                DMA2_Stream2_IRQHandler
 .text.DMA2_Stream7_IRQHandler
                0x080069b0       0x10 CMakeFiles/STM32F4.elf.dir/Core/Src/stm32f4xx_it.c.obj
                0x080069b0                DMA2_Stream7_IRQHandler
 .text._getpid  0x080069c0        0x4 CMakeFiles/STM32F4.elf.dir/Core/Src/syscalls.c.obj
                0x080069c0                _getpid
 .text._kill    0x080069c4       0x10 CMakeFiles/STM32F4.elf.dir/Core/Src/syscalls.c.obj
                0x080069c4                _kill
 .text._exit    0x080069d4        0xc CMakeFiles/STM32F4.elf.dir/Core/Src/syscalls.c.obj
                0x080069d4                _exit
 .text._sbrk    0x080069e0       0x48 CMakeFiles/STM32F4.elf.dir/Core/Src/sysmem.c.obj
                0x080069e0                _sbrk
 .text.SystemInit
                0x08006a28        0x2 CMakeFiles/STM32F4.elf.dir/Core/Src/system_stm32f4xx.c.obj
                0x08006a28                SystemInit
 *fill*         0x08006a2a        0x2 
 .text.MX_TIM1_Init
                0x08006a2c       0x74 CMakeFiles/STM32F4.elf.dir/Core/Src/tim.c.obj
                0x08006a2c                MX_TIM1_Init
 .text.MX_TIM7_Init
                0x08006aa0       0x4c CMakeFiles/STM32F4.elf.dir/Core/Src/tim.c.obj
                0x08006aa0                MX_TIM7_Init
 .text.HAL_TIM_Base_MspInit
                0x08006aec       0x68 CMakeFiles/STM32F4.elf.dir/Core/Src/tim.c.obj
                0x08006aec                HAL_TIM_Base_MspInit
 .text.delay_us
                0x08006b54       0x30 CMakeFiles/STM32F4.elf.dir/Core/Src/tim.c.obj
                0x08006b54                delay_us
 .text.MX_USART1_UART_Init
                0x08006b84       0x58 CMakeFiles/STM32F4.elf.dir/Core/Src/usart.c.obj
                0x08006b84                MX_USART1_UART_Init
 .text.HAL_UART_MspInit
                0x08006bdc       0xfc CMakeFiles/STM32F4.elf.dir/Core/Src/usart.c.obj
                0x08006bdc                HAL_UART_MspInit
 .text.Reset_Handler
                0x08006cd8       0x50 CMakeFiles/STM32F4.elf.dir/Core/Startup/startup_stm32f407zgtx.s.obj
                0x08006cd8                Reset_Handler
 .text.Default_Handler
                0x08006d28        0x2 CMakeFiles/STM32F4.elf.dir/Core/Startup/startup_stm32f407zgtx.s.obj
                0x08006d28                RTC_Alarm_IRQHandler
                0x08006d28                HASH_RNG_IRQHandler
                0x08006d28                EXTI2_IRQHandler
                0x08006d28                TIM8_CC_IRQHandler
                0x08006d28                TIM1_CC_IRQHandler
                0x08006d28                DMA2_Stream5_IRQHandler
                0x08006d28                DMA1_Stream5_IRQHandler
                0x08006d28                PVD_IRQHandler
                0x08006d28                SDIO_IRQHandler
                0x08006d28                TAMP_STAMP_IRQHandler
                0x08006d28                CAN2_RX1_IRQHandler
                0x08006d28                EXTI3_IRQHandler
                0x08006d28                TIM8_TRG_COM_TIM14_IRQHandler
                0x08006d28                TIM8_UP_TIM13_IRQHandler
                0x08006d28                I2C3_ER_IRQHandler
                0x08006d28                EXTI0_IRQHandler
                0x08006d28                I2C2_EV_IRQHandler
                0x08006d28                DMA1_Stream2_IRQHandler
                0x08006d28                CAN1_RX0_IRQHandler
                0x08006d28                FPU_IRQHandler
                0x08006d28                OTG_HS_WKUP_IRQHandler
                0x08006d28                CAN2_SCE_IRQHandler
                0x08006d28                SPI1_IRQHandler
                0x08006d28                TIM6_DAC_IRQHandler
                0x08006d28                TIM1_BRK_TIM9_IRQHandler
                0x08006d28                DCMI_IRQHandler
                0x08006d28                CAN2_RX0_IRQHandler
                0x08006d28                DMA2_Stream3_IRQHandler
                0x08006d28                USART6_IRQHandler
                0x08006d28                USART3_IRQHandler
                0x08006d28                CAN1_RX1_IRQHandler
                0x08006d28                UART5_IRQHandler
                0x08006d28                TIM4_IRQHandler
                0x08006d28                I2C1_EV_IRQHandler
                0x08006d28                DMA1_Stream6_IRQHandler
                0x08006d28                DMA1_Stream1_IRQHandler
                0x08006d28                UART4_IRQHandler
                0x08006d28                TIM3_IRQHandler
                0x08006d28                RCC_IRQHandler
                0x08006d28                TIM8_BRK_TIM12_IRQHandler
                0x08006d28                Default_Handler
                0x08006d28                EXTI15_10_IRQHandler
                0x08006d28                ADC_IRQHandler
                0x08006d28                DMA1_Stream7_IRQHandler
                0x08006d28                TIM7_IRQHandler
                0x08006d28                CAN2_TX_IRQHandler
                0x08006d28                TIM5_IRQHandler
                0x08006d28                I2C3_EV_IRQHandler
                0x08006d28                EXTI9_5_IRQHandler
                0x08006d28                RTC_WKUP_IRQHandler
                0x08006d28                ETH_WKUP_IRQHandler
                0x08006d28                SPI2_IRQHandler
                0x08006d28                OTG_HS_EP1_IN_IRQHandler
                0x08006d28                DMA1_Stream0_IRQHandler
                0x08006d28                CAN1_TX_IRQHandler
                0x08006d28                EXTI4_IRQHandler
                0x08006d28                FSMC_IRQHandler
                0x08006d28                ETH_IRQHandler
                0x08006d28                OTG_HS_EP1_OUT_IRQHandler
                0x08006d28                WWDG_IRQHandler
                0x08006d28                TIM2_IRQHandler
                0x08006d28                OTG_FS_WKUP_IRQHandler
                0x08006d28                TIM1_TRG_COM_TIM11_IRQHandler
                0x08006d28                OTG_HS_IRQHandler
                0x08006d28                EXTI1_IRQHandler
                0x08006d28                USART2_IRQHandler
                0x08006d28                I2C2_ER_IRQHandler
                0x08006d28                DMA2_Stream1_IRQHandler
                0x08006d28                CAN1_SCE_IRQHandler
                0x08006d28                FLASH_IRQHandler
                0x08006d28                DMA2_Stream4_IRQHandler
                0x08006d28                OTG_FS_IRQHandler
                0x08006d28                SPI3_IRQHandler
                0x08006d28                DMA1_Stream4_IRQHandler
                0x08006d28                I2C1_ER_IRQHandler
                0x08006d28                DMA2_Stream6_IRQHandler
                0x08006d28                DMA1_Stream3_IRQHandler
 *fill*         0x08006d2a        0x2 
 .text._ZN7LedBase6ToggleEv
                0x08006d2c       0x28 CMakeFiles/STM32F4.elf.dir/Ctrl/Signal/led_base.cpp.obj
                0x08006d2c                LedBase::Toggle()
 .text.HAL_InitTick
                0x08006d54       0x4c CMakeFiles/STM32F4.elf.dir/Drivers/STM32F4xx_HAL_Driver/Src/stm32f4xx_hal.c.obj
                0x08006d54                HAL_InitTick
 .text.HAL_Init
                0x08006da0       0x34 CMakeFiles/STM32F4.elf.dir/Drivers/STM32F4xx_HAL_Driver/Src/stm32f4xx_hal.c.obj
                0x08006da0                HAL_Init
 .text.HAL_IncTick
                0x08006dd4       0x18 CMakeFiles/STM32F4.elf.dir/Drivers/STM32F4xx_HAL_Driver/Src/stm32f4xx_hal.c.obj
                0x08006dd4                HAL_IncTick
 .text.HAL_GetTick
                0x08006dec        0xc CMakeFiles/STM32F4.elf.dir/Drivers/STM32F4xx_HAL_Driver/Src/stm32f4xx_hal.c.obj
                0x08006dec                HAL_GetTick
 .text.HAL_Delay
                0x08006df8       0x28 CMakeFiles/STM32F4.elf.dir/Drivers/STM32F4xx_HAL_Driver/Src/stm32f4xx_hal.c.obj
                0x08006df8                HAL_Delay
 .text.ADC_Init
                0x08006e20      0x134 CMakeFiles/STM32F4.elf.dir/Drivers/STM32F4xx_HAL_Driver/Src/stm32f4xx_hal_adc.c.obj
 .text.HAL_ADC_Init
                0x08006f54       0x56 CMakeFiles/STM32F4.elf.dir/Drivers/STM32F4xx_HAL_Driver/Src/stm32f4xx_hal_adc.c.obj
                0x08006f54                HAL_ADC_Init
 *fill*         0x08006faa        0x2 
 .text.HAL_ADC_Start_DMA
                0x08006fac      0x19c CMakeFiles/STM32F4.elf.dir/Drivers/STM32F4xx_HAL_Driver/Src/stm32f4xx_hal_adc.c.obj
                0x08006fac                HAL_ADC_Start_DMA
 .text.HAL_ADC_ConvCpltCallback
                0x08007148        0x2 CMakeFiles/STM32F4.elf.dir/Drivers/STM32F4xx_HAL_Driver/Src/stm32f4xx_hal_adc.c.obj
                0x08007148                HAL_ADC_ConvCpltCallback
 .text.HAL_ADC_ConvHalfCpltCallback
                0x0800714a        0x2 CMakeFiles/STM32F4.elf.dir/Drivers/STM32F4xx_HAL_Driver/Src/stm32f4xx_hal_adc.c.obj
                0x0800714a                HAL_ADC_ConvHalfCpltCallback
 .text.ADC_DMAHalfConvCplt
                0x0800714c        0xa CMakeFiles/STM32F4.elf.dir/Drivers/STM32F4xx_HAL_Driver/Src/stm32f4xx_hal_adc.c.obj
 .text.HAL_ADC_ErrorCallback
                0x08007156        0x2 CMakeFiles/STM32F4.elf.dir/Drivers/STM32F4xx_HAL_Driver/Src/stm32f4xx_hal_adc.c.obj
                0x08007156                HAL_ADC_ErrorCallback
 .text.ADC_DMAError
                0x08007158       0x16 CMakeFiles/STM32F4.elf.dir/Drivers/STM32F4xx_HAL_Driver/Src/stm32f4xx_hal_adc.c.obj
 .text.ADC_DMAConvCplt
                0x0800716e       0x72 CMakeFiles/STM32F4.elf.dir/Drivers/STM32F4xx_HAL_Driver/Src/stm32f4xx_hal_adc.c.obj
 .text.HAL_ADC_ConfigChannel
                0x080071e0      0x190 CMakeFiles/STM32F4.elf.dir/Drivers/STM32F4xx_HAL_Driver/Src/stm32f4xx_hal_adc.c.obj
                0x080071e0                HAL_ADC_ConfigChannel
 .text.HAL_ADC_GetState
                0x08007370        0x4 CMakeFiles/STM32F4.elf.dir/Drivers/STM32F4xx_HAL_Driver/Src/stm32f4xx_hal_adc.c.obj
                0x08007370                HAL_ADC_GetState
 .text.HAL_NVIC_SetPriorityGrouping
                0x08007374       0x24 CMakeFiles/STM32F4.elf.dir/Drivers/STM32F4xx_HAL_Driver/Src/stm32f4xx_hal_cortex.c.obj
                0x08007374                HAL_NVIC_SetPriorityGrouping
 .text.HAL_NVIC_SetPriority
                0x08007398       0x68 CMakeFiles/STM32F4.elf.dir/Drivers/STM32F4xx_HAL_Driver/Src/stm32f4xx_hal_cortex.c.obj
                0x08007398                HAL_NVIC_SetPriority
 .text.HAL_NVIC_EnableIRQ
                0x08007400       0x1c CMakeFiles/STM32F4.elf.dir/Drivers/STM32F4xx_HAL_Driver/Src/stm32f4xx_hal_cortex.c.obj
                0x08007400                HAL_NVIC_EnableIRQ
 .text.HAL_SYSTICK_Config
                0x0800741c       0x2c CMakeFiles/STM32F4.elf.dir/Drivers/STM32F4xx_HAL_Driver/Src/stm32f4xx_hal_cortex.c.obj
                0x0800741c                HAL_SYSTICK_Config
 .text.DMA_SetConfig
                0x08007448       0x2c CMakeFiles/STM32F4.elf.dir/Drivers/STM32F4xx_HAL_Driver/Src/stm32f4xx_hal_dma.c.obj
 .text.DMA_CalcBaseAndBitshift
                0x08007474       0x40 CMakeFiles/STM32F4.elf.dir/Drivers/STM32F4xx_HAL_Driver/Src/stm32f4xx_hal_dma.c.obj
 .text.DMA_CheckFifoParam
                0x080074b4       0x8e CMakeFiles/STM32F4.elf.dir/Drivers/STM32F4xx_HAL_Driver/Src/stm32f4xx_hal_dma.c.obj
 *fill*         0x08007542        0x2 
 .text.HAL_DMA_Init
                0x08007544       0xcc CMakeFiles/STM32F4.elf.dir/Drivers/STM32F4xx_HAL_Driver/Src/stm32f4xx_hal_dma.c.obj
                0x08007544                HAL_DMA_Init
 .text.HAL_DMA_Start_IT
                0x08007610       0x6a CMakeFiles/STM32F4.elf.dir/Drivers/STM32F4xx_HAL_Driver/Src/stm32f4xx_hal_dma.c.obj
                0x08007610                HAL_DMA_Start_IT
 .text.HAL_DMA_Abort
                0x0800767a       0x94 CMakeFiles/STM32F4.elf.dir/Drivers/STM32F4xx_HAL_Driver/Src/stm32f4xx_hal_dma.c.obj
                0x0800767a                HAL_DMA_Abort
 .text.HAL_DMA_Abort_IT
                0x0800770e       0x26 CMakeFiles/STM32F4.elf.dir/Drivers/STM32F4xx_HAL_Driver/Src/stm32f4xx_hal_dma.c.obj
                0x0800770e                HAL_DMA_Abort_IT
 .text.HAL_DMA_IRQHandler
                0x08007734      0x1dc CMakeFiles/STM32F4.elf.dir/Drivers/STM32F4xx_HAL_Driver/Src/stm32f4xx_hal_dma.c.obj
                0x08007734                HAL_DMA_IRQHandler
 .text.HAL_GPIO_Init
                0x08007910      0x1d4 CMakeFiles/STM32F4.elf.dir/Drivers/STM32F4xx_HAL_Driver/Src/stm32f4xx_hal_gpio.c.obj
                0x08007910                HAL_GPIO_Init
 .text.HAL_GPIO_WritePin
                0x08007ae4        0xc CMakeFiles/STM32F4.elf.dir/Drivers/STM32F4xx_HAL_Driver/Src/stm32f4xx_hal_gpio.c.obj
                0x08007ae4                HAL_GPIO_WritePin
 .text.HAL_RCC_OscConfig
                0x08007af0      0x3f8 CMakeFiles/STM32F4.elf.dir/Drivers/STM32F4xx_HAL_Driver/Src/stm32f4xx_hal_rcc.c.obj
                0x08007af0                HAL_RCC_OscConfig
 .text.HAL_RCC_GetSysClockFreq
                0x08007ee8       0xa0 CMakeFiles/STM32F4.elf.dir/Drivers/STM32F4xx_HAL_Driver/Src/stm32f4xx_hal_rcc.c.obj
                0x08007ee8                HAL_RCC_GetSysClockFreq
 .text.HAL_RCC_ClockConfig
                0x08007f88      0x160 CMakeFiles/STM32F4.elf.dir/Drivers/STM32F4xx_HAL_Driver/Src/stm32f4xx_hal_rcc.c.obj
                0x08007f88                HAL_RCC_ClockConfig
 .text.HAL_RCC_GetHCLKFreq
                0x080080e8        0xc CMakeFiles/STM32F4.elf.dir/Drivers/STM32F4xx_HAL_Driver/Src/stm32f4xx_hal_rcc.c.obj
                0x080080e8                HAL_RCC_GetHCLKFreq
 .text.HAL_RCC_GetPCLK1Freq
                0x080080f4       0x20 CMakeFiles/STM32F4.elf.dir/Drivers/STM32F4xx_HAL_Driver/Src/stm32f4xx_hal_rcc.c.obj
                0x080080f4                HAL_RCC_GetPCLK1Freq
 .text.HAL_RCC_GetPCLK2Freq
                0x08008114       0x20 CMakeFiles/STM32F4.elf.dir/Drivers/STM32F4xx_HAL_Driver/Src/stm32f4xx_hal_rcc.c.obj
                0x08008114                HAL_RCC_GetPCLK2Freq
 .text.HAL_SRAM_Init
                0x08008134       0x58 CMakeFiles/STM32F4.elf.dir/Drivers/STM32F4xx_HAL_Driver/Src/stm32f4xx_hal_sram.c.obj
                0x08008134                HAL_SRAM_Init
 .text.TIM_TI1_ConfigInputStage
                0x0800818c       0x24 CMakeFiles/STM32F4.elf.dir/Drivers/STM32F4xx_HAL_Driver/Src/stm32f4xx_hal_tim.c.obj
 .text.TIM_TI2_ConfigInputStage
                0x080081b0       0x26 CMakeFiles/STM32F4.elf.dir/Drivers/STM32F4xx_HAL_Driver/Src/stm32f4xx_hal_tim.c.obj
 .text.TIM_ITRx_SetConfig
                0x080081d6       0x10 CMakeFiles/STM32F4.elf.dir/Drivers/STM32F4xx_HAL_Driver/Src/stm32f4xx_hal_tim.c.obj
 *fill*         0x080081e6        0x2 
 .text.HAL_TIM_Base_Start
                0x080081e8       0x7c CMakeFiles/STM32F4.elf.dir/Drivers/STM32F4xx_HAL_Driver/Src/stm32f4xx_hal_tim.c.obj
                0x080081e8                HAL_TIM_Base_Start
 .text.HAL_TIM_Base_Stop
                0x08008264       0x28 CMakeFiles/STM32F4.elf.dir/Drivers/STM32F4xx_HAL_Driver/Src/stm32f4xx_hal_tim.c.obj
                0x08008264                HAL_TIM_Base_Stop
 .text.TIM_Base_SetConfig
                0x0800828c       0xc8 CMakeFiles/STM32F4.elf.dir/Drivers/STM32F4xx_HAL_Driver/Src/stm32f4xx_hal_tim.c.obj
                0x0800828c                TIM_Base_SetConfig
 .text.HAL_TIM_Base_Init
                0x08008354       0x58 CMakeFiles/STM32F4.elf.dir/Drivers/STM32F4xx_HAL_Driver/Src/stm32f4xx_hal_tim.c.obj
                0x08008354                HAL_TIM_Base_Init
 .text.TIM_ETR_SetConfig
                0x080083ac       0x16 CMakeFiles/STM32F4.elf.dir/Drivers/STM32F4xx_HAL_Driver/Src/stm32f4xx_hal_tim.c.obj
                0x080083ac                TIM_ETR_SetConfig
 .text.HAL_TIM_ConfigClockSource
                0x080083c2       0xfe CMakeFiles/STM32F4.elf.dir/Drivers/STM32F4xx_HAL_Driver/Src/stm32f4xx_hal_tim.c.obj
                0x080083c2                HAL_TIM_ConfigClockSource
 .text.HAL_TIMEx_MasterConfigSynchronization
                0x080084c0       0x88 CMakeFiles/STM32F4.elf.dir/Drivers/STM32F4xx_HAL_Driver/Src/stm32f4xx_hal_tim_ex.c.obj
                0x080084c0                HAL_TIMEx_MasterConfigSynchronization
 .text.UART_EndTxTransfer
                0x08008548       0x20 CMakeFiles/STM32F4.elf.dir/Drivers/STM32F4xx_HAL_Driver/Src/stm32f4xx_hal_uart.c.obj
 .text.UART_EndRxTransfer
                0x08008568       0x5c CMakeFiles/STM32F4.elf.dir/Drivers/STM32F4xx_HAL_Driver/Src/stm32f4xx_hal_uart.c.obj
 .text.UART_Transmit_IT
                0x080085c4       0x60 CMakeFiles/STM32F4.elf.dir/Drivers/STM32F4xx_HAL_Driver/Src/stm32f4xx_hal_uart.c.obj
 .text.UART_SetConfig
                0x08008624      0x11c CMakeFiles/STM32F4.elf.dir/Drivers/STM32F4xx_HAL_Driver/Src/stm32f4xx_hal_uart.c.obj
 .text.UART_WaitOnFlagUntilTimeout
                0x08008740       0x84 CMakeFiles/STM32F4.elf.dir/Drivers/STM32F4xx_HAL_Driver/Src/stm32f4xx_hal_uart.c.obj
 .text.HAL_UART_Init
                0x080087c4       0x5e CMakeFiles/STM32F4.elf.dir/Drivers/STM32F4xx_HAL_Driver/Src/stm32f4xx_hal_uart.c.obj
                0x080087c4                HAL_UART_Init
 .text.HAL_UART_Transmit
                0x08008822       0xd8 CMakeFiles/STM32F4.elf.dir/Drivers/STM32F4xx_HAL_Driver/Src/stm32f4xx_hal_uart.c.obj
                0x08008822                HAL_UART_Transmit
 .text.HAL_UART_Receive
                0x080088fa       0xe4 CMakeFiles/STM32F4.elf.dir/Drivers/STM32F4xx_HAL_Driver/Src/stm32f4xx_hal_uart.c.obj
                0x080088fa                HAL_UART_Receive
 .text.HAL_UART_TxCpltCallback
                0x080089de        0x2 CMakeFiles/STM32F4.elf.dir/Drivers/STM32F4xx_HAL_Driver/Src/stm32f4xx_hal_uart.c.obj
                0x080089de                HAL_UART_TxCpltCallback
 .text.UART_EndTransmit_IT
                0x080089e0       0x1a CMakeFiles/STM32F4.elf.dir/Drivers/STM32F4xx_HAL_Driver/Src/stm32f4xx_hal_uart.c.obj
 .text.HAL_UART_RxCpltCallback
                0x080089fa        0x2 CMakeFiles/STM32F4.elf.dir/Drivers/STM32F4xx_HAL_Driver/Src/stm32f4xx_hal_uart.c.obj
                0x080089fa                HAL_UART_RxCpltCallback
 .text.HAL_UART_RxHalfCpltCallback
                0x080089fc        0x2 CMakeFiles/STM32F4.elf.dir/Drivers/STM32F4xx_HAL_Driver/Src/stm32f4xx_hal_uart.c.obj
                0x080089fc                HAL_UART_RxHalfCpltCallback
 .text.HAL_UART_ErrorCallback
                0x080089fe        0x2 CMakeFiles/STM32F4.elf.dir/Drivers/STM32F4xx_HAL_Driver/Src/stm32f4xx_hal_uart.c.obj
                0x080089fe                HAL_UART_ErrorCallback
 .text.UART_DMAError
                0x08008a00       0x58 CMakeFiles/STM32F4.elf.dir/Drivers/STM32F4xx_HAL_Driver/Src/stm32f4xx_hal_uart.c.obj
 .text.UART_DMAAbortOnError
                0x08008a58       0x10 CMakeFiles/STM32F4.elf.dir/Drivers/STM32F4xx_HAL_Driver/Src/stm32f4xx_hal_uart.c.obj
 .text.HAL_UARTEx_RxEventCallback
                0x08008a68        0x2 CMakeFiles/STM32F4.elf.dir/Drivers/STM32F4xx_HAL_Driver/Src/stm32f4xx_hal_uart.c.obj
                0x08008a68                HAL_UARTEx_RxEventCallback
 .text.UART_Receive_IT
                0x08008a6a       0xe2 CMakeFiles/STM32F4.elf.dir/Drivers/STM32F4xx_HAL_Driver/Src/stm32f4xx_hal_uart.c.obj
 .text.HAL_UART_IRQHandler
                0x08008b4c      0x280 CMakeFiles/STM32F4.elf.dir/Drivers/STM32F4xx_HAL_Driver/Src/stm32f4xx_hal_uart.c.obj
                0x08008b4c                HAL_UART_IRQHandler
 .text.UART_DMARxHalfCplt
                0x08008dcc       0x1a CMakeFiles/STM32F4.elf.dir/Drivers/STM32F4xx_HAL_Driver/Src/stm32f4xx_hal_uart.c.obj
 .text.UART_DMAReceiveCplt
                0x08008de6       0x96 CMakeFiles/STM32F4.elf.dir/Drivers/STM32F4xx_HAL_Driver/Src/stm32f4xx_hal_uart.c.obj
 .text.UART_Start_Receive_DMA
                0x08008e7c       0xa8 CMakeFiles/STM32F4.elf.dir/Drivers/STM32F4xx_HAL_Driver/Src/stm32f4xx_hal_uart.c.obj
                0x08008e7c                UART_Start_Receive_DMA
 .text.HAL_UART_Receive_DMA
                0x08008f24       0x38 CMakeFiles/STM32F4.elf.dir/Drivers/STM32F4xx_HAL_Driver/Src/stm32f4xx_hal_uart.c.obj
                0x08008f24                HAL_UART_Receive_DMA
 .text.FSMC_NORSRAM_Init
                0x08008f5c       0x68 CMakeFiles/STM32F4.elf.dir/Drivers/STM32F4xx_HAL_Driver/Src/stm32f4xx_ll_fsmc.c.obj
                0x08008f5c                FSMC_NORSRAM_Init
 .text.FSMC_NORSRAM_Timing_Init
                0x08008fc4       0x40 CMakeFiles/STM32F4.elf.dir/Drivers/STM32F4xx_HAL_Driver/Src/stm32f4xx_ll_fsmc.c.obj
                0x08008fc4                FSMC_NORSRAM_Timing_Init
 .text.FSMC_NORSRAM_Extended_Timing_Init
                0x08009004       0x44 CMakeFiles/STM32F4.elf.dir/Drivers/STM32F4xx_HAL_Driver/Src/stm32f4xx_ll_fsmc.c.obj
                0x08009004                FSMC_NORSRAM_Extended_Timing_Init
 .text.RetargetInit
                0x08009048       0x20 CMakeFiles/STM32F4.elf.dir/Port/Platform/retarget.c.obj
                0x08009048                RetargetInit
 .text._isatty  0x08009068       0x16 CMakeFiles/STM32F4.elf.dir/Port/Platform/retarget.c.obj
                0x08009068                _isatty
 *fill*         0x0800907e        0x2 
 .text._write   0x08009080       0x28 CMakeFiles/STM32F4.elf.dir/Port/Platform/retarget.c.obj
                0x08009080                _write
 .text._close   0x080090a8       0x18 CMakeFiles/STM32F4.elf.dir/Port/Platform/retarget.c.obj
                0x080090a8                _close
 .text._lseek   0x080090c0       0x10 CMakeFiles/STM32F4.elf.dir/Port/Platform/retarget.c.obj
                0x080090c0                _lseek
 .text._read    0x080090d0       0x30 CMakeFiles/STM32F4.elf.dir/Port/Platform/retarget.c.obj
                0x080090d0                _read
 .text._fstat   0x08009100       0x1a CMakeFiles/STM32F4.elf.dir/Port/Platform/retarget.c.obj
                0x08009100                _fstat
 *fill*         0x0800911a        0x2 
 .text._ZN3Led11SetLedStateEhb
                0x0800911c       0x34 CMakeFiles/STM32F4.elf.dir/Port/led_stm32.cpp.obj
                0x0800911c                Led::SetLedState(unsigned char, bool)
 .text.Tim1Callback100Hz
                0x08009150       0x38 CMakeFiles/STM32F4.elf.dir/UserApp/main.cpp.obj
                0x08009150                Tim1Callback100Hz
 .text._ZNK10__cxxabiv117__class_type_info11__do_upcastEPKS0_PPv
                0x08009188       0x38 d:/developper/mcu/stm32/env/gcc-arm-none-eabi-9-2019-q4/bin/../lib/gcc/arm-none-eabi/9.2.1/../../../../arm-none-eabi/lib/thumb/v7e-m/nofp\libstdc++.a(class_type_info.o)
                0x08009188                __cxxabiv1::__class_type_info::__do_upcast(__cxxabiv1::__class_type_info const*, void**) const
 .text._ZNK10__cxxabiv117__class_type_info20__do_find_public_srcEiPKvPKS0_S2_
                0x080091c0        0xc d:/developper/mcu/stm32/env/gcc-arm-none-eabi-9-2019-q4/bin/../lib/gcc/arm-none-eabi/9.2.1/../../../../arm-none-eabi/lib/thumb/v7e-m/nofp\libstdc++.a(class_type_info.o)
                0x080091c0                __cxxabiv1::__class_type_info::__do_find_public_src(int, void const*, __cxxabiv1::__class_type_info const*, void const*) const
 .text._ZN10__cxxabiv117__class_type_infoD2Ev
                0x080091cc       0x14 d:/developper/mcu/stm32/env/gcc-arm-none-eabi-9-2019-q4/bin/../lib/gcc/arm-none-eabi/9.2.1/../../../../arm-none-eabi/lib/thumb/v7e-m/nofp\libstdc++.a(class_type_info.o)
                0x080091cc                __cxxabiv1::__class_type_info::~__class_type_info()
                0x080091cc                __cxxabiv1::__class_type_info::~__class_type_info()
 .text._ZN10__cxxabiv117__class_type_infoD0Ev
                0x080091e0       0x1c d:/developper/mcu/stm32/env/gcc-arm-none-eabi-9-2019-q4/bin/../lib/gcc/arm-none-eabi/9.2.1/../../../../arm-none-eabi/lib/thumb/v7e-m/nofp\libstdc++.a(class_type_info.o)
                0x080091e0                __cxxabiv1::__class_type_info::~__class_type_info()
 .text._ZNK10__cxxabiv117__class_type_info12__do_dyncastEiNS0_10__sub_kindEPKS0_PKvS3_S5_RNS0_16__dyncast_resultE
                0x080091fc       0x44 d:/developper/mcu/stm32/env/gcc-arm-none-eabi-9-2019-q4/bin/../lib/gcc/arm-none-eabi/9.2.1/../../../../arm-none-eabi/lib/thumb/v7e-m/nofp\libstdc++.a(class_type_info.o)
                0x080091fc                __cxxabiv1::__class_type_info::__do_dyncast(int, __cxxabiv1::__class_type_info::__sub_kind, __cxxabiv1::__class_type_info const*, void const*, __cxxabiv1::__class_type_info const*, void const*, __cxxabiv1::__class_type_info::__dyncast_result&) const
 .text._ZNK10__cxxabiv117__class_type_info11__do_upcastEPKS0_PKvRNS0_15__upcast_resultE
                0x08009240       0x1c d:/developper/mcu/stm32/env/gcc-arm-none-eabi-9-2019-q4/bin/../lib/gcc/arm-none-eabi/9.2.1/../../../../arm-none-eabi/lib/thumb/v7e-m/nofp\libstdc++.a(class_type_info.o)
                0x08009240                __cxxabiv1::__class_type_info::__do_upcast(__cxxabiv1::__class_type_info const*, void const*, __cxxabiv1::__class_type_info::__upcast_result&) const
 .text._ZNK10__cxxabiv117__class_type_info10__do_catchEPKSt9type_infoPPvj
                0x0800925c       0x2c d:/developper/mcu/stm32/env/gcc-arm-none-eabi-9-2019-q4/bin/../lib/gcc/arm-none-eabi/9.2.1/../../../../arm-none-eabi/lib/thumb/v7e-m/nofp\libstdc++.a(class_type_info.o)
                0x0800925c                __cxxabiv1::__class_type_info::__do_catch(std::type_info const*, void**, unsigned int) const
 .text._ZdlPvj  0x08009288        0x4 d:/developper/mcu/stm32/env/gcc-arm-none-eabi-9-2019-q4/bin/../lib/gcc/arm-none-eabi/9.2.1/../../../../arm-none-eabi/lib/thumb/v7e-m/nofp\libstdc++.a(del_ops.o)
                0x08009288                operator delete(void*, unsigned int)
 .text._ZN10__cxxabiv120__si_class_type_infoD2Ev
                0x0800928c       0x14 d:/developper/mcu/stm32/env/gcc-arm-none-eabi-9-2019-q4/bin/../lib/gcc/arm-none-eabi/9.2.1/../../../../arm-none-eabi/lib/thumb/v7e-m/nofp\libstdc++.a(si_class_type_info.o)
                0x0800928c                __cxxabiv1::__si_class_type_info::~__si_class_type_info()
                0x0800928c                __cxxabiv1::__si_class_type_info::~__si_class_type_info()
 .text._ZN10__cxxabiv120__si_class_type_infoD0Ev
                0x080092a0       0x1c d:/developper/mcu/stm32/env/gcc-arm-none-eabi-9-2019-q4/bin/../lib/gcc/arm-none-eabi/9.2.1/../../../../arm-none-eabi/lib/thumb/v7e-m/nofp\libstdc++.a(si_class_type_info.o)
                0x080092a0                __cxxabiv1::__si_class_type_info::~__si_class_type_info()
 .text._ZNK10__cxxabiv120__si_class_type_info20__do_find_public_srcEiPKvPKNS_17__class_type_infoES2_
                0x080092bc       0x3c d:/developper/mcu/stm32/env/gcc-arm-none-eabi-9-2019-q4/bin/../lib/gcc/arm-none-eabi/9.2.1/../../../../arm-none-eabi/lib/thumb/v7e-m/nofp\libstdc++.a(si_class_type_info.o)
                0x080092bc                __cxxabiv1::__si_class_type_info::__do_find_public_src(int, void const*, __cxxabiv1::__class_type_info const*, void const*) const
 .text._ZNK10__cxxabiv120__si_class_type_info12__do_dyncastEiNS_17__class_type_info10__sub_kindEPKS1_PKvS4_S6_RNS1_16__dyncast_resultE
                0x080092f8       0x84 d:/developper/mcu/stm32/env/gcc-arm-none-eabi-9-2019-q4/bin/../lib/gcc/arm-none-eabi/9.2.1/../../../../arm-none-eabi/lib/thumb/v7e-m/nofp\libstdc++.a(si_class_type_info.o)
                0x080092f8                __cxxabiv1::__si_class_type_info::__do_dyncast(int, __cxxabiv1::__class_type_info::__sub_kind, __cxxabiv1::__class_type_info const*, void const*, __cxxabiv1::__class_type_info const*, void const*, __cxxabiv1::__class_type_info::__dyncast_result&) const
 .text._ZNK10__cxxabiv120__si_class_type_info11__do_upcastEPKNS_17__class_type_infoEPKvRNS1_15__upcast_resultE
                0x0800937c       0x2c d:/developper/mcu/stm32/env/gcc-arm-none-eabi-9-2019-q4/bin/../lib/gcc/arm-none-eabi/9.2.1/../../../../arm-none-eabi/lib/thumb/v7e-m/nofp\libstdc++.a(si_class_type_info.o)
                0x0800937c                __cxxabiv1::__si_class_type_info::__do_upcast(__cxxabiv1::__class_type_info const*, void const*, __cxxabiv1::__class_type_info::__upcast_result&) const
 .text._ZNSt9type_infoD2Ev
                0x080093a8        0x4 d:/developper/mcu/stm32/env/gcc-arm-none-eabi-9-2019-q4/bin/../lib/gcc/arm-none-eabi/9.2.1/../../../../arm-none-eabi/lib/thumb/v7e-m/nofp\libstdc++.a(tinfo.o)
                0x080093a8                std::type_info::~type_info()
                0x080093a8                std::type_info::~type_info()
 .text._ZNKSt9type_info14__is_pointer_pEv
                0x080093ac        0x4 d:/developper/mcu/stm32/env/gcc-arm-none-eabi-9-2019-q4/bin/../lib/gcc/arm-none-eabi/9.2.1/../../../../arm-none-eabi/lib/thumb/v7e-m/nofp\libstdc++.a(tinfo.o)
                0x080093ac                std::type_info::__is_pointer_p() const
                0x080093ac                std::type_info::__is_function_p() const
 .text._ZNKSt9type_infoeqERKS_
                0x080093b0       0x2c d:/developper/mcu/stm32/env/gcc-arm-none-eabi-9-2019-q4/bin/../lib/gcc/arm-none-eabi/9.2.1/../../../../arm-none-eabi/lib/thumb/v7e-m/nofp\libstdc++.a(tinfo.o)
                0x080093b0                std::type_info::operator==(std::type_info const&) const
 .text._ZdlPv   0x080093dc        0x4 d:/developper/mcu/stm32/env/gcc-arm-none-eabi-9-2019-q4/bin/../lib/gcc/arm-none-eabi/9.2.1/../../../../arm-none-eabi/lib/thumb/v7e-m/nofp\libstdc++.a(del_op.o)
                0x080093dc                operator delete(void*)
 .text.abort    0x080093e0       0x10 d:/developper/mcu/stm32/env/gcc-arm-none-eabi-9-2019-q4/bin/../lib/gcc/arm-none-eabi/9.2.1/../../../../arm-none-eabi/lib/thumb/v7e-m/nofp\libg.a(lib_a-abort.o)
                0x080093e0                abort
 .text.__errno  0x080093f0        0xc d:/developper/mcu/stm32/env/gcc-arm-none-eabi-9-2019-q4/bin/../lib/gcc/arm-none-eabi/9.2.1/../../../../arm-none-eabi/lib/thumb/v7e-m/nofp\libg.a(lib_a-errno.o)
                0x080093f0                __errno
 .text.__libc_init_array
                0x080093fc       0x48 d:/developper/mcu/stm32/env/gcc-arm-none-eabi-9-2019-q4/bin/../lib/gcc/arm-none-eabi/9.2.1/../../../../arm-none-eabi/lib/thumb/v7e-m/nofp\libg.a(lib_a-init.o)
                0x080093fc                __libc_init_array
 .text.malloc   0x08009444       0x10 d:/developper/mcu/stm32/env/gcc-arm-none-eabi-9-2019-q4/bin/../lib/gcc/arm-none-eabi/9.2.1/../../../../arm-none-eabi/lib/thumb/v7e-m/nofp\libg.a(lib_a-malloc.o)
                0x08009444                malloc
 .text.free     0x08009454       0x10 d:/developper/mcu/stm32/env/gcc-arm-none-eabi-9-2019-q4/bin/../lib/gcc/arm-none-eabi/9.2.1/../../../../arm-none-eabi/lib/thumb/v7e-m/nofp\libg.a(lib_a-malloc.o)
                0x08009454                free
 .text._malloc_r
                0x08009464      0x574 d:/developper/mcu/stm32/env/gcc-arm-none-eabi-9-2019-q4/bin/../lib/gcc/arm-none-eabi/9.2.1/../../../../arm-none-eabi/lib/thumb/v7e-m/nofp\libg.a(lib_a-mallocr.o)
                0x08009464                _malloc_r
 .text.memset   0x080099d8       0xa0 d:/developper/mcu/stm32/env/gcc-arm-none-eabi-9-2019-q4/bin/../lib/gcc/arm-none-eabi/9.2.1/../../../../arm-none-eabi/lib/thumb/v7e-m/nofp\libg.a(lib_a-memset.o)
                0x080099d8                memset
 .text.__malloc_lock
                0x08009a78        0xc d:/developper/mcu/stm32/env/gcc-arm-none-eabi-9-2019-q4/bin/../lib/gcc/arm-none-eabi/9.2.1/../../../../arm-none-eabi/lib/thumb/v7e-m/nofp\libg.a(lib_a-mlock.o)
                0x08009a78                __malloc_lock
 .text.__malloc_unlock
                0x08009a84        0xc d:/developper/mcu/stm32/env/gcc-arm-none-eabi-9-2019-q4/bin/../lib/gcc/arm-none-eabi/9.2.1/../../../../arm-none-eabi/lib/thumb/v7e-m/nofp\libg.a(lib_a-mlock.o)
                0x08009a84                __malloc_unlock
 .text.printf   0x08009a90       0x28 d:/developper/mcu/stm32/env/gcc-arm-none-eabi-9-2019-q4/bin/../lib/gcc/arm-none-eabi/9.2.1/../../../../arm-none-eabi/lib/thumb/v7e-m/nofp\libg.a(lib_a-printf.o)
                0x08009a90                printf
 .text._sbrk_r  0x08009ab8       0x24 d:/developper/mcu/stm32/env/gcc-arm-none-eabi-9-2019-q4/bin/../lib/gcc/arm-none-eabi/9.2.1/../../../../arm-none-eabi/lib/thumb/v7e-m/nofp\libg.a(lib_a-sbrkr.o)
                0x08009ab8                _sbrk_r
 .text.setvbuf  0x08009adc      0x1a0 d:/developper/mcu/stm32/env/gcc-arm-none-eabi-9-2019-q4/bin/../lib/gcc/arm-none-eabi/9.2.1/../../../../arm-none-eabi/lib/thumb/v7e-m/nofp\libg.a(lib_a-setvbuf.o)
                0x08009adc                setvbuf
 .text._raise_r
                0x08009c7c       0x58 d:/developper/mcu/stm32/env/gcc-arm-none-eabi-9-2019-q4/bin/../lib/gcc/arm-none-eabi/9.2.1/../../../../arm-none-eabi/lib/thumb/v7e-m/nofp\libg.a(lib_a-signal.o)
                0x08009c7c                _raise_r
 .text.raise    0x08009cd4       0x10 d:/developper/mcu/stm32/env/gcc-arm-none-eabi-9-2019-q4/bin/../lib/gcc/arm-none-eabi/9.2.1/../../../../arm-none-eabi/lib/thumb/v7e-m/nofp\libg.a(lib_a-signal.o)
                0x08009cd4                raise
 .text._kill_r  0x08009ce4       0x2c d:/developper/mcu/stm32/env/gcc-arm-none-eabi-9-2019-q4/bin/../lib/gcc/arm-none-eabi/9.2.1/../../../../arm-none-eabi/lib/thumb/v7e-m/nofp\libg.a(lib_a-signalr.o)
                0x08009ce4                _kill_r
 .text._getpid_r
                0x08009d10        0x4 d:/developper/mcu/stm32/env/gcc-arm-none-eabi-9-2019-q4/bin/../lib/gcc/arm-none-eabi/9.2.1/../../../../arm-none-eabi/lib/thumb/v7e-m/nofp\libg.a(lib_a-signalr.o)
                0x08009d10                _getpid_r
 .text._vfprintf_r
                0x08009d14     0x1b84 d:/developper/mcu/stm32/env/gcc-arm-none-eabi-9-2019-q4/bin/../lib/gcc/arm-none-eabi/9.2.1/../../../../arm-none-eabi/lib/thumb/v7e-m/nofp\libg.a(lib_a-vfprintf.o)
                0x08009d14                _vfprintf_r
 .text.__sbprintf
                0x0800b898       0x84 d:/developper/mcu/stm32/env/gcc-arm-none-eabi-9-2019-q4/bin/../lib/gcc/arm-none-eabi/9.2.1/../../../../arm-none-eabi/lib/thumb/v7e-m/nofp\libg.a(lib_a-vfprintf.o)
 .text.__swsetup_r
                0x0800b91c       0xd0 d:/developper/mcu/stm32/env/gcc-arm-none-eabi-9-2019-q4/bin/../lib/gcc/arm-none-eabi/9.2.1/../../../../arm-none-eabi/lib/thumb/v7e-m/nofp\libg.a(lib_a-wsetup.o)
                0x0800b91c                __swsetup_r
 .text.startup.register_fini
                0x0800b9ec       0x14 d:/developper/mcu/stm32/env/gcc-arm-none-eabi-9-2019-q4/bin/../lib/gcc/arm-none-eabi/9.2.1/../../../../arm-none-eabi/lib/thumb/v7e-m/nofp\libg.a(lib_a-__call_atexit.o)
 .text.atexit   0x0800ba00        0xc d:/developper/mcu/stm32/env/gcc-arm-none-eabi-9-2019-q4/bin/../lib/gcc/arm-none-eabi/9.2.1/../../../../arm-none-eabi/lib/thumb/v7e-m/nofp\libg.a(lib_a-atexit.o)
                0x0800ba00                atexit
 .text.quorem   0x0800ba0c      0x11c d:/developper/mcu/stm32/env/gcc-arm-none-eabi-9-2019-q4/bin/../lib/gcc/arm-none-eabi/9.2.1/../../../../arm-none-eabi/lib/thumb/v7e-m/nofp\libg.a(lib_a-dtoa.o)
 .text._dtoa_r  0x0800bb28      0xeb8 d:/developper/mcu/stm32/env/gcc-arm-none-eabi-9-2019-q4/bin/../lib/gcc/arm-none-eabi/9.2.1/../../../../arm-none-eabi/lib/thumb/v7e-m/nofp\libg.a(lib_a-dtoa.o)
                0x0800bb28                _dtoa_r
 .text.__sflush_r
                0x0800c9e0      0x130 d:/developper/mcu/stm32/env/gcc-arm-none-eabi-9-2019-q4/bin/../lib/gcc/arm-none-eabi/9.2.1/../../../../arm-none-eabi/lib/thumb/v7e-m/nofp\libg.a(lib_a-fflush.o)
                0x0800c9e0                __sflush_r
 .text._fflush_r
                0x0800cb10       0x5c d:/developper/mcu/stm32/env/gcc-arm-none-eabi-9-2019-q4/bin/../lib/gcc/arm-none-eabi/9.2.1/../../../../arm-none-eabi/lib/thumb/v7e-m/nofp\libg.a(lib_a-fflush.o)
                0x0800cb10                _fflush_r
 .text.std      0x0800cb6c       0x50 d:/developper/mcu/stm32/env/gcc-arm-none-eabi-9-2019-q4/bin/../lib/gcc/arm-none-eabi/9.2.1/../../../../arm-none-eabi/lib/thumb/v7e-m/nofp\libg.a(lib_a-findfp.o)
 .text._cleanup_r
                0x0800cbbc        0xc d:/developper/mcu/stm32/env/gcc-arm-none-eabi-9-2019-q4/bin/../lib/gcc/arm-none-eabi/9.2.1/../../../../arm-none-eabi/lib/thumb/v7e-m/nofp\libg.a(lib_a-findfp.o)
                0x0800cbbc                _cleanup_r
 .text.__sinit  0x0800cbc8       0x54 d:/developper/mcu/stm32/env/gcc-arm-none-eabi-9-2019-q4/bin/../lib/gcc/arm-none-eabi/9.2.1/../../../../arm-none-eabi/lib/thumb/v7e-m/nofp\libg.a(lib_a-findfp.o)
                0x0800cbc8                __sinit
 .text.__sfp_lock_acquire
                0x0800cc1c        0xc d:/developper/mcu/stm32/env/gcc-arm-none-eabi-9-2019-q4/bin/../lib/gcc/arm-none-eabi/9.2.1/../../../../arm-none-eabi/lib/thumb/v7e-m/nofp\libg.a(lib_a-findfp.o)
                0x0800cc1c                __sfp_lock_acquire
 .text.__sfp_lock_release
                0x0800cc28        0xc d:/developper/mcu/stm32/env/gcc-arm-none-eabi-9-2019-q4/bin/../lib/gcc/arm-none-eabi/9.2.1/../../../../arm-none-eabi/lib/thumb/v7e-m/nofp\libg.a(lib_a-findfp.o)
                0x0800cc28                __sfp_lock_release
 .text.__libc_fini_array
                0x0800cc34       0x2c d:/developper/mcu/stm32/env/gcc-arm-none-eabi-9-2019-q4/bin/../lib/gcc/arm-none-eabi/9.2.1/../../../../arm-none-eabi/lib/thumb/v7e-m/nofp\libg.a(lib_a-fini.o)
                0x0800cc34                __libc_fini_array
 .text._malloc_trim_r
                0x0800cc60       0xa0 d:/developper/mcu/stm32/env/gcc-arm-none-eabi-9-2019-q4/bin/../lib/gcc/arm-none-eabi/9.2.1/../../../../arm-none-eabi/lib/thumb/v7e-m/nofp\libg.a(lib_a-freer.o)
                0x0800cc60                _malloc_trim_r
 .text._free_r  0x0800cd00      0x208 d:/developper/mcu/stm32/env/gcc-arm-none-eabi-9-2019-q4/bin/../lib/gcc/arm-none-eabi/9.2.1/../../../../arm-none-eabi/lib/thumb/v7e-m/nofp\libg.a(lib_a-freer.o)
                0x0800cd00                _free_r
 .text._fwalk_reent
                0x0800cf08       0x48 d:/developper/mcu/stm32/env/gcc-arm-none-eabi-9-2019-q4/bin/../lib/gcc/arm-none-eabi/9.2.1/../../../../arm-none-eabi/lib/thumb/v7e-m/nofp\libg.a(lib_a-fwalk.o)
                0x0800cf08                _fwalk_reent
 .text._localeconv_r
                0x0800cf50        0x8 d:/developper/mcu/stm32/env/gcc-arm-none-eabi-9-2019-q4/bin/../lib/gcc/arm-none-eabi/9.2.1/../../../../arm-none-eabi/lib/thumb/v7e-m/nofp\libg.a(lib_a-localeconv.o)
                0x0800cf50                _localeconv_r
 .text.__retarget_lock_init_recursive
                0x0800cf58        0x4 d:/developper/mcu/stm32/env/gcc-arm-none-eabi-9-2019-q4/bin/../lib/gcc/arm-none-eabi/9.2.1/../../../../arm-none-eabi/lib/thumb/v7e-m/nofp\libg.a(lib_a-lock.o)
                0x0800cf58                __retarget_lock_init_recursive
 .text.__retarget_lock_close_recursive
                0x0800cf5c        0x4 d:/developper/mcu/stm32/env/gcc-arm-none-eabi-9-2019-q4/bin/../lib/gcc/arm-none-eabi/9.2.1/../../../../arm-none-eabi/lib/thumb/v7e-m/nofp\libg.a(lib_a-lock.o)
                0x0800cf5c                __retarget_lock_close_recursive
 .text.__retarget_lock_acquire_recursive
                0x0800cf60        0x4 d:/developper/mcu/stm32/env/gcc-arm-none-eabi-9-2019-q4/bin/../lib/gcc/arm-none-eabi/9.2.1/../../../../arm-none-eabi/lib/thumb/v7e-m/nofp\libg.a(lib_a-lock.o)
                0x0800cf60                __retarget_lock_acquire_recursive
 .text.__retarget_lock_release_recursive
                0x0800cf64        0x4 d:/developper/mcu/stm32/env/gcc-arm-none-eabi-9-2019-q4/bin/../lib/gcc/arm-none-eabi/9.2.1/../../../../arm-none-eabi/lib/thumb/v7e-m/nofp\libg.a(lib_a-lock.o)
                0x0800cf64                __retarget_lock_release_recursive
 .text.__swhatbuf_r
                0x0800cf68       0x5c d:/developper/mcu/stm32/env/gcc-arm-none-eabi-9-2019-q4/bin/../lib/gcc/arm-none-eabi/9.2.1/../../../../arm-none-eabi/lib/thumb/v7e-m/nofp\libg.a(lib_a-makebuf.o)
                0x0800cf68                __swhatbuf_r
 .text.__smakebuf_r
                0x0800cfc4       0x98 d:/developper/mcu/stm32/env/gcc-arm-none-eabi-9-2019-q4/bin/../lib/gcc/arm-none-eabi/9.2.1/../../../../arm-none-eabi/lib/thumb/v7e-m/nofp\libg.a(lib_a-makebuf.o)
                0x0800cfc4                __smakebuf_r
 .text._Balloc  0x0800d05c       0x4c d:/developper/mcu/stm32/env/gcc-arm-none-eabi-9-2019-q4/bin/../lib/gcc/arm-none-eabi/9.2.1/../../../../arm-none-eabi/lib/thumb/v7e-m/nofp\libg.a(lib_a-mprec.o)
                0x0800d05c                _Balloc
 .text._Bfree   0x0800d0a8       0x14 d:/developper/mcu/stm32/env/gcc-arm-none-eabi-9-2019-q4/bin/../lib/gcc/arm-none-eabi/9.2.1/../../../../arm-none-eabi/lib/thumb/v7e-m/nofp\libg.a(lib_a-mprec.o)
                0x0800d0a8                _Bfree
 .text.__multadd
                0x0800d0bc       0x80 d:/developper/mcu/stm32/env/gcc-arm-none-eabi-9-2019-q4/bin/../lib/gcc/arm-none-eabi/9.2.1/../../../../arm-none-eabi/lib/thumb/v7e-m/nofp\libg.a(lib_a-mprec.o)
                0x0800d0bc                __multadd
 .text.__hi0bits
                0x0800d13c       0x40 d:/developper/mcu/stm32/env/gcc-arm-none-eabi-9-2019-q4/bin/../lib/gcc/arm-none-eabi/9.2.1/../../../../arm-none-eabi/lib/thumb/v7e-m/nofp\libg.a(lib_a-mprec.o)
                0x0800d13c                __hi0bits
 .text.__lo0bits
                0x0800d17c       0x60 d:/developper/mcu/stm32/env/gcc-arm-none-eabi-9-2019-q4/bin/../lib/gcc/arm-none-eabi/9.2.1/../../../../arm-none-eabi/lib/thumb/v7e-m/nofp\libg.a(lib_a-mprec.o)
                0x0800d17c                __lo0bits
 .text.__i2b    0x0800d1dc       0x14 d:/developper/mcu/stm32/env/gcc-arm-none-eabi-9-2019-q4/bin/../lib/gcc/arm-none-eabi/9.2.1/../../../../arm-none-eabi/lib/thumb/v7e-m/nofp\libg.a(lib_a-mprec.o)
                0x0800d1dc                __i2b
 .text.__multiply
                0x0800d1f0      0x144 d:/developper/mcu/stm32/env/gcc-arm-none-eabi-9-2019-q4/bin/../lib/gcc/arm-none-eabi/9.2.1/../../../../arm-none-eabi/lib/thumb/v7e-m/nofp\libg.a(lib_a-mprec.o)
                0x0800d1f0                __multiply
 .text.__pow5mult
                0x0800d334       0xa0 d:/developper/mcu/stm32/env/gcc-arm-none-eabi-9-2019-q4/bin/../lib/gcc/arm-none-eabi/9.2.1/../../../../arm-none-eabi/lib/thumb/v7e-m/nofp\libg.a(lib_a-mprec.o)
                0x0800d334                __pow5mult
 .text.__lshift
                0x0800d3d4       0xd4 d:/developper/mcu/stm32/env/gcc-arm-none-eabi-9-2019-q4/bin/../lib/gcc/arm-none-eabi/9.2.1/../../../../arm-none-eabi/lib/thumb/v7e-m/nofp\libg.a(lib_a-mprec.o)
                0x0800d3d4                __lshift
 .text.__mcmp   0x0800d4a8       0x3c d:/developper/mcu/stm32/env/gcc-arm-none-eabi-9-2019-q4/bin/../lib/gcc/arm-none-eabi/9.2.1/../../../../arm-none-eabi/lib/thumb/v7e-m/nofp\libg.a(lib_a-mprec.o)
                0x0800d4a8                __mcmp
 .text.__mdiff  0x0800d4e4      0x138 d:/developper/mcu/stm32/env/gcc-arm-none-eabi-9-2019-q4/bin/../lib/gcc/arm-none-eabi/9.2.1/../../../../arm-none-eabi/lib/thumb/v7e-m/nofp\libg.a(lib_a-mprec.o)
                0x0800d4e4                __mdiff
 .text.__d2b    0x0800d61c       0xa8 d:/developper/mcu/stm32/env/gcc-arm-none-eabi-9-2019-q4/bin/../lib/gcc/arm-none-eabi/9.2.1/../../../../arm-none-eabi/lib/thumb/v7e-m/nofp\libg.a(lib_a-mprec.o)
                0x0800d61c                __d2b
 .text.frexp    0x0800d6c4       0x70 d:/developper/mcu/stm32/env/gcc-arm-none-eabi-9-2019-q4/bin/../lib/gcc/arm-none-eabi/9.2.1/../../../../arm-none-eabi/lib/thumb/v7e-m/nofp\libg.a(lib_a-s_frexp.o)
                0x0800d6c4                frexp
 .text.__sread  0x0800d734       0x24 d:/developper/mcu/stm32/env/gcc-arm-none-eabi-9-2019-q4/bin/../lib/gcc/arm-none-eabi/9.2.1/../../../../arm-none-eabi/lib/thumb/v7e-m/nofp\libg.a(lib_a-stdio.o)
                0x0800d734                __sread
 .text.__swrite
                0x0800d758       0x40 d:/developper/mcu/stm32/env/gcc-arm-none-eabi-9-2019-q4/bin/../lib/gcc/arm-none-eabi/9.2.1/../../../../arm-none-eabi/lib/thumb/v7e-m/nofp\libg.a(lib_a-stdio.o)
                0x0800d758                __swrite
 .text.__sseek  0x0800d798       0x20 d:/developper/mcu/stm32/env/gcc-arm-none-eabi-9-2019-q4/bin/../lib/gcc/arm-none-eabi/9.2.1/../../../../arm-none-eabi/lib/thumb/v7e-m/nofp\libg.a(lib_a-stdio.o)
                0x0800d798                __sseek
 .text.__sclose
                0x0800d7b8        0x8 d:/developper/mcu/stm32/env/gcc-arm-none-eabi-9-2019-q4/bin/../lib/gcc/arm-none-eabi/9.2.1/../../../../arm-none-eabi/lib/thumb/v7e-m/nofp\libg.a(lib_a-stdio.o)
                0x0800d7b8                __sclose
 .text.strncpy  0x0800d7c0       0x68 d:/developper/mcu/stm32/env/gcc-arm-none-eabi-9-2019-q4/bin/../lib/gcc/arm-none-eabi/9.2.1/../../../../arm-none-eabi/lib/thumb/v7e-m/nofp\libg.a(lib_a-strncpy.o)
                0x0800d7c0                strncpy
 .text.__sprint_r.part.0
                0x0800d828       0x78 d:/developper/mcu/stm32/env/gcc-arm-none-eabi-9-2019-q4/bin/../lib/gcc/arm-none-eabi/9.2.1/../../../../arm-none-eabi/lib/thumb/v7e-m/nofp\libg.a(lib_a-vfiprintf.o)
 .text.__sprint_r
                0x0800d8a0       0x14 d:/developper/mcu/stm32/env/gcc-arm-none-eabi-9-2019-q4/bin/../lib/gcc/arm-none-eabi/9.2.1/../../../../arm-none-eabi/lib/thumb/v7e-m/nofp\libg.a(lib_a-vfiprintf.o)
                0x0800d8a0                __sprint_r
 .text._write_r
                0x0800d8b4       0x2c d:/developper/mcu/stm32/env/gcc-arm-none-eabi-9-2019-q4/bin/../lib/gcc/arm-none-eabi/9.2.1/../../../../arm-none-eabi/lib/thumb/v7e-m/nofp\libg.a(lib_a-writer.o)
                0x0800d8b4                _write_r
 .text.__register_exitproc
                0x0800d8e0       0x8c d:/developper/mcu/stm32/env/gcc-arm-none-eabi-9-2019-q4/bin/../lib/gcc/arm-none-eabi/9.2.1/../../../../arm-none-eabi/lib/thumb/v7e-m/nofp\libg.a(lib_a-__atexit.o)
                0x0800d8e0                __register_exitproc
 .text._calloc_r
                0x0800d96c       0x60 d:/developper/mcu/stm32/env/gcc-arm-none-eabi-9-2019-q4/bin/../lib/gcc/arm-none-eabi/9.2.1/../../../../arm-none-eabi/lib/thumb/v7e-m/nofp\libg.a(lib_a-callocr.o)
                0x0800d96c                _calloc_r
 .text._close_r
                0x0800d9cc       0x24 d:/developper/mcu/stm32/env/gcc-arm-none-eabi-9-2019-q4/bin/../lib/gcc/arm-none-eabi/9.2.1/../../../../arm-none-eabi/lib/thumb/v7e-m/nofp\libg.a(lib_a-closer.o)
                0x0800d9cc                _close_r
 .text._fclose_r
                0x0800d9f0       0xcc d:/developper/mcu/stm32/env/gcc-arm-none-eabi-9-2019-q4/bin/../lib/gcc/arm-none-eabi/9.2.1/../../../../arm-none-eabi/lib/thumb/v7e-m/nofp\libg.a(lib_a-fclose.o)
                0x0800d9f0                _fclose_r
 .text.__fputwc
                0x0800dabc       0xa8 d:/developper/mcu/stm32/env/gcc-arm-none-eabi-9-2019-q4/bin/../lib/gcc/arm-none-eabi/9.2.1/../../../../arm-none-eabi/lib/thumb/v7e-m/nofp\libg.a(lib_a-fputwc.o)
                0x0800dabc                __fputwc
 .text._fputwc_r
                0x0800db64       0x68 d:/developper/mcu/stm32/env/gcc-arm-none-eabi-9-2019-q4/bin/../lib/gcc/arm-none-eabi/9.2.1/../../../../arm-none-eabi/lib/thumb/v7e-m/nofp\libg.a(lib_a-fputwc.o)
                0x0800db64                _fputwc_r
 .text._fstat_r
                0x0800dbcc       0x2c d:/developper/mcu/stm32/env/gcc-arm-none-eabi-9-2019-q4/bin/../lib/gcc/arm-none-eabi/9.2.1/../../../../arm-none-eabi/lib/thumb/v7e-m/nofp\libg.a(lib_a-fstatr.o)
                0x0800dbcc                _fstat_r
 .text.__sfvwrite_r
                0x0800dbf8      0x2e0 d:/developper/mcu/stm32/env/gcc-arm-none-eabi-9-2019-q4/bin/../lib/gcc/arm-none-eabi/9.2.1/../../../../arm-none-eabi/lib/thumb/v7e-m/nofp\libg.a(lib_a-fvwrite.o)
                0x0800dbf8                __sfvwrite_r
 .text._isatty_r
                0x0800ded8       0x24 d:/developper/mcu/stm32/env/gcc-arm-none-eabi-9-2019-q4/bin/../lib/gcc/arm-none-eabi/9.2.1/../../../../arm-none-eabi/lib/thumb/v7e-m/nofp\libg.a(lib_a-isattyr.o)
                0x0800ded8                _isatty_r
 .text.__locale_mb_cur_max
                0x0800defc        0xc d:/developper/mcu/stm32/env/gcc-arm-none-eabi-9-2019-q4/bin/../lib/gcc/arm-none-eabi/9.2.1/../../../../arm-none-eabi/lib/thumb/v7e-m/nofp\libg.a(lib_a-locale.o)
                0x0800defc                __locale_mb_cur_max
 .text._lseek_r
                0x0800df08       0x2c d:/developper/mcu/stm32/env/gcc-arm-none-eabi-9-2019-q4/bin/../lib/gcc/arm-none-eabi/9.2.1/../../../../arm-none-eabi/lib/thumb/v7e-m/nofp\libg.a(lib_a-lseekr.o)
                0x0800df08                _lseek_r
 .text.__ascii_mbtowc
                0x0800df34       0x2c d:/developper/mcu/stm32/env/gcc-arm-none-eabi-9-2019-q4/bin/../lib/gcc/arm-none-eabi/9.2.1/../../../../arm-none-eabi/lib/thumb/v7e-m/nofp\libg.a(lib_a-mbtowc_r.o)
                0x0800df34                __ascii_mbtowc
 .text.memmove  0x0800df60       0xd8 d:/developper/mcu/stm32/env/gcc-arm-none-eabi-9-2019-q4/bin/../lib/gcc/arm-none-eabi/9.2.1/../../../../arm-none-eabi/lib/thumb/v7e-m/nofp\libg.a(lib_a-memmove.o)
                0x0800df60                memmove
 .text._read_r  0x0800e038       0x2c d:/developper/mcu/stm32/env/gcc-arm-none-eabi-9-2019-q4/bin/../lib/gcc/arm-none-eabi/9.2.1/../../../../arm-none-eabi/lib/thumb/v7e-m/nofp\libg.a(lib_a-readr.o)
                0x0800e038                _read_r
 .text._realloc_r
                0x0800e064      0x3e0 d:/developper/mcu/stm32/env/gcc-arm-none-eabi-9-2019-q4/bin/../lib/gcc/arm-none-eabi/9.2.1/../../../../arm-none-eabi/lib/thumb/v7e-m/nofp\libg.a(lib_a-reallocr.o)
                0x0800e064                _realloc_r
 .text.__swbuf_r
                0x0800e444       0xb0 d:/developper/mcu/stm32/env/gcc-arm-none-eabi-9-2019-q4/bin/../lib/gcc/arm-none-eabi/9.2.1/../../../../arm-none-eabi/lib/thumb/v7e-m/nofp\libg.a(lib_a-wbuf.o)
                0x0800e444                __swbuf_r
 .text._wcrtomb_r
                0x0800e4f4       0x3c d:/developper/mcu/stm32/env/gcc-arm-none-eabi-9-2019-q4/bin/../lib/gcc/arm-none-eabi/9.2.1/../../../../arm-none-eabi/lib/thumb/v7e-m/nofp\libg.a(lib_a-wcrtomb.o)
                0x0800e4f4                _wcrtomb_r
 .text.__ascii_wctomb
                0x0800e530       0x1c d:/developper/mcu/stm32/env/gcc-arm-none-eabi-9-2019-q4/bin/../lib/gcc/arm-none-eabi/9.2.1/../../../../arm-none-eabi/lib/thumb/v7e-m/nofp\libg.a(lib_a-wctomb_r.o)
                0x0800e530                __ascii_wctomb
 *(.glue_7)
 .glue_7        0x0800e54c        0x0 linker stubs
 *(.glue_7t)
 .glue_7t       0x0800e54c        0x0 linker stubs
 *(.eh_frame)
 .eh_frame      0x0800e54c        0x0 d:/developper/mcu/stm32/env/gcc-arm-none-eabi-9-2019-q4/bin/../lib/gcc/arm-none-eabi/9.2.1/thumb/v7e-m/nofp/crtbegin.o
 *(.init)
 .init          0x0800e54c        0x4 d:/developper/mcu/stm32/env/gcc-arm-none-eabi-9-2019-q4/bin/../lib/gcc/arm-none-eabi/9.2.1/thumb/v7e-m/nofp/crti.o
                0x0800e54c                _init
 .init          0x0800e550        0x8 d:/developper/mcu/stm32/env/gcc-arm-none-eabi-9-2019-q4/bin/../lib/gcc/arm-none-eabi/9.2.1/thumb/v7e-m/nofp/crtn.o
 *(.fini)
 .fini          0x0800e558        0x4 d:/developper/mcu/stm32/env/gcc-arm-none-eabi-9-2019-q4/bin/../lib/gcc/arm-none-eabi/9.2.1/thumb/v7e-m/nofp/crti.o
                0x0800e558                _fini
 .fini          0x0800e55c        0x8 d:/developper/mcu/stm32/env/gcc-arm-none-eabi-9-2019-q4/bin/../lib/gcc/arm-none-eabi/9.2.1/thumb/v7e-m/nofp/crtn.o
                0x0800e564                . = ALIGN (0x4)
                0x0800e564                _etext = .

.vfp11_veneer   0x0800e564        0x0
 .vfp11_veneer  0x0800e564        0x0 linker stubs

.v4_bx          0x0800e564        0x0
 .v4_bx         0x0800e564        0x0 linker stubs

.iplt           0x0800e564        0x0
 .iplt          0x0800e564        0x0 d:/developper/mcu/stm32/env/gcc-arm-none-eabi-9-2019-q4/bin/../lib/gcc/arm-none-eabi/9.2.1/thumb/v7e-m/nofp/crtbegin.o

.rodata         0x0800e568      0x3b8
                0x0800e568                . = ALIGN (0x4)
 *(.rodata)
 *(.rodata*)
 .rodata.main.str1.4
                0x0800e568        0x8 CMakeFiles/STM32F4.elf.dir/Core/Src/main.c.obj
 .rodata.AHBPrescTable
                0x0800e570       0x10 CMakeFiles/STM32F4.elf.dir/Core/Src/system_stm32f4xx.c.obj
                0x0800e570                AHBPrescTable
 .rodata.APBPrescTable
                0x0800e580        0x8 CMakeFiles/STM32F4.elf.dir/Core/Src/system_stm32f4xx.c.obj
                0x0800e580                APBPrescTable
 .rodata.flagBitshiftOffset.7642
                0x0800e588        0x8 CMakeFiles/STM32F4.elf.dir/Drivers/STM32F4xx_HAL_Driver/Src/stm32f4xx_hal_dma.c.obj
 .rodata._ZTS7LedBase
                0x0800e590        0x9 CMakeFiles/STM32F4.elf.dir/Port/led_stm32.cpp.obj
                0x0800e590                typeinfo name for LedBase
 *fill*         0x0800e599        0x3 
 .rodata._ZTI7LedBase
                0x0800e59c        0x8 CMakeFiles/STM32F4.elf.dir/Port/led_stm32.cpp.obj
                0x0800e59c                typeinfo for LedBase
 .rodata._ZTI3Led
                0x0800e5a4        0xc CMakeFiles/STM32F4.elf.dir/Port/led_stm32.cpp.obj
                0x0800e5a4                typeinfo for Led
 .rodata._ZTS3Led
                0x0800e5b0        0x5 CMakeFiles/STM32F4.elf.dir/Port/led_stm32.cpp.obj
                0x0800e5b0                typeinfo name for Led
 *fill*         0x0800e5b5        0x3 
 .rodata._ZTV3Led
                0x0800e5b8        0xc CMakeFiles/STM32F4.elf.dir/Port/led_stm32.cpp.obj
                0x0800e5b8                vtable for Led
 .rodata._ZTIN10__cxxabiv117__class_type_infoE
                0x0800e5c4        0xc d:/developper/mcu/stm32/env/gcc-arm-none-eabi-9-2019-q4/bin/../lib/gcc/arm-none-eabi/9.2.1/../../../../arm-none-eabi/lib/thumb/v7e-m/nofp\libstdc++.a(class_type_info.o)
                0x0800e5c4                typeinfo for __cxxabiv1::__class_type_info
 .rodata._ZTSN10__cxxabiv117__class_type_infoE
                0x0800e5d0       0x22 d:/developper/mcu/stm32/env/gcc-arm-none-eabi-9-2019-q4/bin/../lib/gcc/arm-none-eabi/9.2.1/../../../../arm-none-eabi/lib/thumb/v7e-m/nofp\libstdc++.a(class_type_info.o)
                0x0800e5d0                typeinfo name for __cxxabiv1::__class_type_info
 *fill*         0x0800e5f2        0x2 
 .rodata._ZTVN10__cxxabiv117__class_type_infoE
                0x0800e5f4       0x2c d:/developper/mcu/stm32/env/gcc-arm-none-eabi-9-2019-q4/bin/../lib/gcc/arm-none-eabi/9.2.1/../../../../arm-none-eabi/lib/thumb/v7e-m/nofp\libstdc++.a(class_type_info.o)
                0x0800e5f4                vtable for __cxxabiv1::__class_type_info
 .rodata._ZTIN10__cxxabiv120__si_class_type_infoE
                0x0800e620        0xc d:/developper/mcu/stm32/env/gcc-arm-none-eabi-9-2019-q4/bin/../lib/gcc/arm-none-eabi/9.2.1/../../../../arm-none-eabi/lib/thumb/v7e-m/nofp\libstdc++.a(si_class_type_info.o)
                0x0800e620                typeinfo for __cxxabiv1::__si_class_type_info
 .rodata._ZTSN10__cxxabiv120__si_class_type_infoE
                0x0800e62c       0x25 d:/developper/mcu/stm32/env/gcc-arm-none-eabi-9-2019-q4/bin/../lib/gcc/arm-none-eabi/9.2.1/../../../../arm-none-eabi/lib/thumb/v7e-m/nofp\libstdc++.a(si_class_type_info.o)
                0x0800e62c                typeinfo name for __cxxabiv1::__si_class_type_info
 *fill*         0x0800e651        0x3 
 .rodata._ZTVN10__cxxabiv120__si_class_type_infoE
                0x0800e654       0x2c d:/developper/mcu/stm32/env/gcc-arm-none-eabi-9-2019-q4/bin/../lib/gcc/arm-none-eabi/9.2.1/../../../../arm-none-eabi/lib/thumb/v7e-m/nofp\libstdc++.a(si_class_type_info.o)
                0x0800e654                vtable for __cxxabiv1::__si_class_type_info
 .rodata._ZTISt9type_info
                0x0800e680        0x8 d:/developper/mcu/stm32/env/gcc-arm-none-eabi-9-2019-q4/bin/../lib/gcc/arm-none-eabi/9.2.1/../../../../arm-none-eabi/lib/thumb/v7e-m/nofp\libstdc++.a(tinfo.o)
                0x0800e680                typeinfo for std::type_info
 .rodata._ZTSSt9type_info
                0x0800e688        0xd d:/developper/mcu/stm32/env/gcc-arm-none-eabi-9-2019-q4/bin/../lib/gcc/arm-none-eabi/9.2.1/../../../../arm-none-eabi/lib/thumb/v7e-m/nofp\libstdc++.a(tinfo.o)
                0x0800e688                typeinfo name for std::type_info
 *fill*         0x0800e695        0x3 
 .rodata._global_impure_ptr
                0x0800e698        0x4 d:/developper/mcu/stm32/env/gcc-arm-none-eabi-9-2019-q4/bin/../lib/gcc/arm-none-eabi/9.2.1/../../../../arm-none-eabi/lib/thumb/v7e-m/nofp\libg.a(lib_a-impure.o)
                0x0800e698                _global_impure_ptr
 .rodata._vfprintf_r.str1.4
                0x0800e69c       0x42 d:/developper/mcu/stm32/env/gcc-arm-none-eabi-9-2019-q4/bin/../lib/gcc/arm-none-eabi/9.2.1/../../../../arm-none-eabi/lib/thumb/v7e-m/nofp\libg.a(lib_a-vfprintf.o)
 *fill*         0x0800e6de        0x2 
 .rodata.blanks.7360
                0x0800e6e0       0x10 d:/developper/mcu/stm32/env/gcc-arm-none-eabi-9-2019-q4/bin/../lib/gcc/arm-none-eabi/9.2.1/../../../../arm-none-eabi/lib/thumb/v7e-m/nofp\libg.a(lib_a-vfprintf.o)
 .rodata.zeroes.7361
                0x0800e6f0       0x10 d:/developper/mcu/stm32/env/gcc-arm-none-eabi-9-2019-q4/bin/../lib/gcc/arm-none-eabi/9.2.1/../../../../arm-none-eabi/lib/thumb/v7e-m/nofp\libg.a(lib_a-vfprintf.o)
 .rodata._dtoa_r.str1.4
                0x0800e700        0xd d:/developper/mcu/stm32/env/gcc-arm-none-eabi-9-2019-q4/bin/../lib/gcc/arm-none-eabi/9.2.1/../../../../arm-none-eabi/lib/thumb/v7e-m/nofp\libg.a(lib_a-dtoa.o)
                                 0x12 (size before relaxing)
 *fill*         0x0800e70d        0x3 
 .rodata.__mprec_bigtens
                0x0800e710       0x28 d:/developper/mcu/stm32/env/gcc-arm-none-eabi-9-2019-q4/bin/../lib/gcc/arm-none-eabi/9.2.1/../../../../arm-none-eabi/lib/thumb/v7e-m/nofp\libg.a(lib_a-mprec.o)
                0x0800e710                __mprec_bigtens
 .rodata.__mprec_tens
                0x0800e738       0xc8 d:/developper/mcu/stm32/env/gcc-arm-none-eabi-9-2019-q4/bin/../lib/gcc/arm-none-eabi/9.2.1/../../../../arm-none-eabi/lib/thumb/v7e-m/nofp\libg.a(lib_a-mprec.o)
                0x0800e738                __mprec_tens
 .rodata.p05.6115
                0x0800e800        0xc d:/developper/mcu/stm32/env/gcc-arm-none-eabi-9-2019-q4/bin/../lib/gcc/arm-none-eabi/9.2.1/../../../../arm-none-eabi/lib/thumb/v7e-m/nofp\libg.a(lib_a-mprec.o)
 .rodata._setlocale_r.str1.4
                0x0800e80c        0xa d:/developper/mcu/stm32/env/gcc-arm-none-eabi-9-2019-q4/bin/../lib/gcc/arm-none-eabi/9.2.1/../../../../arm-none-eabi/lib/thumb/v7e-m/nofp\libg.a(lib_a-locale.o)
                                  0xd (size before relaxing)
 *fill*         0x0800e816        0x2 
 .rodata.str1.4
                0x0800e818        0x2 d:/developper/mcu/stm32/env/gcc-arm-none-eabi-9-2019-q4/bin/../lib/gcc/arm-none-eabi/9.2.1/../../../../arm-none-eabi/lib/thumb/v7e-m/nofp\libg.a(lib_a-locale.o)
 *fill*         0x0800e81a        0x2 
 .rodata._ctype_
                0x0800e81c      0x101 d:/developper/mcu/stm32/env/gcc-arm-none-eabi-9-2019-q4/bin/../lib/gcc/arm-none-eabi/9.2.1/../../../../arm-none-eabi/lib/thumb/v7e-m/nofp\libg.a(lib_a-ctype_.o)
                0x0800e81c                _ctype_
                0x0800e920                . = ALIGN (0x4)
 *fill*         0x0800e91d        0x3 

.ARM.extab      0x0800e920       0x30
                0x0800e920                . = ALIGN (0x4)
 *(.ARM.extab* .gnu.linkonce.armextab.*)
 .ARM.extab.text._ZN3Led11SetLedStateEhb
                0x0800e920        0xc CMakeFiles/STM32F4.elf.dir/Port/led_stm32.cpp.obj
 .ARM.extab.text.Tim1Callback100Hz
                0x0800e92c        0xc CMakeFiles/STM32F4.elf.dir/UserApp/main.cpp.obj
 .ARM.extab     0x0800e938       0x18 d:/developper/mcu/stm32/env/gcc-arm-none-eabi-9-2019-q4/bin/../lib/gcc/arm-none-eabi/9.2.1/thumb/v7e-m/nofp\libgcc.a(pr-support.o)
                0x0800e950                . = ALIGN (0x4)

.ARM            0x0800e950       0xf8
                0x0800e950                . = ALIGN (0x4)
                0x0800e950                __exidx_start = .
 *(.ARM.exidx*)
 .ARM.exidx.text._ZN7LedBase6ToggleEv
                0x0800ea08       0x10 CMakeFiles/STM32F4.elf.dir/Ctrl/Signal/led_base.cpp.obj
                                  0x8 (size before relaxing)
 .ARM.exidx.text._ZN3Led11SetLedStateEhb
                0x0800ea18        0x8 CMakeFiles/STM32F4.elf.dir/Port/led_stm32.cpp.obj
 .ARM.exidx.text.Tim1Callback100Hz
                0x0800ea20        0x8 CMakeFiles/STM32F4.elf.dir/UserApp/main.cpp.obj
 .ARM.exidx.text._ZNK10__cxxabiv117__class_type_info11__do_upcastEPKS0_PPv
                0x0800ea28        0x8 d:/developper/mcu/stm32/env/gcc-arm-none-eabi-9-2019-q4/bin/../lib/gcc/arm-none-eabi/9.2.1/../../../../arm-none-eabi/lib/thumb/v7e-m/nofp\libstdc++.a(class_type_info.o)
 .ARM.exidx.text._ZNK10__cxxabiv117__class_type_info20__do_find_public_srcEiPKvPKS0_S2_
                0x0800ea30        0x8 d:/developper/mcu/stm32/env/gcc-arm-none-eabi-9-2019-q4/bin/../lib/gcc/arm-none-eabi/9.2.1/../../../../arm-none-eabi/lib/thumb/v7e-m/nofp\libstdc++.a(class_type_info.o)
 .ARM.exidx.text._ZN10__cxxabiv117__class_type_infoD2Ev
                0x0800ea38        0x0 d:/developper/mcu/stm32/env/gcc-arm-none-eabi-9-2019-q4/bin/../lib/gcc/arm-none-eabi/9.2.1/../../../../arm-none-eabi/lib/thumb/v7e-m/nofp\libstdc++.a(class_type_info.o)
                                  0x8 (size before relaxing)
 .ARM.exidx.text._ZN10__cxxabiv117__class_type_infoD0Ev
                0x0800ea38        0x0 d:/developper/mcu/stm32/env/gcc-arm-none-eabi-9-2019-q4/bin/../lib/gcc/arm-none-eabi/9.2.1/../../../../arm-none-eabi/lib/thumb/v7e-m/nofp\libstdc++.a(class_type_info.o)
                                  0x8 (size before relaxing)
 .ARM.exidx.text._ZNK10__cxxabiv117__class_type_info12__do_dyncastEiNS0_10__sub_kindEPKS0_PKvS3_S5_RNS0_16__dyncast_resultE
                0x0800ea38        0x0 d:/developper/mcu/stm32/env/gcc-arm-none-eabi-9-2019-q4/bin/../lib/gcc/arm-none-eabi/9.2.1/../../../../arm-none-eabi/lib/thumb/v7e-m/nofp\libstdc++.a(class_type_info.o)
                                  0x8 (size before relaxing)
 .ARM.exidx.text._ZNK10__cxxabiv117__class_type_info11__do_upcastEPKS0_PKvRNS0_15__upcast_resultE
                0x0800ea38        0x0 d:/developper/mcu/stm32/env/gcc-arm-none-eabi-9-2019-q4/bin/../lib/gcc/arm-none-eabi/9.2.1/../../../../arm-none-eabi/lib/thumb/v7e-m/nofp\libstdc++.a(class_type_info.o)
                                  0x8 (size before relaxing)
 .ARM.exidx.text._ZNK10__cxxabiv117__class_type_info10__do_catchEPKSt9type_infoPPvj
                0x0800ea38        0x0 d:/developper/mcu/stm32/env/gcc-arm-none-eabi-9-2019-q4/bin/../lib/gcc/arm-none-eabi/9.2.1/../../../../arm-none-eabi/lib/thumb/v7e-m/nofp\libstdc++.a(class_type_info.o)
                                  0x8 (size before relaxing)
 .ARM.exidx.text._ZdlPvj
                0x0800ea38        0x0 d:/developper/mcu/stm32/env/gcc-arm-none-eabi-9-2019-q4/bin/../lib/gcc/arm-none-eabi/9.2.1/../../../../arm-none-eabi/lib/thumb/v7e-m/nofp\libstdc++.a(del_ops.o)
                                  0x8 (size before relaxing)
 .ARM.exidx.text._ZN10__cxxabiv120__si_class_type_infoD2Ev
                0x0800ea38        0x0 d:/developper/mcu/stm32/env/gcc-arm-none-eabi-9-2019-q4/bin/../lib/gcc/arm-none-eabi/9.2.1/../../../../arm-none-eabi/lib/thumb/v7e-m/nofp\libstdc++.a(si_class_type_info.o)
                                  0x8 (size before relaxing)
 .ARM.exidx.text._ZN10__cxxabiv120__si_class_type_infoD0Ev
                0x0800ea38        0x0 d:/developper/mcu/stm32/env/gcc-arm-none-eabi-9-2019-q4/bin/../lib/gcc/arm-none-eabi/9.2.1/../../../../arm-none-eabi/lib/thumb/v7e-m/nofp\libstdc++.a(si_class_type_info.o)
                                  0x8 (size before relaxing)
 .ARM.exidx.text._ZNK10__cxxabiv120__si_class_type_info20__do_find_public_srcEiPKvPKNS_17__class_type_infoES2_
                0x0800ea38        0x0 d:/developper/mcu/stm32/env/gcc-arm-none-eabi-9-2019-q4/bin/../lib/gcc/arm-none-eabi/9.2.1/../../../../arm-none-eabi/lib/thumb/v7e-m/nofp\libstdc++.a(si_class_type_info.o)
                                  0x8 (size before relaxing)
 .ARM.exidx.text._ZNK10__cxxabiv120__si_class_type_info12__do_dyncastEiNS_17__class_type_info10__sub_kindEPKS1_PKvS4_S6_RNS1_16__dyncast_resultE
                0x0800ea38        0x0 d:/developper/mcu/stm32/env/gcc-arm-none-eabi-9-2019-q4/bin/../lib/gcc/arm-none-eabi/9.2.1/../../../../arm-none-eabi/lib/thumb/v7e-m/nofp\libstdc++.a(si_class_type_info.o)
                                  0x8 (size before relaxing)
 .ARM.exidx.text._ZNK10__cxxabiv120__si_class_type_info11__do_upcastEPKNS_17__class_type_infoEPKvRNS1_15__upcast_resultE
                0x0800ea38        0x8 d:/developper/mcu/stm32/env/gcc-arm-none-eabi-9-2019-q4/bin/../lib/gcc/arm-none-eabi/9.2.1/../../../../arm-none-eabi/lib/thumb/v7e-m/nofp\libstdc++.a(si_class_type_info.o)
 .ARM.exidx.text._ZNSt9type_infoD2Ev
                0x0800ea40        0x8 d:/developper/mcu/stm32/env/gcc-arm-none-eabi-9-2019-q4/bin/../lib/gcc/arm-none-eabi/9.2.1/../../../../arm-none-eabi/lib/thumb/v7e-m/nofp\libstdc++.a(tinfo.o)
 .ARM.exidx.text._ZNKSt9type_info14__is_pointer_pEv
                0x0800ea48        0x0 d:/developper/mcu/stm32/env/gcc-arm-none-eabi-9-2019-q4/bin/../lib/gcc/arm-none-eabi/9.2.1/../../../../arm-none-eabi/lib/thumb/v7e-m/nofp\libstdc++.a(tinfo.o)
                                  0x8 (size before relaxing)
 .ARM.exidx.text._ZNKSt9type_infoeqERKS_
                0x0800ea48        0x0 d:/developper/mcu/stm32/env/gcc-arm-none-eabi-9-2019-q4/bin/../lib/gcc/arm-none-eabi/9.2.1/../../../../arm-none-eabi/lib/thumb/v7e-m/nofp\libstdc++.a(tinfo.o)
                                  0x8 (size before relaxing)
 .ARM.exidx.text._ZdlPv
                0x0800ea48        0x0 d:/developper/mcu/stm32/env/gcc-arm-none-eabi-9-2019-q4/bin/../lib/gcc/arm-none-eabi/9.2.1/../../../../arm-none-eabi/lib/thumb/v7e-m/nofp\libstdc++.a(del_op.o)
                                  0x8 (size before relaxing)
 .ARM.exidx     0x0800e950        0x8 d:/developper/mcu/stm32/env/gcc-arm-none-eabi-9-2019-q4/bin/../lib/gcc/arm-none-eabi/9.2.1/thumb/v7e-m/nofp\libgcc.a(_udivmoddi4.o)
 .ARM.exidx     0x0800e958       0x78 d:/developper/mcu/stm32/env/gcc-arm-none-eabi-9-2019-q4/bin/../lib/gcc/arm-none-eabi/9.2.1/thumb/v7e-m/nofp\libgcc.a(unwind-arm.o)
                                 0xd8 (size before relaxing)
 .ARM.exidx     0x0800e9d0       0x38 d:/developper/mcu/stm32/env/gcc-arm-none-eabi-9-2019-q4/bin/../lib/gcc/arm-none-eabi/9.2.1/thumb/v7e-m/nofp\libgcc.a(pr-support.o)
                0x0800ea48                __exidx_end = .
                0x0800ea48                . = ALIGN (0x4)

.rel.dyn        0x0800ea48        0x0
 .rel.iplt      0x0800ea48        0x0 d:/developper/mcu/stm32/env/gcc-arm-none-eabi-9-2019-q4/bin/../lib/gcc/arm-none-eabi/9.2.1/thumb/v7e-m/nofp/crtbegin.o

.preinit_array  0x0800ea48        0x0
                0x0800ea48                . = ALIGN (0x4)
                0x0800ea48                PROVIDE (__preinit_array_start = .)
 *(.preinit_array*)
                0x0800ea48                PROVIDE (__preinit_array_end = .)
                0x0800ea48                . = ALIGN (0x4)

.init_array     0x0800ea48        0x8
                0x0800ea48                . = ALIGN (0x4)
                0x0800ea48                PROVIDE (__init_array_start = .)
 *(SORT_BY_NAME(.init_array.*))
 .init_array.00000
                0x0800ea48        0x4 d:/developper/mcu/stm32/env/gcc-arm-none-eabi-9-2019-q4/bin/../lib/gcc/arm-none-eabi/9.2.1/../../../../arm-none-eabi/lib/thumb/v7e-m/nofp\libg.a(lib_a-__call_atexit.o)
 *(.init_array*)
 .init_array    0x0800ea4c        0x4 d:/developper/mcu/stm32/env/gcc-arm-none-eabi-9-2019-q4/bin/../lib/gcc/arm-none-eabi/9.2.1/thumb/v7e-m/nofp/crtbegin.o
                0x0800ea50                PROVIDE (__init_array_end = .)
                0x0800ea50                . = ALIGN (0x4)

.fini_array     0x0800ea50        0x4
                0x0800ea50                . = ALIGN (0x4)
                0x0800ea50                PROVIDE (__fini_array_start = .)
 *(SORT_BY_NAME(.fini_array.*))
 *(.fini_array*)
 .fini_array    0x0800ea50        0x4 d:/developper/mcu/stm32/env/gcc-arm-none-eabi-9-2019-q4/bin/../lib/gcc/arm-none-eabi/9.2.1/thumb/v7e-m/nofp/crtbegin.o
                0x0800ea54                PROVIDE (__fini_array_end = .)
                0x0800ea54                . = ALIGN (0x4)
                0x0800ea54                _sidata = LOADADDR (.data)

.data           0x20000000      0x9d8 load address 0x0800ea54
                0x20000000                . = ALIGN (0x4)
                0x20000000                _sdata = .
 *(.data)
 *(.data*)
 .data.SystemCoreClock
                0x20000000        0x4 CMakeFiles/STM32F4.elf.dir/Core/Src/system_stm32f4xx.c.obj
                0x20000000                SystemCoreClock
 .data.uwTickFreq
                0x20000004        0x1 CMakeFiles/STM32F4.elf.dir/Drivers/STM32F4xx_HAL_Driver/Src/stm32f4xx_hal.c.obj
                0x20000004                uwTickFreq
 *fill*         0x20000005        0x3 
 .data.uwTickPrio
                0x20000008        0x4 CMakeFiles/STM32F4.elf.dir/Drivers/STM32F4xx_HAL_Driver/Src/stm32f4xx_hal.c.obj
                0x20000008                uwTickPrio
 .data.statusLed
                0x2000000c       0x1c CMakeFiles/STM32F4.elf.dir/UserApp/main.cpp.obj
                0x2000000c                statusLed
 .data._impure_ptr
                0x20000028        0x4 d:/developper/mcu/stm32/env/gcc-arm-none-eabi-9-2019-q4/bin/../lib/gcc/arm-none-eabi/9.2.1/../../../../arm-none-eabi/lib/thumb/v7e-m/nofp\libg.a(lib_a-impure.o)
                0x20000028                _impure_ptr
 *fill*         0x2000002c        0x4 
 .data.impure_data
                0x20000030      0x428 d:/developper/mcu/stm32/env/gcc-arm-none-eabi-9-2019-q4/bin/../lib/gcc/arm-none-eabi/9.2.1/../../../../arm-none-eabi/lib/thumb/v7e-m/nofp\libg.a(lib_a-impure.o)
 .data.__malloc_av_
                0x20000458      0x408 d:/developper/mcu/stm32/env/gcc-arm-none-eabi-9-2019-q4/bin/../lib/gcc/arm-none-eabi/9.2.1/../../../../arm-none-eabi/lib/thumb/v7e-m/nofp\libg.a(lib_a-mallocr.o)
                0x20000458                __malloc_av_
 .data.__malloc_sbrk_base
                0x20000860        0x4 d:/developper/mcu/stm32/env/gcc-arm-none-eabi-9-2019-q4/bin/../lib/gcc/arm-none-eabi/9.2.1/../../../../arm-none-eabi/lib/thumb/v7e-m/nofp\libg.a(lib_a-mallocr.o)
                0x20000860                __malloc_sbrk_base
 .data.__malloc_trim_threshold
                0x20000864        0x4 d:/developper/mcu/stm32/env/gcc-arm-none-eabi-9-2019-q4/bin/../lib/gcc/arm-none-eabi/9.2.1/../../../../arm-none-eabi/lib/thumb/v7e-m/nofp\libg.a(lib_a-mallocr.o)
                0x20000864                __malloc_trim_threshold
 .data.__atexit_recursive_mutex
                0x20000868        0x4 d:/developper/mcu/stm32/env/gcc-arm-none-eabi-9-2019-q4/bin/../lib/gcc/arm-none-eabi/9.2.1/../../../../arm-none-eabi/lib/thumb/v7e-m/nofp\libg.a(lib_a-__call_atexit.o)
                0x20000868                __atexit_recursive_mutex
 .data.__global_locale
                0x2000086c      0x16c d:/developper/mcu/stm32/env/gcc-arm-none-eabi-9-2019-q4/bin/../lib/gcc/arm-none-eabi/9.2.1/../../../../arm-none-eabi/lib/thumb/v7e-m/nofp\libg.a(lib_a-locale.o)
                0x2000086c                __global_locale
 *(.RamFunc)
 *(.RamFunc*)
                0x200009d8                . = ALIGN (0x4)
                0x200009d8                _edata = .
                0x0800f42c                _siccmram = LOADADDR (.ccmram)

.igot.plt       0x200009d8        0x0 load address 0x0800f42c
 .igot.plt      0x200009d8        0x0 d:/developper/mcu/stm32/env/gcc-arm-none-eabi-9-2019-q4/bin/../lib/gcc/arm-none-eabi/9.2.1/thumb/v7e-m/nofp/crtbegin.o

.ccmram         0x10000000        0x0 load address 0x0800f42c
                0x10000000                . = ALIGN (0x4)
                0x10000000                _sccmram = .
 *(.ccmram)
 *(.ccmram*)
                0x10000000                . = ALIGN (0x4)
                0x10000000                _eccmram = .
                0x10000000                . = ALIGN (0x4)

.bss            0x200009d8      0x548
                0x200009d8                _sbss = .
                0x200009d8                __bss_start__ = _sbss
 *(.bss)
 .bss           0x200009d8       0x1c d:/developper/mcu/stm32/env/gcc-arm-none-eabi-9-2019-q4/bin/../lib/gcc/arm-none-eabi/9.2.1/thumb/v7e-m/nofp/crtbegin.o
 *(.bss*)
 .bss.hadc1     0x200009f4       0x48 CMakeFiles/STM32F4.elf.dir/Core/Src/adc.c.obj
                0x200009f4                hadc1
 .bss.hdma_adc1
                0x20000a3c       0x60 CMakeFiles/STM32F4.elf.dir/Core/Src/adc.c.obj
                0x20000a3c                hdma_adc1
 .bss.FSMC_Initialized
                0x20000a9c        0x4 CMakeFiles/STM32F4.elf.dir/Core/Src/fsmc.c.obj
 .bss.hsram1    0x20000aa0       0x50 CMakeFiles/STM32F4.elf.dir/Core/Src/fsmc.c.obj
                0x20000aa0                hsram1
 .bss.POINT_COLOR
                0x20000af0        0x2 CMakeFiles/STM32F4.elf.dir/Core/Src/lcd.c.obj