Archive member included to satisfy reference by file (symbol)

d:/developper/mcu/stm32/env/gcc-arm-none-eabi-9-2019-q4/bin/../lib/gcc/arm-none-eabi/9.2.1/../../../../arm-none-eabi/lib/thumb/v7e-m/nofp\libstdc++.a(class_type_info.o)
                              CMakeFiles/STM32F4.elf.dir/Port/lcd_stm32.cpp.obj (vtable for __cxxabiv1::__class_type_info)
d:/developper/mcu/stm32/env/gcc-arm-none-eabi-9-2019-q4/bin/../lib/gcc/arm-none-eabi/9.2.1/../../../../arm-none-eabi/lib/thumb/v7e-m/nofp\libstdc++.a(del_ops.o)
                              d:/developper/mcu/stm32/env/gcc-arm-none-eabi-9-2019-q4/bin/../lib/gcc/arm-none-eabi/9.2.1/../../../../arm-none-eabi/lib/thumb/v7e-m/nofp\libstdc++.a(class_type_info.o) (operator delete(void*, unsigned int))
d:/developper/mcu/stm32/env/gcc-arm-none-eabi-9-2019-q4/bin/../lib/gcc/arm-none-eabi/9.2.1/../../../../arm-none-eabi/lib/thumb/v7e-m/nofp\libstdc++.a(si_class_type_info.o)
                              CMakeFiles/STM32F4.elf.dir/Port/lcd_stm32.cpp.obj (vtable for __cxxabiv1::__si_class_type_info)
d:/developper/mcu/stm32/env/gcc-arm-none-eabi-9-2019-q4/bin/../lib/gcc/arm-none-eabi/9.2.1/../../../../arm-none-eabi/lib/thumb/v7e-m/nofp\libstdc++.a(tinfo.o)
                              d:/developper/mcu/stm32/env/gcc-arm-none-eabi-9-2019-q4/bin/../lib/gcc/arm-none-eabi/9.2.1/../../../../arm-none-eabi/lib/thumb/v7e-m/nofp\libstdc++.a(class_type_info.o) (std::type_info::~type_info())
d:/developper/mcu/stm32/env/gcc-arm-none-eabi-9-2019-q4/bin/../lib/gcc/arm-none-eabi/9.2.1/../../../../arm-none-eabi/lib/thumb/v7e-m/nofp\libstdc++.a(del_op.o)
                              d:/developper/mcu/stm32/env/gcc-arm-none-eabi-9-2019-q4/bin/../lib/gcc/arm-none-eabi/9.2.1/../../../../arm-none-eabi/lib/thumb/v7e-m/nofp\libstdc++.a(del_ops.o) (operator delete(void*))
d:/developper/mcu/stm32/env/gcc-arm-none-eabi-9-2019-q4/bin/../lib/gcc/arm-none-eabi/9.2.1/thumb/v7e-m/nofp\libgcc.a(_arm_muldf3.o)
                              CMakeFiles/STM32F4.elf.dir/Core/Src/lcd.c.obj (__aeabi_dmul)
d:/developper/mcu/stm32/env/gcc-arm-none-eabi-9-2019-q4/bin/../lib/gcc/arm-none-eabi/9.2.1/thumb/v7e-m/nofp\libgcc.a(_arm_addsubdf3.o)
                              CMakeFiles/STM32F4.elf.dir/Core/Src/lcd.c.obj (__aeabi_i2d)
d:/developper/mcu/stm32/env/gcc-arm-none-eabi-9-2019-q4/bin/../lib/gcc/arm-none-eabi/9.2.1/thumb/v7e-m/nofp\libgcc.a(_arm_fixunsdfsi.o)
                              CMakeFiles/STM32F4.elf.dir/Core/Src/lcd.c.obj (__aeabi_d2uiz)
d:/developper/mcu/stm32/env/gcc-arm-none-eabi-9-2019-q4/bin/../lib/gcc/arm-none-eabi/9.2.1/thumb/v7e-m/nofp\libgcc.a(_aeabi_uldivmod.o)
                              CMakeFiles/STM32F4.elf.dir/Drivers/STM32F4xx_HAL_Driver/Src/stm32f4xx_hal_rcc.c.obj (__aeabi_uldivmod)
d:/developper/mcu/stm32/env/gcc-arm-none-eabi-9-2019-q4/bin/../lib/gcc/arm-none-eabi/9.2.1/thumb/v7e-m/nofp\libgcc.a(_udivmoddi4.o)
                              d:/developper/mcu/stm32/env/gcc-arm-none-eabi-9-2019-q4/bin/../lib/gcc/arm-none-eabi/9.2.1/thumb/v7e-m/nofp\libgcc.a(_aeabi_uldivmod.o) (__udivmoddi4)
d:/developper/mcu/stm32/env/gcc-arm-none-eabi-9-2019-q4/bin/../lib/gcc/arm-none-eabi/9.2.1/thumb/v7e-m/nofp\libgcc.a(unwind-arm.o)
                              CMakeFiles/STM32F4.elf.dir/Ctrl/Signal/led_base.cpp.obj (__aeabi_unwind_cpp_pr0)
d:/developper/mcu/stm32/env/gcc-arm-none-eabi-9-2019-q4/bin/../lib/gcc/arm-none-eabi/9.2.1/thumb/v7e-m/nofp\libgcc.a(libunwind.o)
                              d:/developper/mcu/stm32/env/gcc-arm-none-eabi-9-2019-q4/bin/../lib/gcc/arm-none-eabi/9.2.1/thumb/v7e-m/nofp\libgcc.a(unwind-arm.o) (restore_core_regs)
d:/developper/mcu/stm32/env/gcc-arm-none-eabi-9-2019-q4/bin/../lib/gcc/arm-none-eabi/9.2.1/thumb/v7e-m/nofp\libgcc.a(pr-support.o)
                              d:/developper/mcu/stm32/env/gcc-arm-none-eabi-9-2019-q4/bin/../lib/gcc/arm-none-eabi/9.2.1/thumb/v7e-m/nofp\libgcc.a(unwind-arm.o) (__gnu_unwind_execute)
d:/developper/mcu/stm32/env/gcc-arm-none-eabi-9-2019-q4/bin/../lib/gcc/arm-none-eabi/9.2.1/thumb/v7e-m/nofp\libgcc.a(_dvmd_tls.o)
                              d:/developper/mcu/stm32/env/gcc-arm-none-eabi-9-2019-q4/bin/../lib/gcc/arm-none-eabi/9.2.1/thumb/v7e-m/nofp\libgcc.a(_aeabi_uldivmod.o) (__aeabi_ldiv0)
d:/developper/mcu/stm32/env/gcc-arm-none-eabi-9-2019-q4/bin/../lib/gcc/arm-none-eabi/9.2.1/../../../../arm-none-eabi/lib/thumb/v7e-m/nofp\libg.a(lib_a-abort.o)
                              d:/developper/mcu/stm32/env/gcc-arm-none-eabi-9-2019-q4/bin/../lib/gcc/arm-none-eabi/9.2.1/thumb/v7e-m/nofp\libgcc.a(unwind-arm.o) (abort)
d:/developper/mcu/stm32/env/gcc-arm-none-eabi-9-2019-q4/bin/../lib/gcc/arm-none-eabi/9.2.1/../../../../arm-none-eabi/lib/thumb/v7e-m/nofp\libg.a(lib_a-errno.o)
                              CMakeFiles/STM32F4.elf.dir/Core/Src/syscalls.c.obj (__errno)
d:/developper/mcu/stm32/env/gcc-arm-none-eabi-9-2019-q4/bin/../lib/gcc/arm-none-eabi/9.2.1/../../../../arm-none-eabi/lib/thumb/v7e-m/nofp\libg.a(lib_a-exit.o)
[...]
Memory Configuration

Name             Origin             Length             Attributes
CCMRAM           0x10000000         0x00010000         xrw
RAM              0x20000000         0x00020000         xrw
FLASH            0x08000000         0x00100000         xr
*default*        0x00000000         0xffffffff

Linker script and memory map

LOAD d:/developper/mcu/stm32/env/gcc-arm-none-eabi-9-2019-q4/bin/../lib/gcc/arm-none-eabi/9.2.1/thumb/v7e-m/nofp/crti.o
LOAD d:/developper/mcu/stm32/env/gcc-arm-none-eabi-9-2019-q4/bin/../lib/gcc/arm-none-eabi/9.2.1/thumb/v7e-m/nofp/crtbegin.o
LOAD d:/developper/mcu/stm32/env/gcc-arm-none-eabi-9-2019-q4/bin/../lib/gcc/arm-none-eabi/9.2.1/../../../../arm-none-eabi/lib/thumb/v7e-m/nofp/crt0.o
LOAD CMakeFiles/STM32F4.elf.dir/Core/Src/dma.c.obj
LOAD CMakeFiles/STM32F4.elf.dir/Core/Src/fsmc.c.obj
LOAD CMakeFiles/STM32F4.elf.dir/Core/Src/gpio.c.obj
LOAD CMakeFiles/STM32F4.elf.dir/Core/Src/lcd.c.obj
LOAD CMakeFiles/STM32F4.elf.dir/Core/Src/main.c.obj
LOAD CMakeFiles/STM32F4.elf.dir/Core/Src/stm32f4xx_hal_msp.c.obj
LOAD CMakeFiles/STM32F4.elf.dir/Core/Src/stm32f4xx_it.c.obj
LOAD CMakeFiles/STM32F4.elf.dir/Core/Src/syscalls.c.obj
LOAD CMakeFiles/STM32F4.elf.dir/Core/Src/sysmem.c.obj
LOAD CMakeFiles/STM32F4.elf.dir/Core/Src/system_stm32f4xx.c.obj
LOAD CMakeFiles/STM32F4.elf.dir/Core/Src/tim.c.obj
LOAD CMakeFiles/STM32F4.elf.dir/Core/Src/usart.c.obj
LOAD CMakeFiles/STM32F4.elf.dir/Core/Startup/startup_stm32f407zgtx.s.obj
LOAD CMakeFiles/STM32F4.elf.dir/Ctrl/Signal/lcd_base.cpp.obj
LOAD CMakeFiles/STM32F4.elf.dir/Ctrl/Signal/led_base.cpp.obj
LOAD CMakeFiles/STM32F4.elf.dir/Drivers/STM32F4xx_HAL_Driver/Src/stm32f4xx_hal.c.obj
LOAD CMakeFiles/STM32F4.elf.dir/Drivers/STM32F4xx_HAL_Driver/Src/stm32f4xx_hal_cortex.c.obj
LOAD CMakeFiles/STM32F4.elf.dir/Drivers/STM32F4xx_HAL_Driver/Src/stm32f4xx_hal_dma.c.obj
LOAD CMakeFiles/STM32F4.elf.dir/Drivers/STM32F4xx_HAL_Driver/Src/stm32f4xx_hal_dma_ex.c.obj
LOAD CMakeFiles/STM32F4.elf.dir/Drivers/STM32F4xx_HAL_Driver/Src/stm32f4xx_hal_exti.c.obj
LOAD CMakeFiles/STM32F4.elf.dir/Drivers/STM32F4xx_HAL_Driver/Src/stm32f4xx_hal_flash.c.obj
LOAD CMakeFiles/STM32F4.elf.dir/Drivers/STM32F4xx_HAL_Driver/Src/stm32f4xx_hal_flash_ex.c.obj
LOAD CMakeFiles/STM32F4.elf.dir/Drivers/STM32F4xx_HAL_Driver/Src/stm32f4xx_hal_flash_ramfunc.c.obj
LOAD CMakeFiles/STM32F4.elf.dir/Drivers/STM32F4xx_HAL_Driver/Src/stm32f4xx_hal_gpio.c.obj
LOAD CMakeFiles/STM32F4.elf.dir/Drivers/STM32F4xx_HAL_Driver/Src/stm32f4xx_hal_pwr.c.obj
LOAD CMakeFiles/STM32F4.elf.dir/Drivers/STM32F4xx_HAL_Driver/Src/stm32f4xx_hal_pwr_ex.c.obj
LOAD CMakeFiles/STM32F4.elf.dir/Drivers/STM32F4xx_HAL_Driver/Src/stm32f4xx_hal_rcc.c.obj
LOAD CMakeFiles/STM32F4.elf.dir/Drivers/STM32F4xx_HAL_Driver/Src/stm32f4xx_hal_rcc_ex.c.obj
LOAD CMakeFiles/STM32F4.elf.dir/Drivers/STM32F4xx_HAL_Driver/Src/stm32f4xx_hal_sram.c.obj
LOAD CMakeFiles/STM32F4.elf.dir/Drivers/STM32F4xx_HAL_Driver/Src/stm32f4xx_hal_tim.c.obj
LOAD CMakeFiles/STM32F4.elf.dir/Drivers/STM32F4xx_HAL_Driver/Src/stm32f4xx_hal_tim_ex.c.obj
LOAD CMakeFiles/STM32F4.elf.dir/Drivers/STM32F4xx_HAL_Driver/Src/stm32f4xx_hal_uart.c.obj
LOAD CMakeFiles/STM32F4.elf.dir/Drivers/STM32F4xx_HAL_Driver/Src/stm32f4xx_ll_fsmc.c.obj
LOAD CMakeFiles/STM32F4.elf.dir/Port/Platform/retarget.c.obj
LOAD CMakeFiles/STM32F4.elf.dir/Port/lcd_stm32.cpp.obj
LOAD CMakeFiles/STM32F4.elf.dir/Port/led_stm32.cpp.obj
LOAD CMakeFiles/STM32F4.elf.dir/UserApp/main.cpp.obj
LOAD d:/developper/mcu/stm32/env/gcc-arm-none-eabi-9-2019-q4/bin/../lib/gcc/arm-none-eabi/9.2.1/../../../../arm-none-eabi/lib/thumb/v7e-m/nofp\libstdc++.a
LOAD d:/developper/mcu/stm32/env/gcc-arm-none-eabi-9-2019-q4/bin/../lib/gcc/arm-none-eabi/9.2.1/../../../../arm-none-eabi/lib/thumb/v7e-m/nofp\libm.a
START GROUP
LOAD d:/developper/mcu/stm32/env/gcc-arm-none-eabi-9-2019-q4/bin/../lib/gcc/arm-none-eabi/9.2.1/thumb/v7e-m/nofp\libgcc.a
LOAD d:/developper/mcu/stm32/env/gcc-arm-none-eabi-9-2019-q4/bin/../lib/gcc/arm-none-eabi/9.2.1/../../../../arm-none-eabi/lib/thumb/v7e-m/nofp\libg.a
LOAD d:/developper/mcu/stm32/env/gcc-arm-none-eabi-9-2019-q4/bin/../lib/gcc/arm-none-eabi/9.2.1/../../../../arm-none-eabi/lib/thumb/v7e-m/nofp\libc.a
END GROUP
LOAD d:/developper/mcu/stm32/env/gcc-arm-none-eabi-9-2019-q4/bin/../lib/gcc/arm-none-eabi/9.2.1/thumb/v7e-m/nofp/crtend.o
LOAD d:/developper/mcu/stm32/env/gcc-arm-none-eabi-9-2019-q4/bin/../lib/gcc/arm-none-eabi/9.2.1/thumb/v7e-m/nofp/crtn.o
                0x20020000                _estack = (ORIGIN (RAM) + LENGTH (RAM))
                0x00000200                _Min_Heap_Size = 0x200
                0x00000400                _Min_Stack_Size = 0x400

.isr_vector     0x08000000      0x188
                0x08000000                . = ALIGN (0x4)
 *(.isr_vector)
 .isr_vector    0x08000000      0x188 CMakeFiles/STM32F4.elf.dir/Core/Startup/startup_stm32f407zgtx.s.obj
                0x08000000                g_pfnVectors
                0x08000188                . = ALIGN (0x4)

.text           0x080001c0     0xd82c
                0x080001c0                . = ALIGN (0x4)
 *(.text)
 .text          0x080001c0       0x40 d:/developper/mcu/stm32/env/gcc-arm-none-eabi-9-2019-q4/bin/../lib/gcc/arm-none-eabi/9.2.1/thumb/v7e-m/nofp/crtbegin.o
 .text          0x08000200      0x378 d:/developper/mcu/stm32/env/gcc-arm-none-eabi-9-2019-q4/bin/../lib/gcc/arm-none-eabi/9.2.1/thumb/v7e-m/nofp\libgcc.a(_arm_addsubdf3.o)
                0x08000200                __aeabi_drsub
                0x08000208                __aeabi_dsub
                0x08000208                __subdf3
                0x0800020c                __aeabi_dadd
                0x0800020c                __adddf3
                0x08000484                __floatunsidf
                0x08000484                __aeabi_ui2d
                0x080004a4                __floatsidf
                0x080004a4                __aeabi_i2d
                0x080004c8                __aeabi_f2d
                0x080004c8                __extendsfdf2
                0x0800050c                __floatundidf
                0x0800050c                __aeabi_ul2d
                0x0800051c                __floatdidf
                0x0800051c                __aeabi_l2d
 .text          0x08000578       0x40 d:/developper/mcu/stm32/env/gcc-arm-none-eabi-9-2019-q4/bin/../lib/gcc/arm-none-eabi/9.2.1/thumb/v7e-m/nofp\libgcc.a(_arm_fixunsdfsi.o)
                0x08000578                __aeabi_d2uiz
                0x08000578                __fixunsdfsi
 .text          0x080005b8       0x30 d:/developper/mcu/stm32/env/gcc-arm-none-eabi-9-2019-q4/bin/../lib/gcc/arm-none-eabi/9.2.1/thumb/v7e-m/nofp\libgcc.a(_aeabi_uldivmod.o)
                0x080005b8                __aeabi_uldivmod
 .text          0x080005e8      0x2c0 d:/developper/mcu/stm32/env/gcc-arm-none-eabi-9-2019-q4/bin/../lib/gcc/arm-none-eabi/9.2.1/thumb/v7e-m/nofp\libgcc.a(_udivmoddi4.o)
                0x080005e8                __udivmoddi4
 .text          0x080008a8      0x9b8 d:/developper/mcu/stm32/env/gcc-arm-none-eabi-9-2019-q4/bin/../lib/gcc/arm-none-eabi/9.2.1/thumb/v7e-m/nofp\libgcc.a(unwind-arm.o)
                0x08000b50                _Unwind_GetCFA
                0x08000b54                __gnu_Unwind_RaiseException
                0x08000bb4                __gnu_Unwind_ForcedUnwind
                0x08000bc8                __gnu_Unwind_Resume
                0x08000c0c                __gnu_Unwind_Resume_or_Rethrow
                0x08000c1c                _Unwind_Complete
                0x08000c20                _Unwind_DeleteException
                0x08000c2c                _Unwind_VRS_Get
                0x08000c74                _Unwind_VRS_Set
                0x08000cbc                __gnu_Unwind_Backtrace
                0x08000fdc                __aeabi_unwind_cpp_pr0
                0x08000fe0                __aeabi_unwind_cpp_pr1
                0x08000fe4                __aeabi_unwind_cpp_pr2
                0x08000fe8                _Unwind_VRS_Pop
 .text          0x08001260      0x1ac d:/developper/mcu/stm32/env/gcc-arm-none-eabi-9-2019-q4/bin/../lib/gcc/arm-none-eabi/9.2.1/thumb/v7e-m/nofp\libgcc.a(libunwind.o)
                0x08001260                __restore_core_regs
                0x08001260                restore_core_regs
                0x08001278                __gnu_Unwind_Restore_VFP
                0x08001280                __gnu_Unwind_Save_VFP
                0x08001288                __gnu_Unwind_Restore_VFP_D
                0x08001290                __gnu_Unwind_Save_VFP_D
                0x08001298                __gnu_Unwind_Restore_VFP_D_16_to_31
                0x080012a0                __gnu_Unwind_Save_VFP_D_16_to_31
                0x080012a8                __gnu_Unwind_Restore_WMMXD
                0x080012ec                __gnu_Unwind_Save_WMMXD
                0x08001330                __gnu_Unwind_Restore_WMMXC
                0x08001344                __gnu_Unwind_Save_WMMXC
                0x08001358                ___Unwind_RaiseException
                0x08001358                _Unwind_RaiseException
                0x0800137c                _Unwind_Resume
                0x0800137c                ___Unwind_Resume
                0x080013a0                _Unwind_Resume_or_Rethrow
                0x080013a0                ___Unwind_Resume_or_Rethrow
                0x080013c4                _Unwind_ForcedUnwind
                0x080013c4                ___Unwind_ForcedUnwind
                0x080013e8                ___Unwind_Backtrace
                0x080013e8                _Unwind_Backtrace
 .text          0x0800140c      0x340 d:/developper/mcu/stm32/env/gcc-arm-none-eabi-9-2019-q4/bin/../lib/gcc/arm-none-eabi/9.2.1/thumb/v7e-m/nofp\libgcc.a(pr-support.o)
                0x08001464                __gnu_unwind_execute
                0x08001700                __gnu_unwind_frame
                0x0800172c                _Unwind_GetRegionStart
                0x08001738                _Unwind_GetLanguageSpecificData
 .text          0x0800174c        0x4 d:/developper/mcu/stm32/env/gcc-arm-none-eabi-9-2019-q4/bin/../lib/gcc/arm-none-eabi/9.2.1/thumb/v7e-m/nofp\libgcc.a(_dvmd_tls.o)
                0x0800174c                __aeabi_idiv0
                0x0800174c                __aeabi_ldiv0
 .text          0x08001750      0x134 d:/developper/mcu/stm32/env/gcc-arm-none-eabi-9-2019-q4/bin/../lib/gcc/arm-none-eabi/9.2.1/../../../../arm-none-eabi/lib/thumb/v7e-m/nofp\libg.a(lib_a-memcpy.o)
                0x08001750                memcpy
 *fill*         0x08001884       0x1c 
 .text          0x080018a0      0x2dc d:/developper/mcu/stm32/env/gcc-arm-none-eabi-9-2019-q4/bin/../lib/gcc/arm-none-eabi/9.2.1/../../../../arm-none-eabi/lib/thumb/v7e-m/nofp\libg.a(lib_a-strcmp.o)
                0x080018a8                strcmp
 *fill*         0x08001b7c        0x4 
 .text          0x08001b80       0xa0 d:/developper/mcu/stm32/env/gcc-arm-none-eabi-9-2019-q4/bin/../lib/gcc/arm-none-eabi/9.2.1/../../../../arm-none-eabi/lib/thumb/v7e-m/nofp\libg.a(lib_a-memchr.o)
                0x08001b80                memchr
 *fill*         0x08001c20       0x20 
 .text          0x08001c40       0xdc d:/developper/mcu/stm32/env/gcc-arm-none-eabi-9-2019-q4/bin/../lib/gcc/arm-none-eabi/9.2.1/../../../../arm-none-eabi/lib/thumb/v7e-m/nofp\libg.a(lib_a-strlen.o)
                0x08001c40                strlen
 .text          0x08001d1c      0x424 d:/developper/mcu/stm32/env/gcc-arm-none-eabi-9-2019-q4/bin/../lib/gcc/arm-none-eabi/9.2.1/thumb/v7e-m/nofp\libgcc.a(_arm_muldivdf3.o)
                0x08001d1c                __aeabi_dmul
                0x08001d1c                __muldf3
                0x08001f70                __divdf3
                0x08001f70                __aeabi_ddiv
 .text          0x08002140      0x110 d:/developper/mcu/stm32/env/gcc-arm-none-eabi-9-2019-q4/bin/../lib/gcc/arm-none-eabi/9.2.1/thumb/v7e-m/nofp\libgcc.a(_arm_cmpdf2.o)
                0x08002140                __gtdf2
                0x08002140                __gedf2
                0x08002148                __ltdf2
                0x08002148                __ledf2
                0x08002150                __nedf2
                0x08002150                __eqdf2
                0x08002150                __cmpdf2
                0x080021cc                __aeabi_cdrcmple
                0x080021dc                __aeabi_cdcmpeq
                0x080021dc                __aeabi_cdcmple
                0x080021ec                __aeabi_dcmpeq
                0x08002200                __aeabi_dcmplt
                0x08002214                __aeabi_dcmple
                0x08002228                __aeabi_dcmpge
                0x0800223c                __aeabi_dcmpgt
 .text          0x08002250       0x2c d:/developper/mcu/stm32/env/gcc-arm-none-eabi-9-2019-q4/bin/../lib/gcc/arm-none-eabi/9.2.1/thumb/v7e-m/nofp\libgcc.a(_arm_unorddf2.o)
                0x08002250                __unorddf2
                0x08002250                __aeabi_dcmpun
 .text          0x0800227c       0x50 d:/developper/mcu/stm32/env/gcc-arm-none-eabi-9-2019-q4/bin/../lib/gcc/arm-none-eabi/9.2.1/thumb/v7e-m/nofp\libgcc.a(_arm_fixdfsi.o)
                0x0800227c                __aeabi_d2iz
                0x0800227c                __fixdfsi
 *(.text*)
 .text.MX_DMA_Init
                0x080022cc       0x44 CMakeFiles/STM32F4.elf.dir/Core/Src/dma.c.obj
                0x080022cc                MX_DMA_Init
 .text.HAL_FSMC_MspInit
                0x08002310       0xa4 CMakeFiles/STM32F4.elf.dir/Core/Src/fsmc.c.obj
 .text.MX_FSMC_Init
                0x080023b4       0x7c CMakeFiles/STM32F4.elf.dir/Core/Src/fsmc.c.obj
                0x080023b4                MX_FSMC_Init
 .text.HAL_SRAM_MspInit
                0x08002430        0x8 CMakeFiles/STM32F4.elf.dir/Core/Src/fsmc.c.obj
                0x08002430                HAL_SRAM_MspInit
 .text.MX_GPIO_Init
                0x08002438       0xf4 CMakeFiles/STM32F4.elf.dir/Core/Src/gpio.c.obj
                0x08002438                MX_GPIO_Init
 .text.LCD_WR_REG
                0x0800252c       0x24 CMakeFiles/STM32F4.elf.dir/Core/Src/lcd.c.obj
                0x0800252c                LCD_WR_REG
 .text.LCD_WR_DATA
                0x08002550       0x24 CMakeFiles/STM32F4.elf.dir/Core/Src/lcd.c.obj
                0x08002550                LCD_WR_DATA
 .text.LCD_RD_DATA
                0x08002574       0x1c CMakeFiles/STM32F4.elf.dir/Core/Src/lcd.c.obj
                0x08002574                LCD_RD_DATA
 .text.LCD_WriteReg
                0x08002590        0xc CMakeFiles/STM32F4.elf.dir/Core/Src/lcd.c.obj
                0x08002590                LCD_WriteReg
 .text.LCD_ReadReg
                0x0800259c       0x12 CMakeFiles/STM32F4.elf.dir/Core/Src/lcd.c.obj
                0x0800259c                LCD_ReadReg
 *fill*         0x080025ae        0x2 
 .text.LCD_WriteRAM_Prepare
                0x080025b0       0x14 CMakeFiles/STM32F4.elf.dir/Core/Src/lcd.c.obj
                0x080025b0                LCD_WriteRAM_Prepare
 .text.LCD_SetCursor
                0x080025c4      0x190 CMakeFiles/STM32F4.elf.dir/Core/Src/lcd.c.obj
                0x080025c4                LCD_SetCursor
 .text.LCD_Scan_Dir
                0x08002754      0x260 CMakeFiles/STM32F4.elf.dir/Core/Src/lcd.c.obj
                0x08002754                LCD_Scan_Dir
 .text.LCD_Fast_DrawPoint
                0x080029b4      0x174 CMakeFiles/STM32F4.elf.dir/Core/Src/lcd.c.obj
                0x080029b4                LCD_Fast_DrawPoint
 .text.LCD_SSD_BackLightSet
                0x08002b28       0x50 CMakeFiles/STM32F4.elf.dir/Core/Src/lcd.c.obj
                0x08002b28                LCD_SSD_BackLightSet
 .text.LCD_Display_Dir
                0x08002b78      0x18c CMakeFiles/STM32F4.elf.dir/Core/Src/lcd.c.obj
                0x08002b78                LCD_Display_Dir
 .text.LCD_Clear
                0x08002d04       0x6c CMakeFiles/STM32F4.elf.dir/Core/Src/lcd.c.obj
                0x08002d04                LCD_Clear
 .text.LCD_Init
                0x08002d70     0x3614 CMakeFiles/STM32F4.elf.dir/Core/Src/lcd.c.obj
                0x08002d70                LCD_Init
 .text.LCD_ShowChar
                0x08006384       0xf8 CMakeFiles/STM32F4.elf.dir/Core/Src/lcd.c.obj
                0x08006384                LCD_ShowChar
 .text.LCD_ShowString
                0x0800647c       0x5a CMakeFiles/STM32F4.elf.dir/Core/Src/lcd.c.obj
                0x0800647c                LCD_ShowString
 .text.Error_Handler
                0x080064d6        0x4 CMakeFiles/STM32F4.elf.dir/Core/Src/main.c.obj
                0x080064d6                Error_Handler
 *fill*         0x080064da        0x2 
 .text.SystemClock_Config
                0x080064dc       0xa4 CMakeFiles/STM32F4.elf.dir/Core/Src/main.c.obj
                0x080064dc                SystemClock_Config
 .text.main     0x08006580       0x38 CMakeFiles/STM32F4.elf.dir/Core/Src/main.c.obj
                0x08006580                main
 .text.HAL_MspInit
                0x080065b8       0x38 CMakeFiles/STM32F4.elf.dir/Core/Src/stm32f4xx_hal_msp.c.obj
                0x080065b8                HAL_MspInit
 .text.NMI_Handler
                0x080065f0        0x2 CMakeFiles/STM32F4.elf.dir/Core/Src/stm32f4xx_it.c.obj
                0x080065f0                NMI_Handler
 .text.HardFault_Handler
                0x080065f2        0x2 CMakeFiles/STM32F4.elf.dir/Core/Src/stm32f4xx_it.c.obj
                0x080065f2                HardFault_Handler
 .text.MemManage_Handler
                0x080065f4        0x2 CMakeFiles/STM32F4.elf.dir/Core/Src/stm32f4xx_it.c.obj
                0x080065f4                MemManage_Handler
 .text.BusFault_Handler
                0x080065f6        0x2 CMakeFiles/STM32F4.elf.dir/Core/Src/stm32f4xx_it.c.obj
                0x080065f6                BusFault_Handler
 .text.UsageFault_Handler
                0x080065f8        0x2 CMakeFiles/STM32F4.elf.dir/Core/Src/stm32f4xx_it.c.obj
                0x080065f8                UsageFault_Handler
 .text.SVC_Handler
                0x080065fa        0x2 CMakeFiles/STM32F4.elf.dir/Core/Src/stm32f4xx_it.c.obj
                0x080065fa                SVC_Handler
 .text.DebugMon_Handler
                0x080065fc        0x2 CMakeFiles/STM32F4.elf.dir/Core/Src/stm32f4xx_it.c.obj
                0x080065fc                DebugMon_Handler
 .text.PendSV_Handler
                0x080065fe        0x2 CMakeFiles/STM32F4.elf.dir/Core/Src/stm32f4xx_it.c.obj
                0x080065fe                PendSV_Handler
 .text.SysTick_Handler
                0x08006600        0x8 CMakeFiles/STM32F4.elf.dir/Core/Src/stm32f4xx_it.c.obj
                0x08006600                SysTick_Handler
 .text.TIM1_UP_TIM10_IRQHandler
                0x08006608        0x8 CMakeFiles/STM32F4.elf.dir/Core/Src/stm32f4xx_it.c.obj
                0x08006608                TIM1_UP_TIM10_IRQHandler
 .text.DMA2_Stream2_IRQHandler
                0x08006610       0x10 CMakeFiles/STM32F4.elf.dir/Core/Src/stm32f4xx_it.c.obj
                0x08006610                DMA2_Stream2_IRQHandler
 .text.DMA2_Stream7_IRQHandler
                0x08006620       0x10 CMakeFiles/STM32F4.elf.dir/Core/Src/stm32f4xx_it.c.obj
                0x08006620                DMA2_Stream7_IRQHandler
 .text._getpid  0x08006630        0x4 CMakeFiles/STM32F4.elf.dir/Core/Src/syscalls.c.obj
                0x08006630                _getpid
 .text._kill    0x08006634       0x10 CMakeFiles/STM32F4.elf.dir/Core/Src/syscalls.c.obj
                0x08006634                _kill
 .text._exit    0x08006644        0xc CMakeFiles/STM32F4.elf.dir/Core/Src/syscalls.c.obj
                0x08006644                _exit
 .text._sbrk    0x08006650       0x48 CMakeFiles/STM32F4.elf.dir/Core/Src/sysmem.c.obj
                0x08006650                _sbrk
 .text.SystemInit
                0x08006698        0x2 CMakeFiles/STM32F4.elf.dir/Core/Src/system_stm32f4xx.c.obj
                0x08006698                SystemInit
 *fill*         0x0800669a        0x2 
 .text.MX_TIM1_Init
                0x0800669c       0x74 CMakeFiles/STM32F4.elf.dir/Core/Src/tim.c.obj
                0x0800669c                MX_TIM1_Init
 .text.MX_TIM7_Init
                0x08006710       0x4c CMakeFiles/STM32F4.elf.dir/Core/Src/tim.c.obj
                0x08006710                MX_TIM7_Init
 .text.HAL_TIM_Base_MspInit
                0x0800675c       0x68 CMakeFiles/STM32F4.elf.dir/Core/Src/tim.c.obj
                0x0800675c                HAL_TIM_Base_MspInit
 .text.delay_us
                0x080067c4       0x30 CMakeFiles/STM32F4.elf.dir/Core/Src/tim.c.obj
                0x080067c4                delay_us
 .text.MX_USART1_UART_Init
                0x080067f4       0x54 CMakeFiles/STM32F4.elf.dir/Core/Src/usart.c.obj
                0x080067f4                MX_USART1_UART_Init
 .text.HAL_UART_MspInit
                0x08006848       0xec CMakeFiles/STM32F4.elf.dir/Core/Src/usart.c.obj
                0x08006848                HAL_UART_MspInit
 .text.Reset_Handler
                0x08006934       0x50 CMakeFiles/STM32F4.elf.dir/Core/Startup/startup_stm32f407zgtx.s.obj
                0x08006934                Reset_Handler
 .text.Default_Handler
                0x08006984        0x2 CMakeFiles/STM32F4.elf.dir/Core/Startup/startup_stm32f407zgtx.s.obj
                0x08006984                RTC_Alarm_IRQHandler
                0x08006984                HASH_RNG_IRQHandler
                0x08006984                EXTI2_IRQHandler
                0x08006984                TIM8_CC_IRQHandler
                0x08006984                TIM1_CC_IRQHandler
                0x08006984                DMA2_Stream5_IRQHandler
                0x08006984                DMA1_Stream5_IRQHandler
                0x08006984                PVD_IRQHandler
                0x08006984                SDIO_IRQHandler
                0x08006984                TAMP_STAMP_IRQHandler
                0x08006984                CAN2_RX1_IRQHandler
                0x08006984                EXTI3_IRQHandler
                0x08006984                TIM8_TRG_COM_TIM14_IRQHandler
                0x08006984                TIM8_UP_TIM13_IRQHandler
                0x08006984                I2C3_ER_IRQHandler
                0x08006984                EXTI0_IRQHandler
                0x08006984                I2C2_EV_IRQHandler
                0x08006984                DMA1_Stream2_IRQHandler
                0x08006984                CAN1_RX0_IRQHandler
                0x08006984                FPU_IRQHandler
                0x08006984                OTG_HS_WKUP_IRQHandler
                0x08006984                CAN2_SCE_IRQHandler
                0x08006984                SPI1_IRQHandler
                0x08006984                TIM6_DAC_IRQHandler
                0x08006984                TIM1_BRK_TIM9_IRQHandler
                0x08006984                DCMI_IRQHandler
                0x08006984                CAN2_RX0_IRQHandler
                0x08006984                DMA2_Stream3_IRQHandler
                0x08006984                USART6_IRQHandler
                0x08006984                USART3_IRQHandler
                0x08006984                CAN1_RX1_IRQHandler
                0x08006984                UART5_IRQHandler
                0x08006984                DMA2_Stream0_IRQHandler
                0x08006984                TIM4_IRQHandler
                0x08006984                I2C1_EV_IRQHandler
                0x08006984                DMA1_Stream6_IRQHandler
                0x08006984                DMA1_Stream1_IRQHandler
                0x08006984                UART4_IRQHandler
                0x08006984                TIM3_IRQHandler
                0x08006984                RCC_IRQHandler
                0x08006984                TIM8_BRK_TIM12_IRQHandler
                0x08006984                Default_Handler
                0x08006984                EXTI15_10_IRQHandler
                0x08006984                ADC_IRQHandler
                0x08006984                DMA1_Stream7_IRQHandler
                0x08006984                TIM7_IRQHandler
                0x08006984                CAN2_TX_IRQHandler
                0x08006984                TIM5_IRQHandler
                0x08006984                I2C3_EV_IRQHandler
                0x08006984                EXTI9_5_IRQHandler
                0x08006984                RTC_WKUP_IRQHandler
                0x08006984                ETH_WKUP_IRQHandler
                0x08006984                SPI2_IRQHandler
                0x08006984                OTG_HS_EP1_IN_IRQHandler
                0x08006984                DMA1_Stream0_IRQHandler
                0x08006984                CAN1_TX_IRQHandler
                0x08006984                EXTI4_IRQHandler
                0x08006984                FSMC_IRQHandler
                0x08006984                ETH_IRQHandler
                0x08006984                OTG_HS_EP1_OUT_IRQHandler
                0x08006984                WWDG_IRQHandler
                0x08006984                TIM2_IRQHandler
                0x08006984                OTG_FS_WKUP_IRQHandler
                0x08006984                TIM1_TRG_COM_TIM11_IRQHandler
                0x08006984                OTG_HS_IRQHandler
                0x08006984                EXTI1_IRQHandler
                0x08006984                USART2_IRQHandler
                0x08006984                I2C2_ER_IRQHandler
                0x08006984                DMA2_Stream1_IRQHandler
                0x08006984                CAN1_SCE_IRQHandler
                0x08006984                FLASH_IRQHandler
                0x08006984                DMA2_Stream4_IRQHandler
                0x08006984                USART1_IRQHandler
                0x08006984                OTG_FS_IRQHandler
                0x08006984                SPI3_IRQHandler
                0x08006984                DMA1_Stream4_IRQHandler
                0x08006984                I2C1_ER_IRQHandler
                0x08006984                DMA2_Stream6_IRQHandler
                0x08006984                DMA1_Stream3_IRQHandler
 .text._ZN7LcdBase4TickEv
                0x08006986        0xa CMakeFiles/STM32F4.elf.dir/Ctrl/Signal/lcd_base.cpp.obj
                0x08006986                LcdBase::Tick()
 .text._ZN7LedBase4TickEbb
                0x08006990       0x1e CMakeFiles/STM32F4.elf.dir/Ctrl/Signal/led_base.cpp.obj
                0x08006990                LedBase::Tick(bool, bool)
 *fill*         0x080069ae        0x2 
 .text._ZN7LedBase6ToggleEv
                0x080069b0       0x28 CMakeFiles/STM32F4.elf.dir/Ctrl/Signal/led_base.cpp.obj
                0x080069b0                LedBase::Toggle()
 .text.HAL_InitTick
                0x080069d8       0x4c CMakeFiles/STM32F4.elf.dir/Drivers/STM32F4xx_HAL_Driver/Src/stm32f4xx_hal.c.obj
                0x080069d8                HAL_InitTick
 .text.HAL_Init
                0x08006a24       0x34 CMakeFiles/STM32F4.elf.dir/Drivers/STM32F4xx_HAL_Driver/Src/stm32f4xx_hal.c.obj
                0x08006a24                HAL_Init
 .text.HAL_IncTick
                0x08006a58       0x18 CMakeFiles/STM32F4.elf.dir/Drivers/STM32F4xx_HAL_Driver/Src/stm32f4xx_hal.c.obj
                0x08006a58                HAL_IncTick
 .text.HAL_GetTick
                0x08006a70        0xc CMakeFiles/STM32F4.elf.dir/Drivers/STM32F4xx_HAL_Driver/Src/stm32f4xx_hal.c.obj
                0x08006a70                HAL_GetTick
 .text.HAL_Delay
                0x08006a7c       0x28 CMakeFiles/STM32F4.elf.dir/Drivers/STM32F4xx_HAL_Driver/Src/stm32f4xx_hal.c.obj
                0x08006a7c                HAL_Delay
 .text.HAL_NVIC_SetPriorityGrouping
                0x08006aa4       0x24 CMakeFiles/STM32F4.elf.dir/Drivers/STM32F4xx_HAL_Driver/Src/stm32f4xx_hal_cortex.c.obj
                0x08006aa4                HAL_NVIC_SetPriorityGrouping
 .text.HAL_NVIC_SetPriority
                0x08006ac8       0x68 CMakeFiles/STM32F4.elf.dir/Drivers/STM32F4xx_HAL_Driver/Src/stm32f4xx_hal_cortex.c.obj
                0x08006ac8                HAL_NVIC_SetPriority
 .text.HAL_NVIC_EnableIRQ
                0x08006b30       0x1c CMakeFiles/STM32F4.elf.dir/Drivers/STM32F4xx_HAL_Driver/Src/stm32f4xx_hal_cortex.c.obj
                0x08006b30                HAL_NVIC_EnableIRQ
 .text.HAL_SYSTICK_Config
                0x08006b4c       0x2c CMakeFiles/STM32F4.elf.dir/Drivers/STM32F4xx_HAL_Driver/Src/stm32f4xx_hal_cortex.c.obj
                0x08006b4c                HAL_SYSTICK_Config
 .text.DMA_SetConfig
                0x08006b78       0x2c CMakeFiles/STM32F4.elf.dir/Drivers/STM32F4xx_HAL_Driver/Src/stm32f4xx_hal_dma.c.obj
 .text.DMA_CalcBaseAndBitshift
                0x08006ba4       0x40 CMakeFiles/STM32F4.elf.dir/Drivers/STM32F4xx_HAL_Driver/Src/stm32f4xx_hal_dma.c.obj
 .text.DMA_CheckFifoParam
                0x08006be4       0x8e CMakeFiles/STM32F4.elf.dir/Drivers/STM32F4xx_HAL_Driver/Src/stm32f4xx_hal_dma.c.obj
 *fill*         0x08006c72        0x2 
 .text.HAL_DMA_Init
                0x08006c74       0xcc CMakeFiles/STM32F4.elf.dir/Drivers/STM32F4xx_HAL_Driver/Src/stm32f4xx_hal_dma.c.obj
                0x08006c74                HAL_DMA_Init
 .text.HAL_DMA_Start_IT
                0x08006d40       0x6a CMakeFiles/STM32F4.elf.dir/Drivers/STM32F4xx_HAL_Driver/Src/stm32f4xx_hal_dma.c.obj
                0x08006d40                HAL_DMA_Start_IT
 *fill*         0x08006daa        0x2 
 .text.HAL_DMA_IRQHandler
                0x08006dac      0x1dc CMakeFiles/STM32F4.elf.dir/Drivers/STM32F4xx_HAL_Driver/Src/stm32f4xx_hal_dma.c.obj
                0x08006dac                HAL_DMA_IRQHandler
 .text.HAL_GPIO_Init
                0x08006f88      0x1d4 CMakeFiles/STM32F4.elf.dir/Drivers/STM32F4xx_HAL_Driver/Src/stm32f4xx_hal_gpio.c.obj
                0x08006f88                HAL_GPIO_Init
 .text.HAL_GPIO_WritePin
                0x0800715c        0xc CMakeFiles/STM32F4.elf.dir/Drivers/STM32F4xx_HAL_Driver/Src/stm32f4xx_hal_gpio.c.obj
                0x0800715c                HAL_GPIO_WritePin
 .text.HAL_RCC_OscConfig
                0x08007168      0x3f8 CMakeFiles/STM32F4.elf.dir/Drivers/STM32F4xx_HAL_Driver/Src/stm32f4xx_hal_rcc.c.obj
                0x08007168                HAL_RCC_OscConfig
 .text.HAL_RCC_GetSysClockFreq
                0x08007560       0xa0 CMakeFiles/STM32F4.elf.dir/Drivers/STM32F4xx_HAL_Driver/Src/stm32f4xx_hal_rcc.c.obj
                0x08007560                HAL_RCC_GetSysClockFreq
 .text.HAL_RCC_ClockConfig
                0x08007600      0x160 CMakeFiles/STM32F4.elf.dir/Drivers/STM32F4xx_HAL_Driver/Src/stm32f4xx_hal_rcc.c.obj
                0x08007600                HAL_RCC_ClockConfig
 .text.HAL_RCC_GetHCLKFreq
                0x08007760        0xc CMakeFiles/STM32F4.elf.dir/Drivers/STM32F4xx_HAL_Driver/Src/stm32f4xx_hal_rcc.c.obj
                0x08007760                HAL_RCC_GetHCLKFreq
 .text.HAL_RCC_GetPCLK1Freq
                0x0800776c       0x20 CMakeFiles/STM32F4.elf.dir/Drivers/STM32F4xx_HAL_Driver/Src/stm32f4xx_hal_rcc.c.obj
                0x0800776c                HAL_RCC_GetPCLK1Freq
 .text.HAL_RCC_GetPCLK2Freq
                0x0800778c       0x20 CMakeFiles/STM32F4.elf.dir/Drivers/STM32F4xx_HAL_Driver/Src/stm32f4xx_hal_rcc.c.obj
                0x0800778c                HAL_RCC_GetPCLK2Freq
 .text.HAL_SRAM_Init
                0x080077ac       0x58 CMakeFiles/STM32F4.elf.dir/Drivers/STM32F4xx_HAL_Driver/Src/stm32f4xx_hal_sram.c.obj
                0x080077ac                HAL_SRAM_Init
 .text.TIM_TI1_ConfigInputStage
                0x08007804       0x24 CMakeFiles/STM32F4.elf.dir/Drivers/STM32F4xx_HAL_Driver/Src/stm32f4xx_hal_tim.c.obj
 .text.TIM_TI2_ConfigInputStage
                0x08007828       0x26 CMakeFiles/STM32F4.elf.dir/Drivers/STM32F4xx_HAL_Driver/Src/stm32f4xx_hal_tim.c.obj
 .text.TIM_ITRx_SetConfig
                0x0800784e       0x10 CMakeFiles/STM32F4.elf.dir/Drivers/STM32F4xx_HAL_Driver/Src/stm32f4xx_hal_tim.c.obj
 *fill*         0x0800785e        0x2 
 .text.HAL_TIM_Base_Start
                0x08007860       0x7c CMakeFiles/STM32F4.elf.dir/Drivers/STM32F4xx_HAL_Driver/Src/stm32f4xx_hal_tim.c.obj
                0x08007860                HAL_TIM_Base_Start
 .text.HAL_TIM_Base_Stop
                0x080078dc       0x28 CMakeFiles/STM32F4.elf.dir/Drivers/STM32F4xx_HAL_Driver/Src/stm32f4xx_hal_tim.c.obj
                0x080078dc                HAL_TIM_Base_Stop
 .text.HAL_TIM_Base_Start_IT
                0x08007904       0x88 CMakeFiles/STM32F4.elf.dir/Drivers/STM32F4xx_HAL_Driver/Src/stm32f4xx_hal_tim.c.obj
                0x08007904                HAL_TIM_Base_Start_IT
 .text.TIM_Base_SetConfig
                0x0800798c       0xc8 CMakeFiles/STM32F4.elf.dir/Drivers/STM32F4xx_HAL_Driver/Src/stm32f4xx_hal_tim.c.obj
                0x0800798c                TIM_Base_SetConfig
 .text.HAL_TIM_Base_Init
                0x08007a54       0x58 CMakeFiles/STM32F4.elf.dir/Drivers/STM32F4xx_HAL_Driver/Src/stm32f4xx_hal_tim.c.obj
                0x08007a54                HAL_TIM_Base_Init
 .text.TIM_ETR_SetConfig
                0x08007aac       0x16 CMakeFiles/STM32F4.elf.dir/Drivers/STM32F4xx_HAL_Driver/Src/stm32f4xx_hal_tim.c.obj
                0x08007aac                TIM_ETR_SetConfig
 .text.HAL_TIM_ConfigClockSource
                0x08007ac2       0xfe CMakeFiles/STM32F4.elf.dir/Drivers/STM32F4xx_HAL_Driver/Src/stm32f4xx_hal_tim.c.obj
                0x08007ac2                HAL_TIM_ConfigClockSource
 .text.HAL_TIMEx_MasterConfigSynchronization
                0x08007bc0       0x88 CMakeFiles/STM32F4.elf.dir/Drivers/STM32F4xx_HAL_Driver/Src/stm32f4xx_hal_tim_ex.c.obj
                0x08007bc0                HAL_TIMEx_MasterConfigSynchronization
 .text.UART_EndTxTransfer
                0x08007c48       0x20 CMakeFiles/STM32F4.elf.dir/Drivers/STM32F4xx_HAL_Driver/Src/stm32f4xx_hal_uart.c.obj
 .text.UART_EndRxTransfer
                0x08007c68       0x5c CMakeFiles/STM32F4.elf.dir/Drivers/STM32F4xx_HAL_Driver/Src/stm32f4xx_hal_uart.c.obj
 .text.UART_SetConfig
                0x08007cc4      0x11c CMakeFiles/STM32F4.elf.dir/Drivers/STM32F4xx_HAL_Driver/Src/stm32f4xx_hal_uart.c.obj
 .text.UART_WaitOnFlagUntilTimeout
                0x08007de0       0x84 CMakeFiles/STM32F4.elf.dir/Drivers/STM32F4xx_HAL_Driver/Src/stm32f4xx_hal_uart.c.obj
 .text.HAL_UART_Init
                0x08007e64       0x5e CMakeFiles/STM32F4.elf.dir/Drivers/STM32F4xx_HAL_Driver/Src/stm32f4xx_hal_uart.c.obj
                0x08007e64                HAL_UART_Init
 .text.HAL_UART_Transmit
                0x08007ec2       0xd8 CMakeFiles/STM32F4.elf.dir/Drivers/STM32F4xx_HAL_Driver/Src/stm32f4xx_hal_uart.c.obj
                0x08007ec2                HAL_UART_Transmit
 .text.HAL_UART_Receive
                0x08007f9a       0xe4 CMakeFiles/STM32F4.elf.dir/Drivers/STM32F4xx_HAL_Driver/Src/stm32f4xx_hal_uart.c.obj
                0x08007f9a                HAL_UART_Receive
 .text.HAL_UART_RxCpltCallback
                0x0800807e        0x2 CMakeFiles/STM32F4.elf.dir/Drivers/STM32F4xx_HAL_Driver/Src/stm32f4xx_hal_uart.c.obj
                0x0800807e                HAL_UART_RxCpltCallback
 .text.HAL_UART_RxHalfCpltCallback
                0x08008080        0x2 CMakeFiles/STM32F4.elf.dir/Drivers/STM32F4xx_HAL_Driver/Src/stm32f4xx_hal_uart.c.obj
                0x08008080                HAL_UART_RxHalfCpltCallback
 .text.HAL_UART_ErrorCallback
                0x08008082        0x2 CMakeFiles/STM32F4.elf.dir/Drivers/STM32F4xx_HAL_Driver/Src/stm32f4xx_hal_uart.c.obj
                0x08008082                HAL_UART_ErrorCallback
 .text.UART_DMAError
                0x08008084       0x58 CMakeFiles/STM32F4.elf.dir/Drivers/STM32F4xx_HAL_Driver/Src/stm32f4xx_hal_uart.c.obj
 .text.HAL_UARTEx_RxEventCallback
                0x080080dc        0x2 CMakeFiles/STM32F4.elf.dir/Drivers/STM32F4xx_HAL_Driver/Src/stm32f4xx_hal_uart.c.obj
                0x080080dc                HAL_UARTEx_RxEventCallback
 .text.UART_DMARxHalfCplt
                0x080080de       0x1a CMakeFiles/STM32F4.elf.dir/Drivers/STM32F4xx_HAL_Driver/Src/stm32f4xx_hal_uart.c.obj
 .text.UART_DMAReceiveCplt
                0x080080f8       0x96 CMakeFiles/STM32F4.elf.dir/Drivers/STM32F4xx_HAL_Driver/Src/stm32f4xx_hal_uart.c.obj
 *fill*         0x0800818e        0x2 
 .text.UART_Start_Receive_DMA
                0x08008190       0xa8 CMakeFiles/STM32F4.elf.dir/Drivers/STM32F4xx_HAL_Driver/Src/stm32f4xx_hal_uart.c.obj
                0x08008190                UART_Start_Receive_DMA
 .text.HAL_UART_Receive_DMA
                0x08008238       0x38 CMakeFiles/STM32F4.elf.dir/Drivers/STM32F4xx_HAL_Driver/Src/stm32f4xx_hal_uart.c.obj
                0x08008238                HAL_UART_Receive_DMA
 .text.FSMC_NORSRAM_Init
                0x08008270       0x68 CMakeFiles/STM32F4.elf.dir/Drivers/STM32F4xx_HAL_Driver/Src/stm32f4xx_ll_fsmc.c.obj
                0x08008270                FSMC_NORSRAM_Init
 .text.FSMC_NORSRAM_Timing_Init
                0x080082d8       0x40 CMakeFiles/STM32F4.elf.dir/Drivers/STM32F4xx_HAL_Driver/Src/stm32f4xx_ll_fsmc.c.obj
                0x080082d8                FSMC_NORSRAM_Timing_Init
 .text.FSMC_NORSRAM_Extended_Timing_Init
                0x08008318       0x44 CMakeFiles/STM32F4.elf.dir/Drivers/STM32F4xx_HAL_Driver/Src/stm32f4xx_ll_fsmc.c.obj
                0x08008318                FSMC_NORSRAM_Extended_Timing_Init
 .text.RetargetInit
                0x0800835c       0x20 CMakeFiles/STM32F4.elf.dir/Port/Platform/retarget.c.obj
                0x0800835c                RetargetInit
 .text._isatty  0x0800837c       0x16 CMakeFiles/STM32F4.elf.dir/Port/Platform/retarget.c.obj
                0x0800837c                _isatty
 *fill*         0x08008392        0x2 
 .text._write   0x08008394       0x28 CMakeFiles/STM32F4.elf.dir/Port/Platform/retarget.c.obj
                0x08008394                _write
 .text._close   0x080083bc       0x18 CMakeFiles/STM32F4.elf.dir/Port/Platform/retarget.c.obj
                0x080083bc                _close
 .text._lseek   0x080083d4       0x10 CMakeFiles/STM32F4.elf.dir/Port/Platform/retarget.c.obj
                0x080083d4                _lseek
 .text._read    0x080083e4       0x30 CMakeFiles/STM32F4.elf.dir/Port/Platform/retarget.c.obj
                0x080083e4                _read
 .text._fstat   0x08008414       0x1a CMakeFiles/STM32F4.elf.dir/Port/Platform/retarget.c.obj
                0x08008414                _fstat
 *fill*         0x0800842e        0x2 
 .text._ZN3Lcd11SetLcdStateEv
                0x08008430      0x128 CMakeFiles/STM32F4.elf.dir/Port/lcd_stm32.cpp.obj
                0x08008430                Lcd::SetLcdState()
 .text._ZN3Led11SetLedStateEhb
                0x08008558       0x34 CMakeFiles/STM32F4.elf.dir/Port/led_stm32.cpp.obj
                0x08008558                Led::SetLedState(unsigned char, bool)
 .text.Main     0x0800858c       0x34 CMakeFiles/STM32F4.elf.dir/UserApp/main.cpp.obj
                0x0800858c                Main
 .text.Tim1Callback100Hz
                0x080085c0       0x4c CMakeFiles/STM32F4.elf.dir/UserApp/main.cpp.obj
                0x080085c0                Tim1Callback100Hz
 .text._ZNK10__cxxabiv117__class_type_info11__do_upcastEPKS0_PPv
                0x0800860c       0x38 d:/developper/mcu/stm32/env/gcc-arm-none-eabi-9-2019-q4/bin/../lib/gcc/arm-none-eabi/9.2.1/../../../../arm-none-eabi/lib/thumb/v7e-m/nofp\libstdc++.a(class_type_info.o)
                0x0800860c                __cxxabiv1::__class_type_info::__do_upcast(__cxxabiv1::__class_type_info const*, void**) const
 .text._ZNK10__cxxabiv117__class_type_info20__do_find_public_srcEiPKvPKS0_S2_
                0x08008644        0xc d:/developper/mcu/stm32/env/gcc-arm-none-eabi-9-2019-q4/bin/../lib/gcc/arm-none-eabi/9.2.1/../../../../arm-none-eabi/lib/thumb/v7e-m/nofp\libstdc++.a(class_type_info.o)
                0x08008644                __cxxabiv1::__class_type_info::__do_find_public_src(int, void const*, __cxxabiv1::__class_type_info const*, void const*) const
 .text._ZN10__cxxabiv117__class_type_infoD2Ev
                0x08008650       0x14 d:/developper/mcu/stm32/env/gcc-arm-none-eabi-9-2019-q4/bin/../lib/gcc/arm-none-eabi/9.2.1/../../../../arm-none-eabi/lib/thumb/v7e-m/nofp\libstdc++.a(class_type_info.o)
                0x08008650                __cxxabiv1::__class_type_info::~__class_type_info()
                0x08008650                __cxxabiv1::__class_type_info::~__class_type_info()
 .text._ZN10__cxxabiv117__class_type_infoD0Ev
                0x08008664       0x1c d:/developper/mcu/stm32/env/gcc-arm-none-eabi-9-2019-q4/bin/../lib/gcc/arm-none-eabi/9.2.1/../../../../arm-none-eabi/lib/thumb/v7e-m/nofp\libstdc++.a(class_type_info.o)
                0x08008664                __cxxabiv1::__class_type_info::~__class_type_info()
 .text._ZNK10__cxxabiv117__class_type_info12__do_dyncastEiNS0_10__sub_kindEPKS0_PKvS3_S5_RNS0_16__dyncast_resultE
                0x08008680       0x44 d:/developper/mcu/stm32/env/gcc-arm-none-eabi-9-2019-q4/bin/../lib/gcc/arm-none-eabi/9.2.1/../../../../arm-none-eabi/lib/thumb/v7e-m/nofp\libstdc++.a(class_type_info.o)
                0x08008680                __cxxabiv1::__class_type_info::__do_dyncast(int, __cxxabiv1::__class_type_info::__sub_kind, __cxxabiv1::__class_type_info const*, void const*, __cxxabiv1::__class_type_info const*, void const*, __cxxabiv1::__class_type_info::__dyncast_result&) const
 .text._ZNK10__cxxabiv117__class_type_info11__do_upcastEPKS0_PKvRNS0_15__upcast_resultE
                0x080086c4       0x1c d:/developper/mcu/stm32/env/gcc-arm-none-eabi-9-2019-q4/bin/../lib/gcc/arm-none-eabi/9.2.1/../../../../arm-none-eabi/lib/thumb/v7e-m/nofp\libstdc++.a(class_type_info.o)
                0x080086c4                __cxxabiv1::__class_type_info::__do_upcast(__cxxabiv1::__class_type_info const*, void const*, __cxxabiv1::__class_type_info::__upcast_result&) const
 .text._ZNK10__cxxabiv117__class_type_info10__do_catchEPKSt9type_infoPPvj
                0x080086e0       0x2c d:/developper/mcu/stm32/env/gcc-arm-none-eabi-9-2019-q4/bin/../lib/gcc/arm-none-eabi/9.2.1/../../../../arm-none-eabi/lib/thumb/v7e-m/nofp\libstdc++.a(class_type_info.o)
                0x080086e0                __cxxabiv1::__class_type_info::__do_catch(std::type_info const*, void**, unsigned int) const
 .text._ZdlPvj  0x0800870c        0x4 d:/developper/mcu/stm32/env/gcc-arm-none-eabi-9-2019-q4/bin/../lib/gcc/arm-none-eabi/9.2.1/../../../../arm-none-eabi/lib/thumb/v7e-m/nofp\libstdc++.a(del_ops.o)
                0x0800870c                operator delete(void*, unsigned int)
 .text._ZN10__cxxabiv120__si_class_type_infoD2Ev
                0x08008710       0x14 d:/developper/mcu/stm32/env/gcc-arm-none-eabi-9-2019-q4/bin/../lib/gcc/arm-none-eabi/9.2.1/../../../../arm-none-eabi/lib/thumb/v7e-m/nofp\libstdc++.a(si_class_type_info.o)
                0x08008710                __cxxabiv1::__si_class_type_info::~__si_class_type_info()
                0x08008710                __cxxabiv1::__si_class_type_info::~__si_class_type_info()
 .text._ZN10__cxxabiv120__si_class_type_infoD0Ev
                0x08008724       0x1c d:/developper/mcu/stm32/env/gcc-arm-none-eabi-9-2019-q4/bin/../lib/gcc/arm-none-eabi/9.2.1/../../../../arm-none-eabi/lib/thumb/v7e-m/nofp\libstdc++.a(si_class_type_info.o)
                0x08008724                __cxxabiv1::__si_class_type_info::~__si_class_type_info()
 .text._ZNK10__cxxabiv120__si_class_type_info20__do_find_public_srcEiPKvPKNS_17__class_type_infoES2_
                0x08008740       0x3c d:/developper/mcu/stm32/env/gcc-arm-none-eabi-9-2019-q4/bin/../lib/gcc/arm-none-eabi/9.2.1/../../../../arm-none-eabi/lib/thumb/v7e-m/nofp\libstdc++.a(si_class_type_info.o)
                0x08008740                __cxxabiv1::__si_class_type_info::__do_find_public_src(int, void const*, __cxxabiv1::__class_type_info const*, void const*) const
 .text._ZNK10__cxxabiv120__si_class_type_info12__do_dyncastEiNS_17__class_type_info10__sub_kindEPKS1_PKvS4_S6_RNS1_16__dyncast_resultE
                0x0800877c       0x84 d:/developper/mcu/stm32/env/gcc-arm-none-eabi-9-2019-q4/bin/../lib/gcc/arm-none-eabi/9.2.1/../../../../arm-none-eabi/lib/thumb/v7e-m/nofp\libstdc++.a(si_class_type_info.o)
                0x0800877c                __cxxabiv1::__si_class_type_info::__do_dyncast(int, __cxxabiv1::__class_type_info::__sub_kind, __cxxabiv1::__class_type_info const*, void const*, __cxxabiv1::__class_type_info const*, void const*, __cxxabiv1::__class_type_info::__dyncast_result&) const
 .text._ZNK10__cxxabiv120__si_class_type_info11__do_upcastEPKNS_17__class_type_infoEPKvRNS1_15__upcast_resultE
                0x08008800       0x2c d:/developper/mcu/stm32/env/gcc-arm-none-eabi-9-2019-q4/bin/../lib/gcc/arm-none-eabi/9.2.1/../../../../arm-none-eabi/lib/thumb/v7e-m/nofp\libstdc++.a(si_class_type_info.o)
                0x08008800                __cxxabiv1::__si_class_type_info::__do_upcast(__cxxabiv1::__class_type_info const*, void const*, __cxxabiv1::__class_type_info::__upcast_result&) const
 .text._ZNSt9type_infoD2Ev
                0x0800882c        0x4 d:/developper/mcu/stm32/env/gcc-arm-none-eabi-9-2019-q4/bin/../lib/gcc/arm-none-eabi/9.2.1/../../../../arm-none-eabi/lib/thumb/v7e-m/nofp\libstdc++.a(tinfo.o)
                0x0800882c                std::type_info::~type_info()
                0x0800882c                std::type_info::~type_info()
 .text._ZNKSt9type_info14__is_pointer_pEv
                0x08008830        0x4 d:/developper/mcu/stm32/env/gcc-arm-none-eabi-9-2019-q4/bin/../lib/gcc/arm-none-eabi/9.2.1/../../../../arm-none-eabi/lib/thumb/v7e-m/nofp\libstdc++.a(tinfo.o)
                0x08008830                std::type_info::__is_pointer_p() const
                0x08008830                std::type_info::__is_function_p() const
 .text._ZNKSt9type_infoeqERKS_
                0x08008834       0x2c d:/developper/mcu/stm32/env/gcc-arm-none-eabi-9-2019-q4/bin/../lib/gcc/arm-none-eabi/9.2.1/../../../../arm-none-eabi/lib/thumb/v7e-m/nofp\libstdc++.a(tinfo.o)
                0x08008834                std::type_info::operator==(std::type_info const&) const
 .text._ZdlPv   0x08008860        0x4 d:/developper/mcu/stm32/env/gcc-arm-none-eabi-9-2019-q4/bin/../lib/gcc/arm-none-eabi/9.2.1/../../../../arm-none-eabi/lib/thumb/v7e-m/nofp\libstdc++.a(del_op.o)
                0x08008860                operator delete(void*)
 .text.abort    0x08008864       0x10 d:/developper/mcu/stm32/env/gcc-arm-none-eabi-9-2019-q4/bin/../lib/gcc/arm-none-eabi/9.2.1/../../../../arm-none-eabi/lib/thumb/v7e-m/nofp\libg.a(lib_a-abort.o)
                0x08008864                abort
 .text.__errno  0x08008874        0xc d:/developper/mcu/stm32/env/gcc-arm-none-eabi-9-2019-q4/bin/../lib/gcc/arm-none-eabi/9.2.1/../../../../arm-none-eabi/lib/thumb/v7e-m/nofp\libg.a(lib_a-errno.o)
                0x08008874                __errno
 .text.__libc_init_array
                0x08008880       0x48 d:/developper/mcu/stm32/env/gcc-arm-none-eabi-9-2019-q4/bin/../lib/gcc/arm-none-eabi/9.2.1/../../../../arm-none-eabi/lib/thumb/v7e-m/nofp\libg.a(lib_a-init.o)
                0x08008880                __libc_init_array
 .text.malloc   0x080088c8       0x10 d:/developper/mcu/stm32/env/gcc-arm-none-eabi-9-2019-q4/bin/../lib/gcc/arm-none-eabi/9.2.1/../../../../arm-none-eabi/lib/thumb/v7e-m/nofp\libg.a(lib_a-malloc.o)
                0x080088c8                malloc
 .text.free     0x080088d8       0x10 d:/developper/mcu/stm32/env/gcc-arm-none-eabi-9-2019-q4/bin/../lib/gcc/arm-none-eabi/9.2.1/../../../../arm-none-eabi/lib/thumb/v7e-m/nofp\libg.a(lib_a-malloc.o)
                0x080088d8                free
 .text._malloc_r
                0x080088e8      0x574 d:/developper/mcu/stm32/env/gcc-arm-none-eabi-9-2019-q4/bin/../lib/gcc/arm-none-eabi/9.2.1/../../../../arm-none-eabi/lib/thumb/v7e-m/nofp\libg.a(lib_a-mallocr.o)
                0x080088e8                _malloc_r
 .text.memset   0x08008e5c       0xa0 d:/developper/mcu/stm32/env/gcc-arm-none-eabi-9-2019-q4/bin/../lib/gcc/arm-none-eabi/9.2.1/../../../../arm-none-eabi/lib/thumb/v7e-m/nofp\libg.a(lib_a-memset.o)
                0x08008e5c                memset
 .text.__malloc_lock
                0x08008efc        0xc d:/developper/mcu/stm32/env/gcc-arm-none-eabi-9-2019-q4/bin/../lib/gcc/arm-none-eabi/9.2.1/../../../../arm-none-eabi/lib/thumb/v7e-m/nofp\libg.a(lib_a-mlock.o)
                0x08008efc                __malloc_lock
 .text.__malloc_unlock
                0x08008f08        0xc d:/developper/mcu/stm32/env/gcc-arm-none-eabi-9-2019-q4/bin/../lib/gcc/arm-none-eabi/9.2.1/../../../../arm-none-eabi/lib/thumb/v7e-m/nofp\libg.a(lib_a-mlock.o)
                0x08008f08                __malloc_unlock
 .text.printf   0x08008f14       0x28 d:/developper/mcu/stm32/env/gcc-arm-none-eabi-9-2019-q4/bin/../lib/gcc/arm-none-eabi/9.2.1/../../../../arm-none-eabi/lib/thumb/v7e-m/nofp\libg.a(lib_a-printf.o)
                0x08008f14                printf
 .text._sbrk_r  0x08008f3c       0x24 d:/developper/mcu/stm32/env/gcc-arm-none-eabi-9-2019-q4/bin/../lib/gcc/arm-none-eabi/9.2.1/../../../../arm-none-eabi/lib/thumb/v7e-m/nofp\libg.a(lib_a-sbrkr.o)
                0x08008f3c                _sbrk_r
 .text.setvbuf  0x08008f60      0x1a0 d:/developper/mcu/stm32/env/gcc-arm-none-eabi-9-2019-q4/bin/../lib/gcc/arm-none-eabi/9.2.1/../../../../arm-none-eabi/lib/thumb/v7e-m/nofp\libg.a(lib_a-setvbuf.o)
                0x08008f60                setvbuf
 .text._raise_r
                0x08009100       0x58 d:/developper/mcu/stm32/env/gcc-arm-none-eabi-9-2019-q4/bin/../lib/gcc/arm-none-eabi/9.2.1/../../../../arm-none-eabi/lib/thumb/v7e-m/nofp\libg.a(lib_a-signal.o)
                0x08009100                _raise_r
 .text.raise    0x08009158       0x10 d:/developper/mcu/stm32/env/gcc-arm-none-eabi-9-2019-q4/bin/../lib/gcc/arm-none-eabi/9.2.1/../../../../arm-none-eabi/lib/thumb/v7e-m/nofp\libg.a(lib_a-signal.o)
                0x08009158                raise
 .text._kill_r  0x08009168       0x2c d:/developper/mcu/stm32/env/gcc-arm-none-eabi-9-2019-q4/bin/../lib/gcc/arm-none-eabi/9.2.1/../../../../arm-none-eabi/lib/thumb/v7e-m/nofp\libg.a(lib_a-signalr.o)
                0x08009168                _kill_r
 .text._getpid_r
                0x08009194        0x4 d:/developper/mcu/stm32/env/gcc-arm-none-eabi-9-2019-q4/bin/../lib/gcc/arm-none-eabi/9.2.1/../../../../arm-none-eabi/lib/thumb/v7e-m/nofp\libg.a(lib_a-signalr.o)
                0x08009194                _getpid_r
 .text._vfprintf_r
                0x08009198     0x1b84 d:/developper/mcu/stm32/env/gcc-arm-none-eabi-9-2019-q4/bin/../lib/gcc/arm-none-eabi/9.2.1/../../../../arm-none-eabi/lib/thumb/v7e-m/nofp\libg.a(lib_a-vfprintf.o)
                0x08009198                _vfprintf_r
 .text.__sbprintf
                0x0800ad1c       0x84 d:/developper/mcu/stm32/env/gcc-arm-none-eabi-9-2019-q4/bin/../lib/gcc/arm-none-eabi/9.2.1/../../../../arm-none-eabi/lib/thumb/v7e-m/nofp\libg.a(lib_a-vfprintf.o)
 .text.__swsetup_r
                0x0800ada0       0xd0 d:/developper/mcu/stm32/env/gcc-arm-none-eabi-9-2019-q4/bin/../lib/gcc/arm-none-eabi/9.2.1/../../../../arm-none-eabi/lib/thumb/v7e-m/nofp\libg.a(lib_a-wsetup.o)
                0x0800ada0                __swsetup_r
 .text.startup.register_fini
                0x0800ae70       0x14 d:/developper/mcu/stm32/env/gcc-arm-none-eabi-9-2019-q4/bin/../lib/gcc/arm-none-eabi/9.2.1/../../../../arm-none-eabi/lib/thumb/v7e-m/nofp\libg.a(lib_a-__call_atexit.o)
 .text.atexit   0x0800ae84        0xc d:/developper/mcu/stm32/env/gcc-arm-none-eabi-9-2019-q4/bin/../lib/gcc/arm-none-eabi/9.2.1/../../../../arm-none-eabi/lib/thumb/v7e-m/nofp\libg.a(lib_a-atexit.o)
                0x0800ae84                atexit
 .text.quorem   0x0800ae90      0x11c d:/developper/mcu/stm32/env/gcc-arm-none-eabi-9-2019-q4/bin/../lib/gcc/arm-none-eabi/9.2.1/../../../../arm-none-eabi/lib/thumb/v7e-m/nofp\libg.a(lib_a-dtoa.o)
 *fill*         0x0800afac        0x4 
 .text._dtoa_r  0x0800afb0      0xeb8 d:/developper/mcu/stm32/env/gcc-arm-none-eabi-9-2019-q4/bin/../lib/gcc/arm-none-eabi/9.2.1/../../../../arm-none-eabi/lib/thumb/v7e-m/nofp\libg.a(lib_a-dtoa.o)
                0x0800afb0                _dtoa_r
 .text.__sflush_r
                0x0800be68      0x130 d:/developper/mcu/stm32/env/gcc-arm-none-eabi-9-2019-q4/bin/../lib/gcc/arm-none-eabi/9.2.1/../../../../arm-none-eabi/lib/thumb/v7e-m/nofp\libg.a(lib_a-fflush.o)
                0x0800be68                __sflush_r
 .text._fflush_r
                0x0800bf98       0x5c d:/developper/mcu/stm32/env/gcc-arm-none-eabi-9-2019-q4/bin/../lib/gcc/arm-none-eabi/9.2.1/../../../../arm-none-eabi/lib/thumb/v7e-m/nofp\libg.a(lib_a-fflush.o)
                0x0800bf98                _fflush_r
 .text.std      0x0800bff4       0x50 d:/developper/mcu/stm32/env/gcc-arm-none-eabi-9-2019-q4/bin/../lib/gcc/arm-none-eabi/9.2.1/../../../../arm-none-eabi/lib/thumb/v7e-m/nofp\libg.a(lib_a-findfp.o)
 .text._cleanup_r
                0x0800c044        0xc d:/developper/mcu/stm32/env/gcc-arm-none-eabi-9-2019-q4/bin/../lib/gcc/arm-none-eabi/9.2.1/../../../../arm-none-eabi/lib/thumb/v7e-m/nofp\libg.a(lib_a-findfp.o)
                0x0800c044                _cleanup_r
 .text.__sinit  0x0800c050       0x54 d:/developper/mcu/stm32/env/gcc-arm-none-eabi-9-2019-q4/bin/../lib/gcc/arm-none-eabi/9.2.1/../../../../arm-none-eabi/lib/thumb/v7e-m/nofp\libg.a(lib_a-findfp.o)
                0x0800c050                __sinit
 .text.__sfp_lock_acquire
                0x0800c0a4        0xc d:/developper/mcu/stm32/env/gcc-arm-none-eabi-9-2019-q4/bin/../lib/gcc/arm-none-eabi/9.2.1/../../../../arm-none-eabi/lib/thumb/v7e-m/nofp\libg.a(lib_a-findfp.o)
                0x0800c0a4                __sfp_lock_acquire
 .text.__sfp_lock_release
                0x0800c0b0        0xc d:/developper/mcu/stm32/env/gcc-arm-none-eabi-9-2019-q4/bin/../lib/gcc/arm-none-eabi/9.2.1/../../../../arm-none-eabi/lib/thumb/v7e-m/nofp\libg.a(lib_a-findfp.o)
                0x0800c0b0                __sfp_lock_release
 .text.__libc_fini_array
                0x0800c0bc       0x2c d:/developper/mcu/stm32/env/gcc-arm-none-eabi-9-2019-q4/bin/../lib/gcc/arm-none-eabi/9.2.1/../../../../arm-none-eabi/lib/thumb/v7e-m/nofp\libg.a(lib_a-fini.o)
                0x0800c0bc                __libc_fini_array
 .text._malloc_trim_r
                0x0800c0e8       0xa0 d:/developper/mcu/stm32/env/gcc-arm-none-eabi-9-2019-q4/bin/../lib/gcc/arm-none-eabi/9.2.1/../../../../arm-none-eabi/lib/thumb/v7e-m/nofp\libg.a(lib_a-freer.o)
                0x0800c0e8                _malloc_trim_r
 .text._free_r  0x0800c188      0x208 d:/developper/mcu/stm32/env/gcc-arm-none-eabi-9-2019-q4/bin/../lib/gcc/arm-none-eabi/9.2.1/../../../../arm-none-eabi/lib/thumb/v7e-m/nofp\libg.a(lib_a-freer.o)
                0x0800c188                _free_r
 .text._fwalk_reent
                0x0800c390       0x48 d:/developper/mcu/stm32/env/gcc-arm-none-eabi-9-2019-q4/bin/../lib/gcc/arm-none-eabi/9.2.1/../../../../arm-none-eabi/lib/thumb/v7e-m/nofp\libg.a(lib_a-fwalk.o)
                0x0800c390                _fwalk_reent
 .text._localeconv_r
                0x0800c3d8        0x8 d:/developper/mcu/stm32/env/gcc-arm-none-eabi-9-2019-q4/bin/../lib/gcc/arm-none-eabi/9.2.1/../../../../arm-none-eabi/lib/thumb/v7e-m/nofp\libg.a(lib_a-localeconv.o)
                0x0800c3d8                _localeconv_r
 .text.__retarget_lock_init_recursive
                0x0800c3e0        0x4 d:/developper/mcu/stm32/env/gcc-arm-none-eabi-9-2019-q4/bin/../lib/gcc/arm-none-eabi/9.2.1/../../../../arm-none-eabi/lib/thumb/v7e-m/nofp\libg.a(lib_a-lock.o)
                0x0800c3e0                __retarget_lock_init_recursive
 .text.__retarget_lock_close_recursive
                0x0800c3e4        0x4 d:/developper/mcu/stm32/env/gcc-arm-none-eabi-9-2019-q4/bin/../lib/gcc/arm-none-eabi/9.2.1/../../../../arm-none-eabi/lib/thumb/v7e-m/nofp\libg.a(lib_a-lock.o)
                0x0800c3e4                __retarget_lock_close_recursive
 .text.__retarget_lock_acquire_recursive
                0x0800c3e8        0x4 d:/developper/mcu/stm32/env/gcc-arm-none-eabi-9-2019-q4/bin/../lib/gcc/arm-none-eabi/9.2.1/../../../../arm-none-eabi/lib/thumb/v7e-m/nofp\libg.a(lib_a-lock.o)
                0x0800c3e8                __retarget_lock_acquire_recursive
 .text.__retarget_lock_release_recursive
                0x0800c3ec        0x4 d:/developper/mcu/stm32/env/gcc-arm-none-eabi-9-2019-q4/bin/../lib/gcc/arm-none-eabi/9.2.1/../../../../arm-none-eabi/lib/thumb/v7e-m/nofp\libg.a(lib_a-lock.o)
                0x0800c3ec                __retarget_lock_release_recursive
 .text.__swhatbuf_r
                0x0800c3f0       0x5c d:/developper/mcu/stm32/env/gcc-arm-none-eabi-9-2019-q4/bin/../lib/gcc/arm-none-eabi/9.2.1/../../../../arm-none-eabi/lib/thumb/v7e-m/nofp\libg.a(lib_a-makebuf.o)
                0x0800c3f0                __swhatbuf_r
 .text.__smakebuf_r
                0x0800c44c       0x98 d:/developper/mcu/stm32/env/gcc-arm-none-eabi-9-2019-q4/bin/../lib/gcc/arm-none-eabi/9.2.1/../../../../arm-none-eabi/lib/thumb/v7e-m/nofp\libg.a(lib_a-makebuf.o)
                0x0800c44c                __smakebuf_r
 .text._Balloc  0x0800c4e4       0x4c d:/developper/mcu/stm32/env/gcc-arm-none-eabi-9-2019-q4/bin/../lib/gcc/arm-none-eabi/9.2.1/../../../../arm-none-eabi/lib/thumb/v7e-m/nofp\libg.a(lib_a-mprec.o)
                0x0800c4e4                _Balloc
 .text._Bfree   0x0800c530       0x14 d:/developper/mcu/stm32/env/gcc-arm-none-eabi-9-2019-q4/bin/../lib/gcc/arm-none-eabi/9.2.1/../../../../arm-none-eabi/lib/thumb/v7e-m/nofp\libg.a(lib_a-mprec.o)
                0x0800c530                _Bfree
 .text.__multadd
                0x0800c544       0x80 d:/developper/mcu/stm32/env/gcc-arm-none-eabi-9-2019-q4/bin/../lib/gcc/arm-none-eabi/9.2.1/../../../../arm-none-eabi/lib/thumb/v7e-m/nofp\libg.a(lib_a-mprec.o)
                0x0800c544                __multadd
 .text.__hi0bits
                0x0800c5c4       0x40 d:/developper/mcu/stm32/env/gcc-arm-none-eabi-9-2019-q4/bin/../lib/gcc/arm-none-eabi/9.2.1/../../../../arm-none-eabi/lib/thumb/v7e-m/nofp\libg.a(lib_a-mprec.o)
                0x0800c5c4                __hi0bits
 .text.__lo0bits
                0x0800c604       0x60 d:/developper/mcu/stm32/env/gcc-arm-none-eabi-9-2019-q4/bin/../lib/gcc/arm-none-eabi/9.2.1/../../../../arm-none-eabi/lib/thumb/v7e-m/nofp\libg.a(lib_a-mprec.o)
                0x0800c604                __lo0bits
 .text.__i2b    0x0800c664       0x14 d:/developper/mcu/stm32/env/gcc-arm-none-eabi-9-2019-q4/bin/../lib/gcc/arm-none-eabi/9.2.1/../../../../arm-none-eabi/lib/thumb/v7e-m/nofp\libg.a(lib_a-mprec.o)
                0x0800c664                __i2b
 .text.__multiply
                0x0800c678      0x144 d:/developper/mcu/stm32/env/gcc-arm-none-eabi-9-2019-q4/bin/../lib/gcc/arm-none-eabi/9.2.1/../../../../arm-none-eabi/lib/thumb/v7e-m/nofp\libg.a(lib_a-mprec.o)
                0x0800c678                __multiply
 .text.__pow5mult
                0x0800c7bc       0xa0 d:/developper/mcu/stm32/env/gcc-arm-none-eabi-9-2019-q4/bin/../lib/gcc/arm-none-eabi/9.2.1/../../../../arm-none-eabi/lib/thumb/v7e-m/nofp\libg.a(lib_a-mprec.o)
                0x0800c7bc                __pow5mult
 .text.__lshift
                0x0800c85c       0xd4 d:/developper/mcu/stm32/env/gcc-arm-none-eabi-9-2019-q4/bin/../lib/gcc/arm-none-eabi/9.2.1/../../../../arm-none-eabi/lib/thumb/v7e-m/nofp\libg.a(lib_a-mprec.o)
                0x0800c85c                __lshift
 .text.__mcmp   0x0800c930       0x3c d:/developper/mcu/stm32/env/gcc-arm-none-eabi-9-2019-q4/bin/../lib/gcc/arm-none-eabi/9.2.1/../../../../arm-none-eabi/lib/thumb/v7e-m/nofp\libg.a(lib_a-mprec.o)
                0x0800c930                __mcmp
 .text.__mdiff  0x0800c96c      0x138 d:/developper/mcu/stm32/env/gcc-arm-none-eabi-9-2019-q4/bin/../lib/gcc/arm-none-eabi/9.2.1/../../../../arm-none-eabi/lib/thumb/v7e-m/nofp\libg.a(lib_a-mprec.o)
                0x0800c96c                __mdiff
 .text.__d2b    0x0800caa4       0xa8 d:/developper/mcu/stm32/env/gcc-arm-none-eabi-9-2019-q4/bin/../lib/gcc/arm-none-eabi/9.2.1/../../../../arm-none-eabi/lib/thumb/v7e-m/nofp\libg.a(lib_a-mprec.o)
                0x0800caa4                __d2b
 .text.frexp    0x0800cb4c       0x70 d:/developper/mcu/stm32/env/gcc-arm-none-eabi-9-2019-q4/bin/../lib/gcc/arm-none-eabi/9.2.1/../../../../arm-none-eabi/lib/thumb/v7e-m/nofp\libg.a(lib_a-s_frexp.o)
                0x0800cb4c                frexp
 .text.__sread  0x0800cbbc       0x24 d:/developper/mcu/stm32/env/gcc-arm-none-eabi-9-2019-q4/bin/../lib/gcc/arm-none-eabi/9.2.1/../../../../arm-none-eabi/lib/thumb/v7e-m/nofp\libg.a(lib_a-stdio.o)
                0x0800cbbc                __sread
 .text.__swrite
                0x0800cbe0       0x40 d:/developper/mcu/stm32/env/gcc-arm-none-eabi-9-2019-q4/bin/../lib/gcc/arm-none-eabi/9.2.1/../../../../arm-none-eabi/lib/thumb/v7e-m/nofp\libg.a(lib_a-stdio.o)
                0x0800cbe0                __swrite
 .text.__sseek  0x0800cc20       0x20 d:/developper/mcu/stm32/env/gcc-arm-none-eabi-9-2019-q4/bin/../lib/gcc/arm-none-eabi/9.2.1/../../../../arm-none-eabi/lib/thumb/v7e-m/nofp\libg.a(lib_a-stdio.o)
                0x0800cc20                __sseek
 .text.__sclose
                0x0800cc40        0x8 d:/developper/mcu/stm32/env/gcc-arm-none-eabi-9-2019-q4/bin/../lib/gcc/arm-none-eabi/9.2.1/../../../../arm-none-eabi/lib/thumb/v7e-m/nofp\libg.a(lib_a-stdio.o)
                0x0800cc40                __sclose
 .text.strncpy  0x0800cc48       0x68 d:/developper/mcu/stm32/env/gcc-arm-none-eabi-9-2019-q4/bin/../lib/gcc/arm-none-eabi/9.2.1/../../../../arm-none-eabi/lib/thumb/v7e-m/nofp\libg.a(lib_a-strncpy.o)
                0x0800cc48                strncpy
 .text.__sprint_r.part.0
                0x0800ccb0       0x78 d:/developper/mcu/stm32/env/gcc-arm-none-eabi-9-2019-q4/bin/../lib/gcc/arm-none-eabi/9.2.1/../../../../arm-none-eabi/lib/thumb/v7e-m/nofp\libg.a(lib_a-vfiprintf.o)
 .text.__sprint_r
                0x0800cd28       0x14 d:/developper/mcu/stm32/env/gcc-arm-none-eabi-9-2019-q4/bin/../lib/gcc/arm-none-eabi/9.2.1/../../../../arm-none-eabi/lib/thumb/v7e-m/nofp\libg.a(lib_a-vfiprintf.o)
                0x0800cd28                __sprint_r
 .text._write_r
                0x0800cd3c       0x2c d:/developper/mcu/stm32/env/gcc-arm-none-eabi-9-2019-q4/bin/../lib/gcc/arm-none-eabi/9.2.1/../../../../arm-none-eabi/lib/thumb/v7e-m/nofp\libg.a(lib_a-writer.o)
                0x0800cd3c                _write_r
 .text.__register_exitproc
                0x0800cd68       0x8c d:/developper/mcu/stm32/env/gcc-arm-none-eabi-9-2019-q4/bin/../lib/gcc/arm-none-eabi/9.2.1/../../../../arm-none-eabi/lib/thumb/v7e-m/nofp\libg.a(lib_a-__atexit.o)
                0x0800cd68                __register_exitproc
 .text._calloc_r
                0x0800cdf4       0x60 d:/developper/mcu/stm32/env/gcc-arm-none-eabi-9-2019-q4/bin/../lib/gcc/arm-none-eabi/9.2.1/../../../../arm-none-eabi/lib/thumb/v7e-m/nofp\libg.a(lib_a-callocr.o)
                0x0800cdf4                _calloc_r
 .text._close_r
                0x0800ce54       0x24 d:/developper/mcu/stm32/env/gcc-arm-none-eabi-9-2019-q4/bin/../lib/gcc/arm-none-eabi/9.2.1/../../../../arm-none-eabi/lib/thumb/v7e-m/nofp\libg.a(lib_a-closer.o)
                0x0800ce54                _close_r
 .text._fclose_r
                0x0800ce78       0xcc d:/developper/mcu/stm32/env/gcc-arm-none-eabi-9-2019-q4/bin/../lib/gcc/arm-none-eabi/9.2.1/../../../../arm-none-eabi/lib/thumb/v7e-m/nofp\libg.a(lib_a-fclose.o)
                0x0800ce78                _fclose_r
 .text.__fputwc
                0x0800cf44       0xa8 d:/developper/mcu/stm32/env/gcc-arm-none-eabi-9-2019-q4/bin/../lib/gcc/arm-none-eabi/9.2.1/../../../../arm-none-eabi/lib/thumb/v7e-m/nofp\libg.a(lib_a-fputwc.o)
                0x0800cf44                __fputwc
 .text._fputwc_r
                0x0800cfec       0x68 d:/developper/mcu/stm32/env/gcc-arm-none-eabi-9-2019-q4/bin/../lib/gcc/arm-none-eabi/9.2.1/../../../../arm-none-eabi/lib/thumb/v7e-m/nofp\libg.a(lib_a-fputwc.o)
                0x0800cfec                _fputwc_r
 .text._fstat_r
                0x0800d054       0x2c d:/developper/mcu/stm32/env/gcc-arm-none-eabi-9-2019-q4/bin/../lib/gcc/arm-none-eabi/9.2.1/../../../../arm-none-eabi/lib/thumb/v7e-m/nofp\libg.a(lib_a-fstatr.o)
                0x0800d054                _fstat_r
 .text.__sfvwrite_r
                0x0800d080      0x2e0 d:/developper/mcu/stm32/env/gcc-arm-none-eabi-9-2019-q4/bin/../lib/gcc/arm-none-eabi/9.2.1/../../../../arm-none-eabi/lib/thumb/v7e-m/nofp\libg.a(lib_a-fvwrite.o)
                0x0800d080                __sfvwrite_r
 .text._isatty_r
                0x0800d360       0x24 d:/developper/mcu/stm32/env/gcc-arm-none-eabi-9-2019-q4/bin/../lib/gcc/arm-none-eabi/9.2.1/../../../../arm-none-eabi/lib/thumb/v7e-m/nofp\libg.a(lib_a-isattyr.o)
                0x0800d360                _isatty_r
 .text.__locale_mb_cur_max
                0x0800d384        0xc d:/developper/mcu/stm32/env/gcc-arm-none-eabi-9-2019-q4/bin/../lib/gcc/arm-none-eabi/9.2.1/../../../../arm-none-eabi/lib/thumb/v7e-m/nofp\libg.a(lib_a-locale.o)
                0x0800d384                __locale_mb_cur_max
 .text._lseek_r
                0x0800d390       0x2c d:/developper/mcu/stm32/env/gcc-arm-none-eabi-9-2019-q4/bin/../lib/gcc/arm-none-eabi/9.2.1/../../../../arm-none-eabi/lib/thumb/v7e-m/nofp\libg.a(lib_a-lseekr.o)
                0x0800d390                _lseek_r
 .text.__ascii_mbtowc
                0x0800d3bc       0x2c d:/developper/mcu/stm32/env/gcc-arm-none-eabi-9-2019-q4/bin/../lib/gcc/arm-none-eabi/9.2.1/../../../../arm-none-eabi/lib/thumb/v7e-m/nofp\libg.a(lib_a-mbtowc_r.o)
                0x0800d3bc                __ascii_mbtowc
 .text.memmove  0x0800d3e8       0xd8 d:/developper/mcu/stm32/env/gcc-arm-none-eabi-9-2019-q4/bin/../lib/gcc/arm-none-eabi/9.2.1/../../../../arm-none-eabi/lib/thumb/v7e-m/nofp\libg.a(lib_a-memmove.o)
                0x0800d3e8                memmove
 .text._read_r  0x0800d4c0       0x2c d:/developper/mcu/stm32/env/gcc-arm-none-eabi-9-2019-q4/bin/../lib/gcc/arm-none-eabi/9.2.1/../../../../arm-none-eabi/lib/thumb/v7e-m/nofp\libg.a(lib_a-readr.o)
                0x0800d4c0                _read_r
 .text._realloc_r
                0x0800d4ec      0x3e0 d:/developper/mcu/stm32/env/gcc-arm-none-eabi-9-2019-q4/bin/../lib/gcc/arm-none-eabi/9.2.1/../../../../arm-none-eabi/lib/thumb/v7e-m/nofp\libg.a(lib_a-reallocr.o)
                0x0800d4ec                _realloc_r
 .text.__swbuf_r
                0x0800d8cc       0xb0 d:/developper/mcu/stm32/env/gcc-arm-none-eabi-9-2019-q4/bin/../lib/gcc/arm-none-eabi/9.2.1/../../../../arm-none-eabi/lib/thumb/v7e-m/nofp\libg.a(lib_a-wbuf.o)
                0x0800d8cc                __swbuf_r
 .text._wcrtomb_r
                0x0800d97c       0x3c d:/developper/mcu/stm32/env/gcc-arm-none-eabi-9-2019-q4/bin/../lib/gcc/arm-none-eabi/9.2.1/../../../../arm-none-eabi/lib/thumb/v7e-m/nofp\libg.a(lib_a-wcrtomb.o)
                0x0800d97c                _wcrtomb_r
 .text.__ascii_wctomb
                0x0800d9b8       0x1c d:/developper/mcu/stm32/env/gcc-arm-none-eabi-9-2019-q4/bin/../lib/gcc/arm-none-eabi/9.2.1/../../../../arm-none-eabi/lib/thumb/v7e-m/nofp\libg.a(lib_a-wctomb_r.o)
                0x0800d9b8                __ascii_wctomb
 *(.glue_7)
 .glue_7        0x0800d9d4        0x0 linker stubs
 *(.glue_7t)
 .glue_7t       0x0800d9d4        0x0 linker stubs
 *(.eh_frame)
 .eh_frame      0x0800d9d4        0x0 d:/developper/mcu/stm32/env/gcc-arm-none-eabi-9-2019-q4/bin/../lib/gcc/arm-none-eabi/9.2.1/thumb/v7e-m/nofp/crtbegin.o
 *(.init)
 .init          0x0800d9d4        0x4 d:/developper/mcu/stm32/env/gcc-arm-none-eabi-9-2019-q4/bin/../lib/gcc/arm-none-eabi/9.2.1/thumb/v7e-m/nofp/crti.o
                0x0800d9d4                _init
 .init          0x0800d9d8        0x8 d:/developper/mcu/stm32/env/gcc-arm-none-eabi-9-2019-q4/bin/../lib/gcc/arm-none-eabi/9.2.1/thumb/v7e-m/nofp/crtn.o
 *(.fini)
 .fini          0x0800d9e0        0x4 d:/developper/mcu/stm32/env/gcc-arm-none-eabi-9-2019-q4/bin/../lib/gcc/arm-none-eabi/9.2.1/thumb/v7e-m/nofp/crti.o
                0x0800d9e0                _fini
 .fini          0x0800d9e4        0x8 d:/developper/mcu/stm32/env/gcc-arm-none-eabi-9-2019-q4/bin/../lib/gcc/arm-none-eabi/9.2.1/thumb/v7e-m/nofp/crtn.o
                0x0800d9ec                . = ALIGN (0x4)
                0x0800d9ec                _etext = .

.vfp11_veneer   0x0800d9ec        0x0
 .vfp11_veneer  0x0800d9ec        0x0 linker stubs

.v4_bx          0x0800d9ec        0x0
 .v4_bx         0x0800d9ec        0x0 linker stubs

.iplt           0x0800d9ec        0x0
 .iplt          0x0800d9ec        0x0 d:/developper/mcu/stm32/env/gcc-arm-none-eabi-9-2019-q4/bin/../lib/gcc/arm-none-eabi/9.2.1/thumb/v7e-m/nofp/crtbegin.o

.rodata         0x0800d9f0     0x1c30
                0x0800d9f0                . = ALIGN (0x4)
 *(.rodata)
 *(.rodata*)
 .rodata.asc2_1206
                0x0800d9f0      0x474 CMakeFiles/STM32F4.elf.dir/Core/Src/lcd.c.obj
                0x0800d9f0                asc2_1206
 .rodata.asc2_1608
                0x0800de64      0x5f0 CMakeFiles/STM32F4.elf.dir/Core/Src/lcd.c.obj
                0x0800de64                asc2_1608
 .rodata.asc2_2412
                0x0800e454      0xd5c CMakeFiles/STM32F4.elf.dir/Core/Src/lcd.c.obj
                0x0800e454                asc2_2412
 .rodata.AHBPrescTable
                0x0800f1b0       0x10 CMakeFiles/STM32F4.elf.dir/Core/Src/system_stm32f4xx.c.obj
                0x0800f1b0                AHBPrescTable
 .rodata.APBPrescTable
                0x0800f1c0        0x8 CMakeFiles/STM32F4.elf.dir/Core/Src/system_stm32f4xx.c.obj
                0x0800f1c0                APBPrescTable
 .rodata.flagBitshiftOffset.7130
                0x0800f1c8        0x8 CMakeFiles/STM32F4.elf.dir/Drivers/STM32F4xx_HAL_Driver/Src/stm32f4xx_hal_dma.c.obj
 .rodata._ZN3Lcd11SetLcdStateEv.str1.4
                0x0800f1d0       0x4a CMakeFiles/STM32F4.elf.dir/Port/lcd_stm32.cpp.obj
 *fill*         0x0800f21a        0x2 
 .rodata._ZTS7LcdBase
                0x0800f21c        0x9 CMakeFiles/STM32F4.elf.dir/Port/lcd_stm32.cpp.obj
                0x0800f21c                typeinfo name for LcdBase
 *fill*         0x0800f225        0x3 
 .rodata._ZTI7LcdBase
                0x0800f228        0x8 CMakeFiles/STM32F4.elf.dir/Port/lcd_stm32.cpp.obj
                0x0800f228                typeinfo for LcdBase
 .rodata._ZTI3Lcd
                0x0800f230        0xc CMakeFiles/STM32F4.elf.dir/Port/lcd_stm32.cpp.obj
                0x0800f230                typeinfo for Lcd
 .rodata._ZTS3Lcd
                0x0800f23c        0x5 CMakeFiles/STM32F4.elf.dir/Port/lcd_stm32.cpp.obj
                0x0800f23c                typeinfo name for Lcd
 *fill*         0x0800f241        0x3 
 .rodata._ZTV3Lcd
                0x0800f244        0xc CMakeFiles/STM32F4.elf.dir/Port/lcd_stm32.cpp.obj
                0x0800f244                vtable for Lcd
 .rodata._ZTS7LedBase
                0x0800f250        0x9 CMakeFiles/STM32F4.elf.dir/Port/led_stm32.cpp.obj
                0x0800f250                typeinfo name for LedBase
 *fill*         0x0800f259        0x3 
 .rodata._ZTI7LedBase
                0x0800f25c        0x8 CMakeFiles/STM32F4.elf.dir/Port/led_stm32.cpp.obj
                0x0800f25c                typeinfo for LedBase
 .rodata._ZTI3Led
                0x0800f264        0xc CMakeFiles/STM32F4.elf.dir/Port/led_stm32.cpp.obj
                0x0800f264                typeinfo for Led
 .rodata._ZTS3Led
                0x0800f270        0x5 CMakeFiles/STM32F4.elf.dir/Port/led_stm32.cpp.obj
                0x0800f270                typeinfo name for Led
 *fill*         0x0800f275        0x3 
 .rodata._ZTV3Led
                0x0800f278        0xc CMakeFiles/STM32F4.elf.dir/Port/led_stm32.cpp.obj
                0x0800f278                vtable for Led
 .rodata.Main.str1.4
                0x0800f284       0x1f CMakeFiles/STM32F4.elf.dir/UserApp/main.cpp.obj
 *fill*         0x0800f2a3        0x1 
 .rodata.Tim1Callback100Hz.str1.4
                0x0800f2a4       0x1a CMakeFiles/STM32F4.elf.dir/UserApp/main.cpp.obj
 *fill*         0x0800f2be        0x2 
 .rodata._ZTIN10__cxxabiv117__class_type_infoE
                0x0800f2c0        0xc d:/developper/mcu/stm32/env/gcc-arm-none-eabi-9-2019-q4/bin/../lib/gcc/arm-none-eabi/9.2.1/../../../../arm-none-eabi/lib/thumb/v7e-m/nofp\libstdc++.a(class_type_info.o)
                0x0800f2c0                typeinfo for __cxxabiv1::__class_type_info
 .rodata._ZTSN10__cxxabiv117__class_type_infoE
                0x0800f2cc       0x22 d:/developper/mcu/stm32/env/gcc-arm-none-eabi-9-2019-q4/bin/../lib/gcc/arm-none-eabi/9.2.1/../../../../arm-none-eabi/lib/thumb/v7e-m/nofp\libstdc++.a(class_type_info.o)
                0x0800f2cc                typeinfo name for __cxxabiv1::__class_type_info
 *fill*         0x0800f2ee        0x2 
 .rodata._ZTVN10__cxxabiv117__class_type_infoE
                0x0800f2f0       0x2c d:/developper/mcu/stm32/env/gcc-arm-none-eabi-9-2019-q4/bin/../lib/gcc/arm-none-eabi/9.2.1/../../../../arm-none-eabi/lib/thumb/v7e-m/nofp\libstdc++.a(class_type_info.o)
                0x0800f2f0                vtable for __cxxabiv1::__class_type_info
 .rodata._ZTIN10__cxxabiv120__si_class_type_infoE
                0x0800f31c        0xc d:/developper/mcu/stm32/env/gcc-arm-none-eabi-9-2019-q4/bin/../lib/gcc/arm-none-eabi/9.2.1/../../../../arm-none-eabi/lib/thumb/v7e-m/nofp\libstdc++.a(si_class_type_info.o)
                0x0800f31c                typeinfo for __cxxabiv1::__si_class_type_info
 .rodata._ZTSN10__cxxabiv120__si_class_type_infoE
                0x0800f328       0x25 d:/developper/mcu/stm32/env/gcc-arm-none-eabi-9-2019-q4/bin/../lib/gcc/arm-none-eabi/9.2.1/../../../../arm-none-eabi/lib/thumb/v7e-m/nofp\libstdc++.a(si_class_type_info.o)
                0x0800f328                typeinfo name for __cxxabiv1::__si_class_type_info
 *fill*         0x0800f34d        0x3 
 .rodata._ZTVN10__cxxabiv120__si_class_type_infoE
                0x0800f350       0x2c d:/developper/mcu/stm32/env/gcc-arm-none-eabi-9-2019-q4/bin/../lib/gcc/arm-none-eabi/9.2.1/../../../../arm-none-eabi/lib/thumb/v7e-m/nofp\libstdc++.a(si_class_type_info.o)
                0x0800f350                vtable for __cxxabiv1::__si_class_type_info
 .rodata._ZTISt9type_info
                0x0800f37c        0x8 d:/developper/mcu/stm32/env/gcc-arm-none-eabi-9-2019-q4/bin/../lib/gcc/arm-none-eabi/9.2.1/../../../../arm-none-eabi/lib/thumb/v7e-m/nofp\libstdc++.a(tinfo.o)
                0x0800f37c                typeinfo for std::type_info
 .rodata._ZTSSt9type_info
                0x0800f384        0xd d:/developper/mcu/stm32/env/gcc-arm-none-eabi-9-2019-q4/bin/../lib/gcc/arm-none-eabi/9.2.1/../../../../arm-none-eabi/lib/thumb/v7e-m/nofp\libstdc++.a(tinfo.o)
                0x0800f384                typeinfo name for std::type_info
 *fill*         0x0800f391        0x3 
 .rodata._global_impure_ptr
                0x0800f394        0x4 d:/developper/mcu/stm32/env/gcc-arm-none-eabi-9-2019-q4/bin/../lib/gcc/arm-none-eabi/9.2.1/../../../../arm-none-eabi/lib/thumb/v7e-m/nofp\libg.a(lib_a-impure.o)
                0x0800f394                _global_impure_ptr
 .rodata._vfprintf_r.str1.4
                0x0800f398       0x42 d:/developper/mcu/stm32/env/gcc-arm-none-eabi-9-2019-q4/bin/../lib/gcc/arm-none-eabi/9.2.1/../../../../arm-none-eabi/lib/thumb/v7e-m/nofp\libg.a(lib_a-vfprintf.o)
 *fill*         0x0800f3da        0x2 
 .rodata.blanks.7360
                0x0800f3dc       0x10 d:/developper/mcu/stm32/env/gcc-arm-none-eabi-9-2019-q4/bin/../lib/gcc/arm-none-eabi/9.2.1/../../../../arm-none-eabi/lib/thumb/v7e-m/nofp\libg.a(lib_a-vfprintf.o)
 .rodata.zeroes.7361
                0x0800f3ec       0x10 d:/developper/mcu/stm32/env/gcc-arm-none-eabi-9-2019-q4/bin/../lib/gcc/arm-none-eabi/9.2.1/../../../../arm-none-eabi/lib/thumb/v7e-m/nofp\libg.a(lib_a-vfprintf.o)
 .rodata._dtoa_r.str1.4
                0x0800f3fc        0xd d:/developper/mcu/stm32/env/gcc-arm-none-eabi-9-2019-q4/bin/../lib/gcc/arm-none-eabi/9.2.1/../../../../arm-none-eabi/lib/thumb/v7e-m/nofp\libg.a(lib_a-dtoa.o)
                                 0x12 (size before relaxing)
 *fill*         0x0800f409        0x7 
 .rodata.__mprec_bigtens
                0x0800f410       0x28 d:/developper/mcu/stm32/env/gcc-arm-none-eabi-9-2019-q4/bin/../lib/gcc/arm-none-eabi/9.2.1/../../../../arm-none-eabi/lib/thumb/v7e-m/nofp\libg.a(lib_a-mprec.o)
                0x0800f410                __mprec_bigtens
 .rodata.__mprec_tens
                0x0800f438       0xc8 d:/developper/mcu/stm32/env/gcc-arm-none-eabi-9-2019-q4/bin/../lib/gcc/arm-none-eabi/9.2.1/../../../../arm-none-eabi/lib/thumb/v7e-m/nofp\libg.a(lib_a-mprec.o)
                0x0800f438                __mprec_tens
 .rodata.p05.6115
                0x0800f500        0xc d:/developper/mcu/stm32/env/gcc-arm-none-eabi-9-2019-q4/bin/../lib/gcc/arm-none-eabi/9.2.1/../../../../arm-none-eabi/lib/thumb/v7e-m/nofp\libg.a(lib_a-mprec.o)
 .rodata._setlocale_r.str1.4
                0x0800f50c        0xa d:/developper/mcu/stm32/env/gcc-arm-none-eabi-9-2019-q4/bin/../lib/gcc/arm-none-eabi/9.2.1/../../../../arm-none-eabi/lib/thumb/v7e-m/nofp\libg.a(lib_a-locale.o)
                                  0xd (size before relaxing)
 *fill*         0x0800f516        0x2 
 .rodata.str1.4
                0x0800f518        0x2 d:/developper/mcu/stm32/env/gcc-arm-none-eabi-9-2019-q4/bin/../lib/gcc/arm-none-eabi/9.2.1/../../../../arm-none-eabi/lib/thumb/v7e-m/nofp\libg.a(lib_a-locale.o)
 *fill*         0x0800f51a        0x2 
 .rodata._ctype_
                0x0800f51c      0x101 d:/developper/mcu/stm32/env/gcc-arm-none-eabi-9-2019-q4/bin/../lib/gcc/arm-none-eabi/9.2.1/../../../../arm-none-eabi/lib/thumb/v7e-m/nofp\libg.a(lib_a-ctype_.o)
                0x0800f51c                _ctype_
                0x0800f620                . = ALIGN (0x4)
 *fill*         0x0800f61d        0x3 

.ARM.extab      0x0800f620       0x3c
                0x0800f620                . = ALIGN (0x4)
 *(.ARM.extab* .gnu.linkonce.armextab.*)
 .ARM.extab.text._ZN7LcdBase4TickEv
                0x0800f620        0xc CMakeFiles/STM32F4.elf.dir/Ctrl/Signal/lcd_base.cpp.obj
 .ARM.extab.text._ZN3Led11SetLedStateEhb
                0x0800f62c        0xc CMakeFiles/STM32F4.elf.dir/Port/led_stm32.cpp.obj
 .ARM.extab.text.Tim1Callback100Hz
                0x0800f638        0xc CMakeFiles/STM32F4.elf.dir/UserApp/main.cpp.obj
 .ARM.extab     0x0800f644       0x18 d:/developper/mcu/stm32/env/gcc-arm-none-eabi-9-2019-q4/bin/../lib/gcc/arm-none-eabi/9.2.1/thumb/v7e-m/nofp\libgcc.a(pr-support.o)
                0x0800f65c                . = ALIGN (0x4)

.ARM            0x0800f65c      0x110
                0x0800f65c                . = ALIGN (0x4)
                0x0800f65c                __exidx_start = .
 *(.ARM.exidx*)
 .ARM.exidx.text._ZN7LcdBase4TickEv
                0x0800f714        0x8 CMakeFiles/STM32F4.elf.dir/Ctrl/Signal/lcd_base.cpp.obj
 .ARM.exidx.text._ZN7LedBase4TickEbb
                0x0800f71c        0x8 CMakeFiles/STM32F4.elf.dir/Ctrl/Signal/led_base.cpp.obj
 .ARM.exidx.text._ZN7LedBase6ToggleEv
                0x0800f724        0x8 CMakeFiles/STM32F4.elf.dir/Ctrl/Signal/led_base.cpp.obj
 .ARM.exidx.text._ZN3Lcd11SetLcdStateEv
                0x0800f72c        0x8 CMakeFiles/STM32F4.elf.dir/Port/lcd_stm32.cpp.obj
 .ARM.exidx.text._ZN3Led11SetLedStateEhb
                0x0800f734        0x8 CMakeFiles/STM32F4.elf.dir/Port/led_stm32.cpp.obj
 .ARM.exidx.text.Main
                0x0800f73c        0x8 CMakeFiles/STM32F4.elf.dir/UserApp/main.cpp.obj
 .ARM.exidx.text.Tim1Callback100Hz
                0x0800f744        0x8 CMakeFiles/STM32F4.elf.dir/UserApp/main.cpp.obj
 .ARM.exidx.text._ZNK10__cxxabiv117__class_type_info11__do_upcastEPKS0_PPv
                0x0800f74c        0x8 d:/developper/mcu/stm32/env/gcc-arm-none-eabi-9-2019-q4/bin/../lib/gcc/arm-none-eabi/9.2.1/../../../../arm-none-eabi/lib/thumb/v7e-m/nofp\libstdc++.a(class_type_info.o)
 .ARM.exidx.text._ZNK10__cxxabiv117__class_type_info20__do_find_public_srcEiPKvPKS0_S2_
                0x0800f754        0x8 d:/developper/mcu/stm32/env/gcc-arm-none-eabi-9-2019-q4/bin/../lib/gcc/arm-none-eabi/9.2.1/../../../../arm-none-eabi/lib/thumb/v7e-m/nofp\libstdc++.a(class_type_info.o)
 .ARM.exidx.text._ZN10__cxxabiv117__class_type_infoD2Ev
                0x0800f75c        0x0 d:/developper/mcu/stm32/env/gcc-arm-none-eabi-9-2019-q4/bin/../lib/gcc/arm-none-eabi/9.2.1/../../../../arm-none-eabi/lib/thumb/v7e-m/nofp\libstdc++.a(class_type_info.o)
                                  0x8 (size before relaxing)
 .ARM.exidx.text._ZN10__cxxabiv117__class_type_infoD0Ev
                0x0800f75c        0x0 d:/developper/mcu/stm32/env/gcc-arm-none-eabi-9-2019-q4/bin/../lib/gcc/arm-none-eabi/9.2.1/../../../../arm-none-eabi/lib/thumb/v7e-m/nofp\libstdc++.a(class_type_info.o)
                                  0x8 (size before relaxing)
 .ARM.exidx.text._ZNK10__cxxabiv117__class_type_info12__do_dyncastEiNS0_10__sub_kindEPKS0_PKvS3_S5_RNS0_16__dyncast_resultE
                0x0800f75c        0x0 d:/developper/mcu/stm32/env/gcc-arm-none-eabi-9-2019-q4/bin/../lib/gcc/arm-none-eabi/9.2.1/../../../../arm-none-eabi/lib/thumb/v7e-m/nofp\libstdc++.a(class_type_info.o)
                                  0x8 (size before relaxing)
 .ARM.exidx.text._ZNK10__cxxabiv117__class_type_info11__do_upcastEPKS0_PKvRNS0_15__upcast_resultE
                0x0800f75c        0x0 d:/developper/mcu/stm32/env/gcc-arm-none-eabi-9-2019-q4/bin/../lib/gcc/arm-none-eabi/9.2.1/../../../../arm-none-eabi/lib/thumb/v7e-m/nofp\libstdc++.a(class_type_info.o)
                                  0x8 (size before relaxing)
 .ARM.exidx.text._ZNK10__cxxabiv117__class_type_info10__do_catchEPKSt9type_infoPPvj
                0x0800f75c        0x0 d:/developper/mcu/stm32/env/gcc-arm-none-eabi-9-2019-q4/bin/../lib/gcc/arm-none-eabi/9.2.1/../../../../arm-none-eabi/lib/thumb/v7e-m/nofp\libstdc++.a(class_type_info.o)
                                  0x8 (size before relaxing)
 .ARM.exidx.text._ZdlPvj
                0x0800f75c        0x0 d:/developper/mcu/stm32/env/gcc-arm-none-eabi-9-2019-q4/bin/../lib/gcc/arm-none-eabi/9.2.1/../../../../arm-none-eabi/lib/thumb/v7e-m/nofp\libstdc++.a(del_ops.o)
                                  0x8 (size before relaxing)
 .ARM.exidx.text._ZN10__cxxabiv120__si_class_type_infoD2Ev
                0x0800f75c        0x0 d:/developper/mcu/stm32/env/gcc-arm-none-eabi-9-2019-q4/bin/../lib/gcc/arm-none-eabi/9.2.1/../../../../arm-none-eabi/lib/thumb/v7e-m/nofp\libstdc++.a(si_class_type_info.o)
                                  0x8 (size before relaxing)
 .ARM.exidx.text._ZN10__cxxabiv120__si_class_type_infoD0Ev
                0x0800f75c        0x0 d:/developper/mcu/stm32/env/gcc-arm-none-eabi-9-2019-q4/bin/../lib/gcc/arm-none-eabi/9.2.1/../../../../arm-none-eabi/lib/thumb/v7e-m/nofp\libstdc++.a(si_class_type_info.o)
                                  0x8 (size before relaxing)
 .ARM.exidx.text._ZNK10__cxxabiv120__si_class_type_info20__do_find_public_srcEiPKvPKNS_17__class_type_infoES2_
                0x0800f75c        0x0 d:/developper/mcu/stm32/env/gcc-arm-none-eabi-9-2019-q4/bin/../lib/gcc/arm-none-eabi/9.2.1/../../../../arm-none-eabi/lib/thumb/v7e-m/nofp\libstdc++.a(si_class_type_info.o)
                                  0x8 (size before relaxing)
 .ARM.exidx.text._ZNK10__cxxabiv120__si_class_type_info12__do_dyncastEiNS_17__class_type_info10__sub_kindEPKS1_PKvS4_S6_RNS1_16__dyncast_resultE
                0x0800f75c        0x0 d:/developper/mcu/stm32/env/gcc-arm-none-eabi-9-2019-q4/bin/../lib/gcc/arm-none-eabi/9.2.1/../../../../arm-none-eabi/lib/thumb/v7e-m/nofp\libstdc++.a(si_class_type_info.o)
                                  0x8 (size before relaxing)
 .ARM.exidx.text._ZNK10__cxxabiv120__si_class_type_info11__do_upcastEPKNS_17__class_type_infoEPKvRNS1_15__upcast_resultE
                0x0800f75c        0x8 d:/developper/mcu/stm32/env/gcc-arm-none-eabi-9-2019-q4/bin/../lib/gcc/arm-none-eabi/9.2.1/../../../../arm-none-eabi/lib/thumb/v7e-m/nofp\libstdc++.a(si_class_type_info.o)
 .ARM.exidx.text._ZNSt9type_infoD2Ev
                0x0800f764        0x8 d:/developper/mcu/stm32/env/gcc-arm-none-eabi-9-2019-q4/bin/../lib/gcc/arm-none-eabi/9.2.1/../../../../arm-none-eabi/lib/thumb/v7e-m/nofp\libstdc++.a(tinfo.o)
 .ARM.exidx.text._ZNKSt9type_info14__is_pointer_pEv
                0x0800f76c        0x0 d:/developper/mcu/stm32/env/gcc-arm-none-eabi-9-2019-q4/bin/../lib/gcc/arm-none-eabi/9.2.1/../../../../arm-none-eabi/lib/thumb/v7e-m/nofp\libstdc++.a(tinfo.o)
                                  0x8 (size before relaxing)
 .ARM.exidx.text._ZNKSt9type_infoeqERKS_
                0x0800f76c        0x0 d:/developper/mcu/stm32/env/gcc-arm-none-eabi-9-2019-q4/bin/../lib/gcc/arm-none-eabi/9.2.1/../../../../arm-none-eabi/lib/thumb/v7e-m/nofp\libstdc++.a(tinfo.o)
                                  0x8 (size before relaxing)
 .ARM.exidx.text._ZdlPv
                0x0800f76c        0x0 d:/developper/mcu/stm32/env/gcc-arm-none-eabi-9-2019-q4/bin/../lib/gcc/arm-none-eabi/9.2.1/../../../../arm-none-eabi/lib/thumb/v7e-m/nofp\libstdc++.a(del_op.o)
                                  0x8 (size before relaxing)
 .ARM.exidx     0x0800f65c        0x8 d:/developper/mcu/stm32/env/gcc-arm-none-eabi-9-2019-q4/bin/../lib/gcc/arm-none-eabi/9.2.1/thumb/v7e-m/nofp\libgcc.a(_udivmoddi4.o)
 .ARM.exidx     0x0800f664       0x78 d:/developper/mcu/stm32/env/gcc-arm-none-eabi-9-2019-q4/bin/../lib/gcc/arm-none-eabi/9.2.1/thumb/v7e-m/nofp\libgcc.a(unwind-arm.o)
                                 0xd8 (size before relaxing)
 .ARM.exidx     0x0800f6dc       0x38 d:/developper/mcu/stm32/env/gcc-arm-none-eabi-9-2019-q4/bin/../lib/gcc/arm-none-eabi/9.2.1/thumb/v7e-m/nofp\libgcc.a(pr-support.o)
                0x0800f76c                __exidx_end = .
                0x0800f76c                . = ALIGN (0x4)

.rel.dyn        0x0800f76c        0x0
 .rel.iplt      0x0800f76c        0x0 d:/developper/mcu/stm32/env/gcc-arm-none-eabi-9-2019-q4/bin/../lib/gcc/arm-none-eabi/9.2.1/thumb/v7e-m/nofp/crtbegin.o

.preinit_array  0x0800f76c        0x0
                0x0800f76c                . = ALIGN (0x4)
                0x0800f76c                PROVIDE (__preinit_array_start = .)
 *(.preinit_array*)
                0x0800f76c                PROVIDE (__preinit_array_end = .)
                0x0800f76c                . = ALIGN (0x4)

.init_array     0x0800f76c        0x8
                0x0800f76c                . = ALIGN (0x4)
                0x0800f76c                PROVIDE (__init_array_start = .)
 *(SORT_BY_NAME(.init_array.*))
 .init_array.00000
                0x0800f76c        0x4 d:/developper/mcu/stm32/env/gcc-arm-none-eabi-9-2019-q4/bin/../lib/gcc/arm-none-eabi/9.2.1/../../../../arm-none-eabi/lib/thumb/v7e-m/nofp\libg.a(lib_a-__call_atexit.o)
 *(.init_array*)
 .init_array    0x0800f770        0x4 d:/developper/mcu/stm32/env/gcc-arm-none-eabi-9-2019-q4/bin/../lib/gcc/arm-none-eabi/9.2.1/thumb/v7e-m/nofp/crtbegin.o
                0x0800f774                PROVIDE (__init_array_end = .)
                0x0800f774                . = ALIGN (0x4)

.fini_array     0x0800f774        0x4
                0x0800f774                . = ALIGN (0x4)
                0x0800f774                PROVIDE (__fini_array_start = .)
 *(SORT_BY_NAME(.fini_array.*))
 *(.fini_array*)
 .fini_array    0x0800f774        0x4 d:/developper/mcu/stm32/env/gcc-arm-none-eabi-9-2019-q4/bin/../lib/gcc/arm-none-eabi/9.2.1/thumb/v7e-m/nofp/crtbegin.o
                0x0800f778                PROVIDE (__fini_array_end = .)
                0x0800f778                . = ALIGN (0x4)
                0x0800f778                _sidata = LOADADDR (.data)

.data           0x20000000      0x9f8 load address 0x0800f778
                0x20000000                . = ALIGN (0x4)
                0x20000000                _sdata = .
 *(.data)
 *(.data*)
 .data.BACK_COLOR
                0x20000000        0x2 CMakeFiles/STM32F4.elf.dir/Core/Src/lcd.c.obj
                0x20000000                BACK_COLOR
 *fill*         0x20000002        0x2 
 .data.SystemCoreClock
                0x20000004        0x4 CMakeFiles/STM32F4.elf.dir/Core/Src/system_stm32f4xx.c.obj
                0x20000004                SystemCoreClock
 .data.uwTickFreq
                0x20000008        0x1 CMakeFiles/STM32F4.elf.dir/Drivers/STM32F4xx_HAL_Driver/Src/stm32f4xx_hal.c.obj
                0x20000008                uwTickFreq
 *fill*         0x20000009        0x3 
 .data.uwTickPrio
                0x2000000c        0x4 CMakeFiles/STM32F4.elf.dir/Drivers/STM32F4xx_HAL_Driver/Src/stm32f4xx_hal.c.obj
                0x2000000c                uwTickPrio
 .data.statusLcd
                0x20000010       0x1c CMakeFiles/STM32F4.elf.dir/UserApp/main.cpp.obj
                0x20000010                statusLcd
 .data.statusLed
                0x2000002c       0x1c CMakeFiles/STM32F4.elf.dir/UserApp/main.cpp.obj
                0x2000002c                statusLed
 .data._impure_ptr
                0x20000048        0x4 d:/developper/mcu/stm32/env/gcc-arm-none-eabi-9-2019-q4/bin/../lib/gcc/arm-none-eabi/9.2.1/../../../../arm-none-eabi/lib/thumb/v7e-m/nofp\libg.a(lib_a-impure.o)
                0x20000048                _impure_ptr
 *fill*         0x2000004c        0x4 
 .data.impure_data
                0x20000050      0x428 d:/developper/mcu/stm32/env/gcc-arm-none-eabi-9-2019-q4/bin/../lib/gcc/arm-none-eabi/9.2.1/../../../../arm-none-eabi/lib/thumb/v7e-m/nofp\libg.a(lib_a-impure.o)
 .data.__malloc_av_
                0x20000478      0x408 d:/developper/mcu/stm32/env/gcc-arm-none-eabi-9-2019-q4/bin/../lib/gcc/arm-none-eabi/9.2.1/../../../../arm-none-eabi/lib/thumb/v7e-m/nofp\libg.a(lib_a-mallocr.o)
                0x20000478                __malloc_av_
 .data.__malloc_sbrk_base
                0x20000880        0x4 d:/developper/mcu/stm32/env/gcc-arm-none-eabi-9-2019-q4/bin/../lib/gcc/arm-none-eabi/9.2.1/../../../../arm-none-eabi/lib/thumb/v7e-m/nofp\libg.a(lib_a-mallocr.o)
                0x20000880                __malloc_sbrk_base
 .data.__malloc_trim_threshold
                0x20000884        0x4 d:/developper/mcu/stm32/env/gcc-arm-none-eabi-9-2019-q4/bin/../lib/gcc/arm-none-eabi/9.2.1/../../../../arm-none-eabi/lib/thumb/v7e-m/nofp\libg.a(lib_a-mallocr.o)
                0x20000884                __malloc_trim_threshold
 .data.__atexit_recursive_mutex
                0x20000888        0x4 d:/developper/mcu/stm32/env/gcc-arm-none-eabi-9-2019-q4/bin/../lib/gcc/arm-none-eabi/9.2.1/../../../../arm-none-eabi/lib/thumb/v7e-m/nofp\libg.a(lib_a-__call_atexit.o)
                0x20000888                __atexit_recursive_mutex
 .data.__global_locale
                0x2000088c      0x16c d:/developper/mcu/stm32/env/gcc-arm-none-eabi-9-2019-q4/bin/../lib/gcc/arm-none-eabi/9.2.1/../../../../arm-none-eabi/lib/thumb/v7e-m/nofp\libg.a(lib_a-locale.o)
                0x2000088c                __global_locale
 *(.RamFunc)
 *(.RamFunc*)
                0x200009f8                . = ALIGN (0x4)
                0x200009f8                _edata = .
                0x08010170                _siccmram = LOADADDR (.ccmram)

.igot.plt       0x200009f8        0x0 load address 0x08010170
 .igot.plt      0x200009f8        0x0 d:/developper/mcu/stm32/env/gcc-arm-none-eabi-9-2019-q4/bin/../lib/gcc/arm-none-eabi/9.2.1/thumb/v7e-m/nofp/crtbegin.o

.ccmram         0x10000000        0x0 load address 0x08010170
                0x10000000                . = ALIGN (0x4)
                0x10000000                _sccmram = .
 *(.ccmram)
 *(.ccmram*)
                0x10000000                . = ALIGN (0x4)
                0x10000000                _eccmram = .
                0x10000000                . = ALIGN (0x4)

.bss            0x200009f8      0x30c
                0x200009f8                _sbss = .
                0x200009f8                __bss_start__ = _sbss
 *(.bss)
 .bss           0x200009f8       0x1c d:/developper/mcu/stm32/env/gcc-arm-none-eabi-9-2019-q4/bin/../lib/gcc/arm-none-eabi/9.2.1/thumb/v7e-m/nofp/crtbegin.o
 *(.bss*)
 .bss.FSMC_Initialized
                0x20000a14        0x4 CMakeFiles/STM32F4.elf.dir/Core/Src/fsmc.c.obj
 .bss.hsram1    0x20000a18       0x50 CMakeFiles/STM32F4.elf.dir/Core/Src/fsmc.c.obj
                0x20000a18                hsram1
 .bss.POINT_COLOR
                0x20000a68        0x2 CMakeFiles/STM32F4.elf.dir/Core/Src/lcd.c.obj
                0x20000a68                POINT_COLOR
 *fill*         0x20000a6a        0x2 
 .bss.lcddev    0x20000a6c        0xe CMakeFiles/STM32F4.elf.dir/Core/Src/lcd.c.obj
                0x20000a6c                lcddev
 *fill*         0x20000a7a        0x2 
 .bss.__sbrk_heap_end
                0x20000a7c        0x4 CMakeFiles/STM32F4.elf.dir/Core/Src/sysmem.c.obj
 .bss.htim1     0x20000a80       0x48 CMakeFiles/STM32F4.elf.dir/Core/Src/tim.c.obj
                0x20000a80                htim1
 .bss.htim7     0x20000ac8       0x48 CMakeFiles/STM32F4.elf.dir/Core/Src/tim.c.obj
                0x20000ac8                htim7
 .bss.hdma_usart1_rx
                0x20000b10       0x60 CMakeFiles/STM32F4.elf.dir/Core/Src/usart.c.obj
                0x20000b10                hdma_usart1_rx
 .bss.hdma_usart1_tx
                0x20000b70       0x60 CMakeFiles/STM32F4.elf.dir/Core/Src/usart.c.obj
                0x20000b70                hdma_usart1_tx
 .bss.huart1    0x20000bd0       0x44 CMakeFiles/STM32F4.elf.dir/Core/Src/usart.c.obj
                0x20000bd0                huart1
 .bss.rx_buffer
                0x20000c14       0x80 CMakeFiles/STM32F4.elf.dir/Core/Src/usart.c.obj
                0x20000c14                rx_buffer
 .bss._ZZN7LedBase6ToggleEvE5state
                0x20000c94        0x1 CMakeFiles/STM32F4.elf.dir/Ctrl/Signal/led_base.cpp.obj
 *fill*         0x20000c95        0x3 
 .bss.uwTick    0x20000c98        0x4 CMakeFiles/STM32F4.elf.dir/Drivers/STM32F4xx_HAL_Driver/Src/stm32f4xx_hal.c.obj
                0x20000c98                uwTick
 .bss.gHuart    0x20000c9c        0x4 CMakeFiles/STM32F4.elf.dir/Port/Platform/retarget.c.obj
                0x20000c9c                gHuart
 .bss._ZZN3Lcd11SetLcdStateEvE1x